[0.077s] Invoking command in '/home/hassan/ros-tuts/partrolbot_ws/build/turtlebot3_msgs': CMAKE_PREFIX_PATH=${CMAKE_PREFIX_PATH}:/opt/ros/humble /usr/bin/cmake --build /home/hassan/ros-tuts/partrolbot_ws/build/turtlebot3_msgs -- -j8 -l8
[0.223s] [35m[1mConsolidate compiler generated dependencies of target turtlebot3_msgs__rosidl_generator_c[0m
[0.247s] [  1%] Built target turtlebot3_msgs__cpp
[0.262s] [  1%] Built target ament_cmake_python_symlink_turtlebot3_msgs
[0.299s] [ 12%] Built target turtlebot3_msgs__rosidl_generator_c
[0.303s] [35m[1mConsolidate compiler generated dependencies of target turtlebot3_msgs__rosidl_typesupport_cpp[0m
[0.305s] [35m[1mConsolidate compiler generated dependencies of target turtlebot3_msgs__rosidl_typesupport_fastrtps_cpp[0m
[0.377s] [35m[1mConsolidate compiler generated dependencies of target turtlebot3_msgs__rosidl_typesupport_fastrtps_c[0m
[0.382s] [35m[1mConsolidate compiler generated dependencies of target turtlebot3_msgs__rosidl_typesupport_introspection_cpp[0m
[0.393s] [35m[1mConsolidate compiler generated dependencies of target turtlebot3_msgs__rosidl_typesupport_c[0m
[0.429s] [35m[1mConsolidate compiler generated dependencies of target turtlebot3_msgs__rosidl_typesupport_introspection_c[0m
[0.441s] [ 23%] Built target turtlebot3_msgs__rosidl_typesupport_fastrtps_cpp
[0.466s] [ 46%] Built target turtlebot3_msgs__rosidl_typesupport_fastrtps_c
[0.472s] [ 43%] Built target turtlebot3_msgs__rosidl_typesupport_cpp
[0.489s] [ 57%] Built target turtlebot3_msgs__rosidl_typesupport_c
[0.503s] [ 69%] Built target turtlebot3_msgs__rosidl_typesupport_introspection_cpp
[0.510s] [ 80%] Built target turtlebot3_msgs__rosidl_typesupport_introspection_c
[0.611s] [ 80%] Built target turtlebot3_msgs
[0.675s] [ 81%] Built target turtlebot3_msgs__py
[0.741s] [35m[1mConsolidate compiler generated dependencies of target turtlebot3_msgs__rosidl_generator_py[0m
[0.822s] [ 91%] Built target turtlebot3_msgs__rosidl_generator_py
[0.882s] [35m[1mConsolidate compiler generated dependencies of target turtlebot3_msgs__rosidl_typesupport_fastrtps_c__pyext[0m
[0.882s] [35m[1mConsolidate compiler generated dependencies of target turtlebot3_msgs__rosidl_typesupport_introspection_c__pyext[0m
[0.882s] [35m[1mConsolidate compiler generated dependencies of target turtlebot3_msgs__rosidl_typesupport_c__pyext[0m
[0.912s] [ 94%] Built target turtlebot3_msgs__rosidl_typesupport_fastrtps_c__pyext
[0.927s] [ 97%] Built target turtlebot3_msgs__rosidl_typesupport_introspection_c__pyext
[0.927s] [100%] Built target turtlebot3_msgs__rosidl_typesupport_c__pyext
[1.157s] running egg_info
[1.159s] writing turtlebot3_msgs.egg-info/PKG-INFO
[1.160s] writing dependency_links to turtlebot3_msgs.egg-info/dependency_links.txt
[1.161s] writing top-level names to turtlebot3_msgs.egg-info/top_level.txt
[1.167s] reading manifest file 'turtlebot3_msgs.egg-info/SOURCES.txt'
[1.170s] writing manifest file 'turtlebot3_msgs.egg-info/SOURCES.txt'
[1.230s] [100%] Built target ament_cmake_python_build_turtlebot3_msgs_egg
[1.638s] Invoked command in '/home/hassan/ros-tuts/partrolbot_ws/build/turtlebot3_msgs' returned '0': CMAKE_PREFIX_PATH=${CMAKE_PREFIX_PATH}:/opt/ros/humble /usr/bin/cmake --build /home/hassan/ros-tuts/partrolbot_ws/build/turtlebot3_msgs -- -j8 -l8
[2.397s] Invoking command in '/home/hassan/ros-tuts/partrolbot_ws/build/turtlebot3_msgs': CMAKE_PREFIX_PATH=${CMAKE_PREFIX_PATH}:/opt/ros/humble /usr/bin/cmake --install /home/hassan/ros-tuts/partrolbot_ws/build/turtlebot3_msgs
[2.413s] -- Install configuration: ""
[2.414s] -- Execute custom install script
[2.415s] -- Up-to-date symlink: /home/hassan/ros-tuts/partrolbot_ws/install/turtlebot3_msgs/share/ament_index/resource_index/rosidl_interfaces/turtlebot3_msgs
[2.417s] -- Up-to-date symlink: /home/hassan/ros-tuts/partrolbot_ws/install/turtlebot3_msgs/include/turtlebot3_msgs/turtlebot3_msgs/action/detail/patrol__functions.h
[2.417s] -- Up-to-date symlink: /home/hassan/ros-tuts/partrolbot_ws/install/turtlebot3_msgs/include/turtlebot3_msgs/turtlebot3_msgs/action/detail/patrol__struct.h
[2.418s] -- Up-to-date symlink: /home/hassan/ros-tuts/partrolbot_ws/install/turtlebot3_msgs/include/turtlebot3_msgs/turtlebot3_msgs/action/detail/patrol__type_support.h
[2.418s] -- Up-to-date symlink: /home/hassan/ros-tuts/partrolbot_ws/install/turtlebot3_msgs/include/turtlebot3_msgs/turtlebot3_msgs/action/patrol.h
[2.418s] -- Up-to-date symlink: /home/hassan/ros-tuts/partrolbot_ws/install/turtlebot3_msgs/include/turtlebot3_msgs/turtlebot3_msgs/msg/detail/sensor_state__functions.h
[2.419s] -- Up-to-date symlink: /home/hassan/ros-tuts/partrolbot_ws/install/turtlebot3_msgs/include/turtlebot3_msgs/turtlebot3_msgs/msg/detail/sensor_state__struct.h
[2.419s] -- Up-to-date symlink: /home/hassan/ros-tuts/partrolbot_ws/install/turtlebot3_msgs/include/turtlebot3_msgs/turtlebot3_msgs/msg/detail/sensor_state__type_support.h
[2.420s] -- Up-to-date symlink: /home/hassan/ros-tuts/partrolbot_ws/install/turtlebot3_msgs/include/turtlebot3_msgs/turtlebot3_msgs/msg/detail/sound__functions.h
[2.420s] -- Up-to-date symlink: /home/hassan/ros-tuts/partrolbot_ws/install/turtlebot3_msgs/include/turtlebot3_msgs/turtlebot3_msgs/msg/detail/sound__struct.h
[2.420s] -- Up-to-date symlink: /home/hassan/ros-tuts/partrolbot_ws/install/turtlebot3_msgs/include/turtlebot3_msgs/turtlebot3_msgs/msg/detail/sound__type_support.h
[2.421s] -- Up-to-date symlink: /home/hassan/ros-tuts/partrolbot_ws/install/turtlebot3_msgs/include/turtlebot3_msgs/turtlebot3_msgs/msg/detail/version_info__functions.h
[2.421s] -- Up-to-date symlink: /home/hassan/ros-tuts/partrolbot_ws/install/turtlebot3_msgs/include/turtlebot3_msgs/turtlebot3_msgs/msg/detail/version_info__struct.h
[2.422s] -- Up-to-date symlink: /home/hassan/ros-tuts/partrolbot_ws/install/turtlebot3_msgs/include/turtlebot3_msgs/turtlebot3_msgs/msg/detail/version_info__type_support.h
[2.422s] -- Up-to-date symlink: /home/hassan/ros-tuts/partrolbot_ws/install/turtlebot3_msgs/include/turtlebot3_msgs/turtlebot3_msgs/msg/rosidl_generator_c__visibility_control.h
[2.423s] -- Up-to-date symlink: /home/hassan/ros-tuts/partrolbot_ws/install/turtlebot3_msgs/include/turtlebot3_msgs/turtlebot3_msgs/msg/sensor_state.h
[2.424s] -- Up-to-date symlink: /home/hassan/ros-tuts/partrolbot_ws/install/turtlebot3_msgs/include/turtlebot3_msgs/turtlebot3_msgs/msg/sound.h
[2.424s] -- Up-to-date symlink: /home/hassan/ros-tuts/partrolbot_ws/install/turtlebot3_msgs/include/turtlebot3_msgs/turtlebot3_msgs/msg/version_info.h
[2.425s] -- Up-to-date symlink: /home/hassan/ros-tuts/partrolbot_ws/install/turtlebot3_msgs/include/turtlebot3_msgs/turtlebot3_msgs/srv/detail/dqn__functions.h
[2.425s] -- Up-to-date symlink: /home/hassan/ros-tuts/partrolbot_ws/install/turtlebot3_msgs/include/turtlebot3_msgs/turtlebot3_msgs/srv/detail/dqn__struct.h
[2.425s] -- Up-to-date symlink: /home/hassan/ros-tuts/partrolbot_ws/install/turtlebot3_msgs/include/turtlebot3_msgs/turtlebot3_msgs/srv/detail/dqn__type_support.h
[2.426s] -- Up-to-date symlink: /home/hassan/ros-tuts/partrolbot_ws/install/turtlebot3_msgs/include/turtlebot3_msgs/turtlebot3_msgs/srv/detail/sound__functions.h
[2.426s] -- Up-to-date symlink: /home/hassan/ros-tuts/partrolbot_ws/install/turtlebot3_msgs/include/turtlebot3_msgs/turtlebot3_msgs/srv/detail/sound__struct.h
[2.427s] -- Up-to-date symlink: /home/hassan/ros-tuts/partrolbot_ws/install/turtlebot3_msgs/include/turtlebot3_msgs/turtlebot3_msgs/srv/detail/sound__type_support.h
[2.428s] -- Up-to-date symlink: /home/hassan/ros-tuts/partrolbot_ws/install/turtlebot3_msgs/include/turtlebot3_msgs/turtlebot3_msgs/srv/dqn.h
[2.428s] -- Up-to-date symlink: /home/hassan/ros-tuts/partrolbot_ws/install/turtlebot3_msgs/include/turtlebot3_msgs/turtlebot3_msgs/srv/sound.h
[2.428s] -- Up-to-date symlink: /home/hassan/ros-tuts/partrolbot_ws/install/turtlebot3_msgs/share/turtlebot3_msgs/environment/library_path.sh
[2.430s] -- Up-to-date symlink: /home/hassan/ros-tuts/partrolbot_ws/install/turtlebot3_msgs/share/turtlebot3_msgs/environment/library_path.dsv
[2.430s] -- Up-to-date symlink: /home/hassan/ros-tuts/partrolbot_ws/install/turtlebot3_msgs/include/turtlebot3_msgs/turtlebot3_msgs/action/detail/patrol__rosidl_typesupport_fastrtps_c.h
[2.431s] -- Up-to-date symlink: /home/hassan/ros-tuts/partrolbot_ws/install/turtlebot3_msgs/include/turtlebot3_msgs/turtlebot3_msgs/msg/detail/sensor_state__rosidl_typesupport_fastrtps_c.h
[2.432s] -- Up-to-date symlink: /home/hassan/ros-tuts/partrolbot_ws/install/turtlebot3_msgs/include/turtlebot3_msgs/turtlebot3_msgs/msg/detail/sound__rosidl_typesupport_fastrtps_c.h
[2.432s] -- Up-to-date symlink: /home/hassan/ros-tuts/partrolbot_ws/install/turtlebot3_msgs/include/turtlebot3_msgs/turtlebot3_msgs/msg/detail/version_info__rosidl_typesupport_fastrtps_c.h
[2.432s] -- Up-to-date symlink: /home/hassan/ros-tuts/partrolbot_ws/install/turtlebot3_msgs/include/turtlebot3_msgs/turtlebot3_msgs/msg/rosidl_typesupport_fastrtps_c__visibility_control.h
[2.433s] -- Up-to-date symlink: /home/hassan/ros-tuts/partrolbot_ws/install/turtlebot3_msgs/include/turtlebot3_msgs/turtlebot3_msgs/srv/detail/dqn__rosidl_typesupport_fastrtps_c.h
[2.433s] -- Up-to-date symlink: /home/hassan/ros-tuts/partrolbot_ws/install/turtlebot3_msgs/include/turtlebot3_msgs/turtlebot3_msgs/srv/detail/sound__rosidl_typesupport_fastrtps_c.h
[2.435s] -- Up-to-date symlink: /home/hassan/ros-tuts/partrolbot_ws/install/turtlebot3_msgs/include/turtlebot3_msgs/turtlebot3_msgs/action/detail/patrol__builder.hpp
[2.436s] -- Up-to-date symlink: /home/hassan/ros-tuts/partrolbot_ws/install/turtlebot3_msgs/include/turtlebot3_msgs/turtlebot3_msgs/action/detail/patrol__struct.hpp
[2.437s] -- Up-to-date symlink: /home/hassan/ros-tuts/partrolbot_ws/install/turtlebot3_msgs/include/turtlebot3_msgs/turtlebot3_msgs/action/detail/patrol__traits.hpp
[2.437s] -- Up-to-date symlink: /home/hassan/ros-tuts/partrolbot_ws/install/turtlebot3_msgs/include/turtlebot3_msgs/turtlebot3_msgs/action/patrol.hpp
[2.438s] -- Up-to-date symlink: /home/hassan/ros-tuts/partrolbot_ws/install/turtlebot3_msgs/include/turtlebot3_msgs/turtlebot3_msgs/msg/detail/sensor_state__builder.hpp
[2.438s] -- Up-to-date symlink: /home/hassan/ros-tuts/partrolbot_ws/install/turtlebot3_msgs/include/turtlebot3_msgs/turtlebot3_msgs/msg/detail/sensor_state__struct.hpp
[2.439s] -- Up-to-date symlink: /home/hassan/ros-tuts/partrolbot_ws/install/turtlebot3_msgs/include/turtlebot3_msgs/turtlebot3_msgs/msg/detail/sensor_state__traits.hpp
[2.439s] -- Up-to-date symlink: /home/hassan/ros-tuts/partrolbot_ws/install/turtlebot3_msgs/include/turtlebot3_msgs/turtlebot3_msgs/msg/detail/sound__builder.hpp
[2.440s] -- Up-to-date symlink: /home/hassan/ros-tuts/partrolbot_ws/install/turtlebot3_msgs/include/turtlebot3_msgs/turtlebot3_msgs/msg/detail/sound__struct.hpp
[2.442s] -- Up-to-date symlink: /home/hassan/ros-tuts/partrolbot_ws/install/turtlebot3_msgs/include/turtlebot3_msgs/turtlebot3_msgs/msg/detail/sound__traits.hpp
[2.442s] -- Up-to-date symlink: /home/hassan/ros-tuts/partrolbot_ws/install/turtlebot3_msgs/include/turtlebot3_msgs/turtlebot3_msgs/msg/detail/version_info__builder.hpp
[2.443s] -- Up-to-date symlink: /home/hassan/ros-tuts/partrolbot_ws/install/turtlebot3_msgs/include/turtlebot3_msgs/turtlebot3_msgs/msg/detail/version_info__struct.hpp
[2.443s] -- Up-to-date symlink: /home/hassan/ros-tuts/partrolbot_ws/install/turtlebot3_msgs/include/turtlebot3_msgs/turtlebot3_msgs/msg/detail/version_info__traits.hpp
[2.444s] -- Up-to-date symlink: /home/hassan/ros-tuts/partrolbot_ws/install/turtlebot3_msgs/include/turtlebot3_msgs/turtlebot3_msgs/msg/sensor_state.hpp
[2.444s] -- Up-to-date symlink: /home/hassan/ros-tuts/partrolbot_ws/install/turtlebot3_msgs/include/turtlebot3_msgs/turtlebot3_msgs/msg/sound.hpp
[2.445s] -- Up-to-date symlink: /home/hassan/ros-tuts/partrolbot_ws/install/turtlebot3_msgs/include/turtlebot3_msgs/turtlebot3_msgs/msg/version_info.hpp
[2.445s] -- Up-to-date symlink: /home/hassan/ros-tuts/partrolbot_ws/install/turtlebot3_msgs/include/turtlebot3_msgs/turtlebot3_msgs/srv/detail/dqn__builder.hpp
[2.446s] -- Up-to-date symlink: /home/hassan/ros-tuts/partrolbot_ws/install/turtlebot3_msgs/include/turtlebot3_msgs/turtlebot3_msgs/srv/detail/dqn__struct.hpp
[2.446s] -- Up-to-date symlink: /home/hassan/ros-tuts/partrolbot_ws/install/turtlebot3_msgs/include/turtlebot3_msgs/turtlebot3_msgs/srv/detail/dqn__traits.hpp
[2.446s] -- Up-to-date symlink: /home/hassan/ros-tuts/partrolbot_ws/install/turtlebot3_msgs/include/turtlebot3_msgs/turtlebot3_msgs/srv/detail/sound__builder.hpp
[2.447s] -- Up-to-date symlink: /home/hassan/ros-tuts/partrolbot_ws/install/turtlebot3_msgs/include/turtlebot3_msgs/turtlebot3_msgs/srv/detail/sound__struct.hpp
[2.447s] -- Up-to-date symlink: /home/hassan/ros-tuts/partrolbot_ws/install/turtlebot3_msgs/include/turtlebot3_msgs/turtlebot3_msgs/srv/detail/sound__traits.hpp
[2.447s] -- Up-to-date symlink: /home/hassan/ros-tuts/partrolbot_ws/install/turtlebot3_msgs/include/turtlebot3_msgs/turtlebot3_msgs/srv/dqn.hpp
[2.448s] -- Up-to-date symlink: /home/hassan/ros-tuts/partrolbot_ws/install/turtlebot3_msgs/include/turtlebot3_msgs/turtlebot3_msgs/srv/sound.hpp
[2.449s] -- Up-to-date symlink: /home/hassan/ros-tuts/partrolbot_ws/install/turtlebot3_msgs/include/turtlebot3_msgs/turtlebot3_msgs/action/detail/patrol__rosidl_typesupport_fastrtps_cpp.hpp
[2.450s] -- Up-to-date symlink: /home/hassan/ros-tuts/partrolbot_ws/install/turtlebot3_msgs/include/turtlebot3_msgs/turtlebot3_msgs/msg/detail/sensor_state__rosidl_typesupport_fastrtps_cpp.hpp
[2.451s] -- Up-to-date symlink: /home/hassan/ros-tuts/partrolbot_ws/install/turtlebot3_msgs/include/turtlebot3_msgs/turtlebot3_msgs/msg/detail/sound__rosidl_typesupport_fastrtps_cpp.hpp
[2.452s] -- Up-to-date symlink: /home/hassan/ros-tuts/partrolbot_ws/install/turtlebot3_msgs/include/turtlebot3_msgs/turtlebot3_msgs/msg/detail/version_info__rosidl_typesupport_fastrtps_cpp.hpp
[2.453s] -- Up-to-date symlink: /home/hassan/ros-tuts/partrolbot_ws/install/turtlebot3_msgs/include/turtlebot3_msgs/turtlebot3_msgs/msg/rosidl_typesupport_fastrtps_cpp__visibility_control.h
[2.453s] -- Up-to-date symlink: /home/hassan/ros-tuts/partrolbot_ws/install/turtlebot3_msgs/include/turtlebot3_msgs/turtlebot3_msgs/srv/detail/dqn__rosidl_typesupport_fastrtps_cpp.hpp
[2.454s] -- Up-to-date symlink: /home/hassan/ros-tuts/partrolbot_ws/install/turtlebot3_msgs/include/turtlebot3_msgs/turtlebot3_msgs/srv/detail/sound__rosidl_typesupport_fastrtps_cpp.hpp
[2.454s] -- Up-to-date symlink: /home/hassan/ros-tuts/partrolbot_ws/install/turtlebot3_msgs/include/turtlebot3_msgs/turtlebot3_msgs/action/detail/patrol__rosidl_typesupport_introspection_c.h
[2.455s] -- Up-to-date symlink: /home/hassan/ros-tuts/partrolbot_ws/install/turtlebot3_msgs/include/turtlebot3_msgs/turtlebot3_msgs/msg/detail/sensor_state__rosidl_typesupport_introspection_c.h
[2.455s] -- Up-to-date symlink: /home/hassan/ros-tuts/partrolbot_ws/install/turtlebot3_msgs/include/turtlebot3_msgs/turtlebot3_msgs/msg/detail/sound__rosidl_typesupport_introspection_c.h
[2.457s] -- Up-to-date symlink: /home/hassan/ros-tuts/partrolbot_ws/install/turtlebot3_msgs/include/turtlebot3_msgs/turtlebot3_msgs/msg/detail/version_info__rosidl_typesupport_introspection_c.h
[2.458s] -- Up-to-date symlink: /home/hassan/ros-tuts/partrolbot_ws/install/turtlebot3_msgs/include/turtlebot3_msgs/turtlebot3_msgs/msg/rosidl_typesupport_introspection_c__visibility_control.h
[2.458s] -- Up-to-date symlink: /home/hassan/ros-tuts/partrolbot_ws/install/turtlebot3_msgs/include/turtlebot3_msgs/turtlebot3_msgs/srv/detail/dqn__rosidl_typesupport_introspection_c.h
[2.459s] -- Up-to-date symlink: /home/hassan/ros-tuts/partrolbot_ws/install/turtlebot3_msgs/include/turtlebot3_msgs/turtlebot3_msgs/srv/detail/sound__rosidl_typesupport_introspection_c.h
[2.460s] -- Up-to-date symlink: /home/hassan/ros-tuts/partrolbot_ws/install/turtlebot3_msgs/include/turtlebot3_msgs/turtlebot3_msgs/action/detail/patrol__rosidl_typesupport_introspection_cpp.hpp
[2.461s] -- Up-to-date symlink: /home/hassan/ros-tuts/partrolbot_ws/install/turtlebot3_msgs/include/turtlebot3_msgs/turtlebot3_msgs/msg/detail/sensor_state__rosidl_typesupport_introspection_cpp.hpp
[2.461s] -- Up-to-date symlink: /home/hassan/ros-tuts/partrolbot_ws/install/turtlebot3_msgs/include/turtlebot3_msgs/turtlebot3_msgs/msg/detail/sound__rosidl_typesupport_introspection_cpp.hpp
[2.462s] -- Up-to-date symlink: /home/hassan/ros-tuts/partrolbot_ws/install/turtlebot3_msgs/include/turtlebot3_msgs/turtlebot3_msgs/msg/detail/version_info__rosidl_typesupport_introspection_cpp.hpp
[2.462s] -- Up-to-date symlink: /home/hassan/ros-tuts/partrolbot_ws/install/turtlebot3_msgs/include/turtlebot3_msgs/turtlebot3_msgs/srv/detail/dqn__rosidl_typesupport_introspection_cpp.hpp
[2.463s] -- Up-to-date symlink: /home/hassan/ros-tuts/partrolbot_ws/install/turtlebot3_msgs/include/turtlebot3_msgs/turtlebot3_msgs/srv/detail/sound__rosidl_typesupport_introspection_cpp.hpp
[2.464s] -- Up-to-date symlink: /home/hassan/ros-tuts/partrolbot_ws/install/turtlebot3_msgs/share/turtlebot3_msgs/environment/pythonpath.sh
[2.464s] -- Up-to-date symlink: /home/hassan/ros-tuts/partrolbot_ws/install/turtlebot3_msgs/share/turtlebot3_msgs/environment/pythonpath.dsv
[2.466s] -- Up-to-date symlink: /home/hassan/ros-tuts/partrolbot_ws/install/turtlebot3_msgs/local/lib/python3.10/dist-packages/turtlebot3_msgs-2.2.3-py3.10.egg-info/PKG-INFO
[2.467s] -- Up-to-date symlink: /home/hassan/ros-tuts/partrolbot_ws/install/turtlebot3_msgs/local/lib/python3.10/dist-packages/turtlebot3_msgs-2.2.3-py3.10.egg-info/SOURCES.txt
[2.467s] -- Up-to-date symlink: /home/hassan/ros-tuts/partrolbot_ws/install/turtlebot3_msgs/local/lib/python3.10/dist-packages/turtlebot3_msgs-2.2.3-py3.10.egg-info/dependency_links.txt
[2.468s] -- Up-to-date symlink: /home/hassan/ros-tuts/partrolbot_ws/install/turtlebot3_msgs/local/lib/python3.10/dist-packages/turtlebot3_msgs-2.2.3-py3.10.egg-info/top_level.txt
[2.470s] -- Up-to-date symlink: /home/hassan/ros-tuts/partrolbot_ws/install/turtlebot3_msgs/local/lib/python3.10/dist-packages/turtlebot3_msgs/__init__.py
[2.471s] -- Up-to-date symlink: /home/hassan/ros-tuts/partrolbot_ws/install/turtlebot3_msgs/local/lib/python3.10/dist-packages/turtlebot3_msgs/_turtlebot3_msgs_s.ep.rosidl_typesupport_c.c
[2.472s] -- Up-to-date symlink: /home/hassan/ros-tuts/partrolbot_ws/install/turtlebot3_msgs/local/lib/python3.10/dist-packages/turtlebot3_msgs/_turtlebot3_msgs_s.ep.rosidl_typesupport_fastrtps_c.c
[2.472s] -- Up-to-date symlink: /home/hassan/ros-tuts/partrolbot_ws/install/turtlebot3_msgs/local/lib/python3.10/dist-packages/turtlebot3_msgs/_turtlebot3_msgs_s.ep.rosidl_typesupport_introspection_c.c
[2.473s] -- Up-to-date symlink: /home/hassan/ros-tuts/partrolbot_ws/install/turtlebot3_msgs/local/lib/python3.10/dist-packages/turtlebot3_msgs/action/__init__.py
[2.474s] -- Up-to-date symlink: /home/hassan/ros-tuts/partrolbot_ws/install/turtlebot3_msgs/local/lib/python3.10/dist-packages/turtlebot3_msgs/action/_patrol.py
[2.474s] -- Up-to-date symlink: /home/hassan/ros-tuts/partrolbot_ws/install/turtlebot3_msgs/local/lib/python3.10/dist-packages/turtlebot3_msgs/action/_patrol_s.c
[2.475s] -- Up-to-date symlink: /home/hassan/ros-tuts/partrolbot_ws/install/turtlebot3_msgs/local/lib/python3.10/dist-packages/turtlebot3_msgs/libturtlebot3_msgs__rosidl_generator_py.so
[2.476s] -- Up-to-date symlink: /home/hassan/ros-tuts/partrolbot_ws/install/turtlebot3_msgs/local/lib/python3.10/dist-packages/turtlebot3_msgs/msg/__init__.py
[2.476s] -- Up-to-date symlink: /home/hassan/ros-tuts/partrolbot_ws/install/turtlebot3_msgs/local/lib/python3.10/dist-packages/turtlebot3_msgs/msg/_sensor_state.py
[2.477s] -- Up-to-date symlink: /home/hassan/ros-tuts/partrolbot_ws/install/turtlebot3_msgs/local/lib/python3.10/dist-packages/turtlebot3_msgs/msg/_sensor_state_s.c
[2.478s] -- Up-to-date symlink: /home/hassan/ros-tuts/partrolbot_ws/install/turtlebot3_msgs/local/lib/python3.10/dist-packages/turtlebot3_msgs/msg/_sound.py
[2.478s] -- Up-to-date symlink: /home/hassan/ros-tuts/partrolbot_ws/install/turtlebot3_msgs/local/lib/python3.10/dist-packages/turtlebot3_msgs/msg/_sound_s.c
[2.478s] -- Up-to-date symlink: /home/hassan/ros-tuts/partrolbot_ws/install/turtlebot3_msgs/local/lib/python3.10/dist-packages/turtlebot3_msgs/msg/_version_info.py
[2.479s] -- Up-to-date symlink: /home/hassan/ros-tuts/partrolbot_ws/install/turtlebot3_msgs/local/lib/python3.10/dist-packages/turtlebot3_msgs/msg/_version_info_s.c
[2.480s] -- Up-to-date symlink: /home/hassan/ros-tuts/partrolbot_ws/install/turtlebot3_msgs/local/lib/python3.10/dist-packages/turtlebot3_msgs/srv/__init__.py
[2.480s] -- Up-to-date symlink: /home/hassan/ros-tuts/partrolbot_ws/install/turtlebot3_msgs/local/lib/python3.10/dist-packages/turtlebot3_msgs/srv/_dqn.py
[2.481s] -- Up-to-date symlink: /home/hassan/ros-tuts/partrolbot_ws/install/turtlebot3_msgs/local/lib/python3.10/dist-packages/turtlebot3_msgs/srv/_dqn_s.c
[2.481s] -- Up-to-date symlink: /home/hassan/ros-tuts/partrolbot_ws/install/turtlebot3_msgs/local/lib/python3.10/dist-packages/turtlebot3_msgs/srv/_sound.py
[2.481s] -- Up-to-date symlink: /home/hassan/ros-tuts/partrolbot_ws/install/turtlebot3_msgs/local/lib/python3.10/dist-packages/turtlebot3_msgs/srv/_sound_s.c
[2.482s] -- Up-to-date symlink: /home/hassan/ros-tuts/partrolbot_ws/install/turtlebot3_msgs/local/lib/python3.10/dist-packages/turtlebot3_msgs/turtlebot3_msgs_s__rosidl_typesupport_c.cpython-310-x86_64-linux-gnu.so
[2.482s] -- Up-to-date symlink: /home/hassan/ros-tuts/partrolbot_ws/install/turtlebot3_msgs/local/lib/python3.10/dist-packages/turtlebot3_msgs/turtlebot3_msgs_s__rosidl_typesupport_fastrtps_c.cpython-310-x86_64-linux-gnu.so
[2.483s] -- Up-to-date symlink: /home/hassan/ros-tuts/partrolbot_ws/install/turtlebot3_msgs/local/lib/python3.10/dist-packages/turtlebot3_msgs/turtlebot3_msgs_s__rosidl_typesupport_introspection_c.cpython-310-x86_64-linux-gnu.so
[2.484s] -- Up-to-date symlink: /home/hassan/ros-tuts/partrolbot_ws/install/turtlebot3_msgs/local/lib/python3.10/dist-packages/turtlebot3_msgs/turtlebot3_msgs_s__rosidl_typesupport_fastrtps_c.cpython-310-x86_64-linux-gnu.so
[2.485s] -- Up-to-date symlink: /home/hassan/ros-tuts/partrolbot_ws/install/turtlebot3_msgs/local/lib/python3.10/dist-packages/turtlebot3_msgs/turtlebot3_msgs_s__rosidl_typesupport_introspection_c.cpython-310-x86_64-linux-gnu.so
[2.486s] -- Up-to-date symlink: /home/hassan/ros-tuts/partrolbot_ws/install/turtlebot3_msgs/local/lib/python3.10/dist-packages/turtlebot3_msgs/turtlebot3_msgs_s__rosidl_typesupport_c.cpython-310-x86_64-linux-gnu.so
[2.486s] -- Up-to-date symlink: /home/hassan/ros-tuts/partrolbot_ws/install/turtlebot3_msgs/share/turtlebot3_msgs/msg/SensorState.idl
[2.487s] -- Up-to-date symlink: /home/hassan/ros-tuts/partrolbot_ws/install/turtlebot3_msgs/share/turtlebot3_msgs/msg/Sound.idl
[2.488s] -- Up-to-date symlink: /home/hassan/ros-tuts/partrolbot_ws/install/turtlebot3_msgs/share/turtlebot3_msgs/msg/VersionInfo.idl
[2.490s] -- Up-to-date symlink: /home/hassan/ros-tuts/partrolbot_ws/install/turtlebot3_msgs/share/turtlebot3_msgs/srv/Sound.idl
[2.491s] -- Up-to-date symlink: /home/hassan/ros-tuts/partrolbot_ws/install/turtlebot3_msgs/share/turtlebot3_msgs/srv/Dqn.idl
[2.492s] -- Up-to-date symlink: /home/hassan/ros-tuts/partrolbot_ws/install/turtlebot3_msgs/share/turtlebot3_msgs/action/Patrol.idl
[2.492s] -- Up-to-date symlink: /home/hassan/ros-tuts/partrolbot_ws/install/turtlebot3_msgs/share/turtlebot3_msgs/msg/SensorState.msg
[2.493s] -- Up-to-date symlink: /home/hassan/ros-tuts/partrolbot_ws/install/turtlebot3_msgs/share/turtlebot3_msgs/msg/Sound.msg
[2.494s] -- Up-to-date symlink: /home/hassan/ros-tuts/partrolbot_ws/install/turtlebot3_msgs/share/turtlebot3_msgs/msg/VersionInfo.msg
[2.495s] -- Up-to-date symlink: /home/hassan/ros-tuts/partrolbot_ws/install/turtlebot3_msgs/share/turtlebot3_msgs/srv/Sound.srv
[2.496s] -- Up-to-date symlink: /home/hassan/ros-tuts/partrolbot_ws/install/turtlebot3_msgs/share/turtlebot3_msgs/srv/Sound_Request.msg
[2.497s] -- Up-to-date symlink: /home/hassan/ros-tuts/partrolbot_ws/install/turtlebot3_msgs/share/turtlebot3_msgs/srv/Sound_Response.msg
[2.498s] -- Up-to-date symlink: /home/hassan/ros-tuts/partrolbot_ws/install/turtlebot3_msgs/share/turtlebot3_msgs/srv/Dqn.srv
[2.498s] -- Up-to-date symlink: /home/hassan/ros-tuts/partrolbot_ws/install/turtlebot3_msgs/share/turtlebot3_msgs/srv/Dqn_Request.msg
[2.498s] -- Up-to-date symlink: /home/hassan/ros-tuts/partrolbot_ws/install/turtlebot3_msgs/share/turtlebot3_msgs/srv/Dqn_Response.msg
[2.499s] -- Up-to-date symlink: /home/hassan/ros-tuts/partrolbot_ws/install/turtlebot3_msgs/share/turtlebot3_msgs/action/Patrol.action
[2.500s] -- Up-to-date symlink: /home/hassan/ros-tuts/partrolbot_ws/install/turtlebot3_msgs/share/ament_index/resource_index/package_run_dependencies/turtlebot3_msgs
[2.500s] -- Up-to-date symlink: /home/hassan/ros-tuts/partrolbot_ws/install/turtlebot3_msgs/share/ament_index/resource_index/parent_prefix_path/turtlebot3_msgs
[2.501s] -- Up-to-date symlink: /home/hassan/ros-tuts/partrolbot_ws/install/turtlebot3_msgs/share/turtlebot3_msgs/environment/ament_prefix_path.sh
[2.503s] -- Up-to-date symlink: /home/hassan/ros-tuts/partrolbot_ws/install/turtlebot3_msgs/share/turtlebot3_msgs/environment/ament_prefix_path.dsv
[2.503s] -- Up-to-date symlink: /home/hassan/ros-tuts/partrolbot_ws/install/turtlebot3_msgs/share/turtlebot3_msgs/environment/path.sh
[2.504s] -- Up-to-date symlink: /home/hassan/ros-tuts/partrolbot_ws/install/turtlebot3_msgs/share/turtlebot3_msgs/environment/path.dsv
[2.505s] -- Up-to-date symlink: /home/hassan/ros-tuts/partrolbot_ws/install/turtlebot3_msgs/share/turtlebot3_msgs/local_setup.bash
[2.506s] -- Up-to-date symlink: /home/hassan/ros-tuts/partrolbot_ws/install/turtlebot3_msgs/share/turtlebot3_msgs/local_setup.sh
[2.507s] -- Up-to-date symlink: /home/hassan/ros-tuts/partrolbot_ws/install/turtlebot3_msgs/share/turtlebot3_msgs/local_setup.zsh
[2.508s] -- Up-to-date symlink: /home/hassan/ros-tuts/partrolbot_ws/install/turtlebot3_msgs/share/turtlebot3_msgs/local_setup.dsv
[2.508s] -- Symlinking: /home/hassan/ros-tuts/partrolbot_ws/install/turtlebot3_msgs/share/turtlebot3_msgs/package.dsv
[2.531s] -- Up-to-date symlink: /home/hassan/ros-tuts/partrolbot_ws/install/turtlebot3_msgs/share/ament_index/resource_index/packages/turtlebot3_msgs
[2.532s] -- Up-to-date symlink: /home/hassan/ros-tuts/partrolbot_ws/install/turtlebot3_msgs/share/turtlebot3_msgs/cmake/rosidl_cmake-extras.cmake
[2.533s] -- Up-to-date symlink: /home/hassan/ros-tuts/partrolbot_ws/install/turtlebot3_msgs/share/turtlebot3_msgs/cmake/ament_cmake_export_dependencies-extras.cmake
[2.533s] -- Up-to-date symlink: /home/hassan/ros-tuts/partrolbot_ws/install/turtlebot3_msgs/share/turtlebot3_msgs/cmake/ament_cmake_export_include_directories-extras.cmake
[2.535s] -- Up-to-date symlink: /home/hassan/ros-tuts/partrolbot_ws/install/turtlebot3_msgs/share/turtlebot3_msgs/cmake/ament_cmake_export_libraries-extras.cmake
[2.536s] -- Up-to-date symlink: /home/hassan/ros-tuts/partrolbot_ws/install/turtlebot3_msgs/share/turtlebot3_msgs/cmake/ament_cmake_export_targets-extras.cmake
[2.537s] -- Up-to-date symlink: /home/hassan/ros-tuts/partrolbot_ws/install/turtlebot3_msgs/share/turtlebot3_msgs/cmake/rosidl_cmake_export_typesupport_targets-extras.cmake
[2.538s] -- Up-to-date symlink: /home/hassan/ros-tuts/partrolbot_ws/install/turtlebot3_msgs/share/turtlebot3_msgs/cmake/rosidl_cmake_export_typesupport_libraries-extras.cmake
[2.538s] -- Up-to-date symlink: /home/hassan/ros-tuts/partrolbot_ws/install/turtlebot3_msgs/share/turtlebot3_msgs/cmake/turtlebot3_msgsConfig.cmake
[2.539s] -- Up-to-date symlink: /home/hassan/ros-tuts/partrolbot_ws/install/turtlebot3_msgs/share/turtlebot3_msgs/cmake/turtlebot3_msgsConfig-version.cmake
[2.540s] -- Up-to-date symlink: /home/hassan/ros-tuts/partrolbot_ws/install/turtlebot3_msgs/share/turtlebot3_msgs/package.xml
[2.542s] -- Up-to-date: /home/hassan/ros-tuts/partrolbot_ws/install/turtlebot3_msgs/lib/libturtlebot3_msgs__rosidl_generator_c.so
[2.543s] -- Up-to-date: /home/hassan/ros-tuts/partrolbot_ws/install/turtlebot3_msgs/lib/libturtlebot3_msgs__rosidl_typesupport_fastrtps_c.so
[2.545s] -- Up-to-date: /home/hassan/ros-tuts/partrolbot_ws/install/turtlebot3_msgs/lib/libturtlebot3_msgs__rosidl_typesupport_fastrtps_cpp.so
[2.547s] -- Up-to-date: /home/hassan/ros-tuts/partrolbot_ws/install/turtlebot3_msgs/lib/libturtlebot3_msgs__rosidl_typesupport_introspection_c.so
[2.548s] -- Up-to-date: /home/hassan/ros-tuts/partrolbot_ws/install/turtlebot3_msgs/lib/libturtlebot3_msgs__rosidl_typesupport_c.so
[2.549s] -- Up-to-date: /home/hassan/ros-tuts/partrolbot_ws/install/turtlebot3_msgs/lib/libturtlebot3_msgs__rosidl_typesupport_introspection_cpp.so
[2.551s] -- Up-to-date: /home/hassan/ros-tuts/partrolbot_ws/install/turtlebot3_msgs/lib/libturtlebot3_msgs__rosidl_typesupport_cpp.so
[2.647s] Listing '/home/hassan/ros-tuts/partrolbot_ws/install/turtlebot3_msgs/local/lib/python3.10/dist-packages/turtlebot3_msgs'...
[2.647s] Listing '/home/hassan/ros-tuts/partrolbot_ws/install/turtlebot3_msgs/local/lib/python3.10/dist-packages/turtlebot3_msgs/action'...
[2.647s] Listing '/home/hassan/ros-tuts/partrolbot_ws/install/turtlebot3_msgs/local/lib/python3.10/dist-packages/turtlebot3_msgs/msg'...
[2.648s] Listing '/home/hassan/ros-tuts/partrolbot_ws/install/turtlebot3_msgs/local/lib/python3.10/dist-packages/turtlebot3_msgs/srv'...
[2.655s] -- Up-to-date: /home/hassan/ros-tuts/partrolbot_ws/install/turtlebot3_msgs/lib/libturtlebot3_msgs__rosidl_generator_py.so
[2.656s] -- Up-to-date: /home/hassan/ros-tuts/partrolbot_ws/install/turtlebot3_msgs/share/turtlebot3_msgs/cmake/export_turtlebot3_msgs__rosidl_generator_cExport.cmake
[2.657s] -- Up-to-date: /home/hassan/ros-tuts/partrolbot_ws/install/turtlebot3_msgs/share/turtlebot3_msgs/cmake/export_turtlebot3_msgs__rosidl_generator_cExport-noconfig.cmake
[2.658s] -- Up-to-date: /home/hassan/ros-tuts/partrolbot_ws/install/turtlebot3_msgs/share/turtlebot3_msgs/cmake/export_turtlebot3_msgs__rosidl_typesupport_fastrtps_cExport.cmake
[2.659s] -- Up-to-date: /home/hassan/ros-tuts/partrolbot_ws/install/turtlebot3_msgs/share/turtlebot3_msgs/cmake/export_turtlebot3_msgs__rosidl_typesupport_fastrtps_cExport-noconfig.cmake
[2.659s] -- Up-to-date: /home/hassan/ros-tuts/partrolbot_ws/install/turtlebot3_msgs/share/turtlebot3_msgs/cmake/export_turtlebot3_msgs__rosidl_generator_cppExport.cmake
[2.660s] -- Up-to-date: /home/hassan/ros-tuts/partrolbot_ws/install/turtlebot3_msgs/share/turtlebot3_msgs/cmake/export_turtlebot3_msgs__rosidl_typesupport_fastrtps_cppExport.cmake
[2.661s] -- Up-to-date: /home/hassan/ros-tuts/partrolbot_ws/install/turtlebot3_msgs/share/turtlebot3_msgs/cmake/export_turtlebot3_msgs__rosidl_typesupport_fastrtps_cppExport-noconfig.cmake
[2.662s] -- Up-to-date: /home/hassan/ros-tuts/partrolbot_ws/install/turtlebot3_msgs/share/turtlebot3_msgs/cmake/turtlebot3_msgs__rosidl_typesupport_introspection_cExport.cmake
[2.662s] -- Up-to-date: /home/hassan/ros-tuts/partrolbot_ws/install/turtlebot3_msgs/share/turtlebot3_msgs/cmake/turtlebot3_msgs__rosidl_typesupport_introspection_cExport-noconfig.cmake
[2.663s] -- Up-to-date: /home/hassan/ros-tuts/partrolbot_ws/install/turtlebot3_msgs/share/turtlebot3_msgs/cmake/turtlebot3_msgs__rosidl_typesupport_cExport.cmake
[2.664s] -- Up-to-date: /home/hassan/ros-tuts/partrolbot_ws/install/turtlebot3_msgs/share/turtlebot3_msgs/cmake/turtlebot3_msgs__rosidl_typesupport_cExport-noconfig.cmake
[2.664s] -- Up-to-date: /home/hassan/ros-tuts/partrolbot_ws/install/turtlebot3_msgs/share/turtlebot3_msgs/cmake/turtlebot3_msgs__rosidl_typesupport_introspection_cppExport.cmake
[2.665s] -- Up-to-date: /home/hassan/ros-tuts/partrolbot_ws/install/turtlebot3_msgs/share/turtlebot3_msgs/cmake/turtlebot3_msgs__rosidl_typesupport_introspection_cppExport-noconfig.cmake
[2.666s] -- Up-to-date: /home/hassan/ros-tuts/partrolbot_ws/install/turtlebot3_msgs/share/turtlebot3_msgs/cmake/turtlebot3_msgs__rosidl_typesupport_cppExport.cmake
[2.666s] -- Up-to-date: /home/hassan/ros-tuts/partrolbot_ws/install/turtlebot3_msgs/share/turtlebot3_msgs/cmake/turtlebot3_msgs__rosidl_typesupport_cppExport-noconfig.cmake
[2.667s] -- Up-to-date: /home/hassan/ros-tuts/partrolbot_ws/install/turtlebot3_msgs/share/turtlebot3_msgs/cmake/export_turtlebot3_msgs__rosidl_generator_pyExport.cmake
[2.667s] -- Up-to-date: /home/hassan/ros-tuts/partrolbot_ws/install/turtlebot3_msgs/share/turtlebot3_msgs/cmake/export_turtlebot3_msgs__rosidl_generator_pyExport-noconfig.cmake
[2.678s] Invoked command in '/home/hassan/ros-tuts/partrolbot_ws/build/turtlebot3_msgs' returned '0': CMAKE_PREFIX_PATH=${CMAKE_PREFIX_PATH}:/opt/ros/humble /usr/bin/cmake --install /home/hassan/ros-tuts/partrolbot_ws/build/turtlebot3_msgs
