[0.027s] Invoking command in '/home/hassan/ros-tuts/partrolbot_ws/build/turtlebot3_description': CMAKE_PREFIX_PATH=${CMAKE_PREFIX_PATH}:/home/hassan/ros-tuts/partrolbot_ws/install/turtlebot3_teleop:/home/hassan/ros-tuts/partrolbot_ws/install/turtlebot3_example:/home/hassan/ros-tuts/partrolbot_ws/install/tb3_sim:/opt/ros/humble /usr/bin/cmake /home/hassan/ros-tuts/partrolbot_ws/src/turtlebot3/turtlebot3/turtlebot3_description -DAMENT_CMAKE_SYMLINK_INSTALL=1 -DCMAKE_INSTALL_PREFIX=/home/hassan/ros-tuts/partrolbot_ws/install/turtlebot3_description
[0.161s] -- The C compiler identification is GNU 11.4.0
[0.282s] -- The CXX compiler identification is GNU 11.4.0
[0.289s] -- Detecting C compiler ABI info
[0.396s] -- Detecting C compiler ABI info - done
[0.406s] -- Check for working C compiler: /usr/bin/cc - skipped
[0.407s] -- Detecting C compile features
[0.409s] -- Detecting C compile features - done
[0.427s] -- Detecting CXX compiler ABI info
[0.576s] -- Detecting CXX compiler ABI info - done
[0.591s] -- Check for working CXX compiler: /usr/bin/c++ - skipped
[0.591s] -- Detecting CXX compile features
[0.591s] -- Detecting CXX compile features - done
[0.594s] -- Found ament_cmake: 1.3.10 (/opt/ros/humble/share/ament_cmake/cmake)
[0.833s] -- Found Python3: /usr/bin/python3 (found version "3.10.12") found components: Interpreter 
[0.948s] -- Override CMake install command with custom implementation using symlinks instead of copying resources
[0.993s] -- Found urdf: 2.6.1 (/opt/ros/humble/share/urdf/cmake)
[1.194s] -- Configuring done
[1.208s] -- Generating done
[1.209s] -- Build files have been written to: /home/hassan/ros-tuts/partrolbot_ws/build/turtlebot3_description
[1.236s] Invoked command in '/home/hassan/ros-tuts/partrolbot_ws/build/turtlebot3_description' returned '0': CMAKE_PREFIX_PATH=${CMAKE_PREFIX_PATH}:/home/hassan/ros-tuts/partrolbot_ws/install/turtlebot3_teleop:/home/hassan/ros-tuts/partrolbot_ws/install/turtlebot3_example:/home/hassan/ros-tuts/partrolbot_ws/install/tb3_sim:/opt/ros/humble /usr/bin/cmake /home/hassan/ros-tuts/partrolbot_ws/src/turtlebot3/turtlebot3/turtlebot3_description -DAMENT_CMAKE_SYMLINK_INSTALL=1 -DCMAKE_INSTALL_PREFIX=/home/hassan/ros-tuts/partrolbot_ws/install/turtlebot3_description
[1.236s] Invoking command in '/home/hassan/ros-tuts/partrolbot_ws/build/turtlebot3_description': CMAKE_PREFIX_PATH=${CMAKE_PREFIX_PATH}:/home/hassan/ros-tuts/partrolbot_ws/install/turtlebot3_teleop:/home/hassan/ros-tuts/partrolbot_ws/install/turtlebot3_example:/home/hassan/ros-tuts/partrolbot_ws/install/tb3_sim:/opt/ros/humble /usr/bin/cmake --build /home/hassan/ros-tuts/partrolbot_ws/build/turtlebot3_description -- -j8 -l8
[1.704s] Invoked command in '/home/hassan/ros-tuts/partrolbot_ws/build/turtlebot3_description' returned '0': CMAKE_PREFIX_PATH=${CMAKE_PREFIX_PATH}:/home/hassan/ros-tuts/partrolbot_ws/install/turtlebot3_teleop:/home/hassan/ros-tuts/partrolbot_ws/install/turtlebot3_example:/home/hassan/ros-tuts/partrolbot_ws/install/tb3_sim:/opt/ros/humble /usr/bin/cmake --build /home/hassan/ros-tuts/partrolbot_ws/build/turtlebot3_description -- -j8 -l8
[1.776s] Invoking command in '/home/hassan/ros-tuts/partrolbot_ws/build/turtlebot3_description': CMAKE_PREFIX_PATH=${CMAKE_PREFIX_PATH}:/home/hassan/ros-tuts/partrolbot_ws/install/turtlebot3_teleop:/home/hassan/ros-tuts/partrolbot_ws/install/turtlebot3_example:/home/hassan/ros-tuts/partrolbot_ws/install/tb3_sim:/opt/ros/humble /usr/bin/cmake --install /home/hassan/ros-tuts/partrolbot_ws/build/turtlebot3_description
[1.901s] -- Install configuration: ""
[1.901s] -- Execute custom install script
[1.902s] -- Symlinking: /home/hassan/ros-tuts/partrolbot_ws/install/turtlebot3_description/share/turtlebot3_description/meshes/bases/burger_base.stl
[1.902s] -- Symlinking: /home/hassan/ros-tuts/partrolbot_ws/install/turtlebot3_description/share/turtlebot3_description/meshes/bases/waffle_base.stl
[1.902s] -- Symlinking: /home/hassan/ros-tuts/partrolbot_ws/install/turtlebot3_description/share/turtlebot3_description/meshes/bases/waffle_pi_base.stl
[1.902s] -- Symlinking: /home/hassan/ros-tuts/partrolbot_ws/install/turtlebot3_description/share/turtlebot3_description/meshes/sensors/astra.dae
[1.927s] -- Symlinking: /home/hassan/ros-tuts/partrolbot_ws/install/turtlebot3_description/share/turtlebot3_description/meshes/sensors/astra.jpg
[1.930s] -- Symlinking: /home/hassan/ros-tuts/partrolbot_ws/install/turtlebot3_description/share/turtlebot3_description/meshes/sensors/lds.stl
[1.962s] -- Symlinking: /home/hassan/ros-tuts/partrolbot_ws/install/turtlebot3_description/share/turtlebot3_description/meshes/sensors/r200.dae
[1.982s] -- Symlinking: /home/hassan/ros-tuts/partrolbot_ws/install/turtlebot3_description/share/turtlebot3_description/meshes/sensors/r200.jpg
[2.004s] -- Symlinking: /home/hassan/ros-tuts/partrolbot_ws/install/turtlebot3_description/share/turtlebot3_description/meshes/wheels/left_tire.stl
[2.031s] -- Symlinking: /home/hassan/ros-tuts/partrolbot_ws/install/turtlebot3_description/share/turtlebot3_description/meshes/wheels/right_tire.stl
[2.057s] -- Symlinking: /home/hassan/ros-tuts/partrolbot_ws/install/turtlebot3_description/share/turtlebot3_description/rviz/model.rviz
[2.072s] -- Symlinking: /home/hassan/ros-tuts/partrolbot_ws/install/turtlebot3_description/share/turtlebot3_description/urdf/common_properties.urdf
[2.092s] -- Symlinking: /home/hassan/ros-tuts/partrolbot_ws/install/turtlebot3_description/share/turtlebot3_description/urdf/turtlebot3_burger.urdf
[2.113s] -- Symlinking: /home/hassan/ros-tuts/partrolbot_ws/install/turtlebot3_description/share/turtlebot3_description/urdf/turtlebot3_waffle.urdf
[2.133s] -- Symlinking: /home/hassan/ros-tuts/partrolbot_ws/install/turtlebot3_description/share/turtlebot3_description/urdf/turtlebot3_waffle_pi.urdf
[2.144s] -- Symlinking: /home/hassan/ros-tuts/partrolbot_ws/install/turtlebot3_description/share/ament_index/resource_index/package_run_dependencies/turtlebot3_description
[2.160s] -- Symlinking: /home/hassan/ros-tuts/partrolbot_ws/install/turtlebot3_description/share/ament_index/resource_index/parent_prefix_path/turtlebot3_description
[2.171s] -- Symlinking: /home/hassan/ros-tuts/partrolbot_ws/install/turtlebot3_description/share/turtlebot3_description/environment/ament_prefix_path.sh
[2.181s] -- Symlinking: /home/hassan/ros-tuts/partrolbot_ws/install/turtlebot3_description/share/turtlebot3_description/environment/ament_prefix_path.dsv
[2.192s] -- Symlinking: /home/hassan/ros-tuts/partrolbot_ws/install/turtlebot3_description/share/turtlebot3_description/environment/path.sh
[2.205s] -- Symlinking: /home/hassan/ros-tuts/partrolbot_ws/install/turtlebot3_description/share/turtlebot3_description/environment/path.dsv
[2.226s] -- Symlinking: /home/hassan/ros-tuts/partrolbot_ws/install/turtlebot3_description/share/turtlebot3_description/local_setup.bash
[2.239s] -- Symlinking: /home/hassan/ros-tuts/partrolbot_ws/install/turtlebot3_description/share/turtlebot3_description/local_setup.sh
[2.252s] -- Symlinking: /home/hassan/ros-tuts/partrolbot_ws/install/turtlebot3_description/share/turtlebot3_description/local_setup.zsh
[2.264s] -- Symlinking: /home/hassan/ros-tuts/partrolbot_ws/install/turtlebot3_description/share/turtlebot3_description/local_setup.dsv
[2.278s] -- Symlinking: /home/hassan/ros-tuts/partrolbot_ws/install/turtlebot3_description/share/turtlebot3_description/package.dsv
[2.291s] -- Symlinking: /home/hassan/ros-tuts/partrolbot_ws/install/turtlebot3_description/share/ament_index/resource_index/packages/turtlebot3_description
[2.301s] -- Symlinking: /home/hassan/ros-tuts/partrolbot_ws/install/turtlebot3_description/share/turtlebot3_description/cmake/turtlebot3_descriptionConfig.cmake
[2.320s] -- Symlinking: /home/hassan/ros-tuts/partrolbot_ws/install/turtlebot3_description/share/turtlebot3_description/cmake/turtlebot3_descriptionConfig-version.cmake
[2.337s] -- Symlinking: /home/hassan/ros-tuts/partrolbot_ws/install/turtlebot3_description/share/turtlebot3_description/package.xml
[2.485s] Invoked command in '/home/hassan/ros-tuts/partrolbot_ws/build/turtlebot3_description' returned '0': CMAKE_PREFIX_PATH=${CMAKE_PREFIX_PATH}:/home/hassan/ros-tuts/partrolbot_ws/install/turtlebot3_teleop:/home/hassan/ros-tuts/partrolbot_ws/install/turtlebot3_example:/home/hassan/ros-tuts/partrolbot_ws/install/tb3_sim:/opt/ros/humble /usr/bin/cmake --install /home/hassan/ros-tuts/partrolbot_ws/build/turtlebot3_description
