[0.548s] Invoking command in '/home/hassaan/ros2_ws/src/talker_listener': DEBUGINFOD_URLS=https://debuginfod.ubuntu.com PYTHONPATH=/home/hassaan/ros2_ws/build/talker_listener/prefix_override:/usr/lib/python3/dist-packages/colcon_core/task/python/colcon_distutils_commands:/home/hassaan/ros2_ws/install/talker_listener/lib/python3.12/site-packages:${PYTHONPATH} /usr/bin/python3 -W ignore:setup.py install is deprecated setup.py egg_info --egg-base ../../build/talker_listener build --build-base /home/hassaan/ros2_ws/build/talker_listener/build install --record /home/hassaan/ros2_ws/build/talker_listener/install.log --single-version-externally-managed install_data
[0.726s] running egg_info
[0.739s] writing ../../build/talker_listener/talker_listener.egg-info/PKG-INFO
[0.739s] writing dependency_links to ../../build/talker_listener/talker_listener.egg-info/dependency_links.txt
[0.739s] writing entry points to ../../build/talker_listener/talker_listener.egg-info/entry_points.txt
[0.739s] writing requirements to ../../build/talker_listener/talker_listener.egg-info/requires.txt
[0.739s] writing top-level names to ../../build/talker_listener/talker_listener.egg-info/top_level.txt
[0.765s] reading manifest file '../../build/talker_listener/talker_listener.egg-info/SOURCES.txt'
[0.766s] writing manifest file '../../build/talker_listener/talker_listener.egg-info/SOURCES.txt'
[0.766s] running build
[0.766s] running build_py
[0.766s] running install
[0.771s] running install_lib
[0.784s] running install_data
[0.784s] running install_egg_info
[0.799s] removing '/home/hassaan/ros2_ws/install/talker_listener/lib/python3.12/site-packages/talker_listener-0.0.0-py3.12.egg-info' (and everything under it)
[0.799s] Copying ../../build/talker_listener/talker_listener.egg-info to /home/hassaan/ros2_ws/install/talker_listener/lib/python3.12/site-packages/talker_listener-0.0.0-py3.12.egg-info
[0.799s] running install_scripts
[0.887s] Installing listenerNode script to /home/hassaan/ros2_ws/install/talker_listener/lib/talker_listener
[0.887s] Installing talkerNode script to /home/hassaan/ros2_ws/install/talker_listener/lib/talker_listener
[0.887s] writing list of installed files to '/home/hassaan/ros2_ws/build/talker_listener/install.log'
[0.908s] Invoked command in '/home/hassaan/ros2_ws/src/talker_listener' returned '0': DEBUGINFOD_URLS=https://debuginfod.ubuntu.com PYTHONPATH=/home/hassaan/ros2_ws/build/talker_listener/prefix_override:/usr/lib/python3/dist-packages/colcon_core/task/python/colcon_distutils_commands:/home/hassaan/ros2_ws/install/talker_listener/lib/python3.12/site-packages:${PYTHONPATH} /usr/bin/python3 -W ignore:setup.py install is deprecated setup.py egg_info --egg-base ../../build/talker_listener build --build-base /home/hassaan/ros2_ws/build/talker_listener/build install --record /home/hassaan/ros2_ws/build/talker_listener/install.log --single-version-externally-managed install_data
