[1.518s] Invoking command in '/home/hassan/ros-tuts/patrol_ws/src/tb3_sim/build/tb3_sim': PYTHONPATH=/home/hassan/ros-tuts/patrol_ws/src/tb3_sim/build/tb3_sim/prefix_override:/usr/lib/python3/dist-packages/colcon_core/task/python/colcon_distutils_commands:/home/hassan/ros-tuts/patrol_ws/src/tb3_sim/install/tb3_sim/lib/python3.10/site-packages:${PYTHONPATH} /usr/bin/python3 -W ignore:setup.py install is deprecated setup.py develop --editable --build-directory /home/hassan/ros-tuts/patrol_ws/src/tb3_sim/build/tb3_sim/build --no-deps symlink_data
[2.117s] running develop
[2.118s] /usr/lib/python3/dist-packages/setuptools/command/easy_install.py:158: EasyInstallDeprecationWarning: easy_install command is deprecated. Use build and pip and other standards-based tools.
[2.118s]   warnings.warn(
[2.443s] running egg_info
[2.443s] creating tb3_sim.egg-info
[2.444s] writing tb3_sim.egg-info/PKG-INFO
[2.444s] writing dependency_links to tb3_sim.egg-info/dependency_links.txt
[2.445s] writing entry points to tb3_sim.egg-info/entry_points.txt
[2.445s] writing requirements to tb3_sim.egg-info/requires.txt
[2.445s] writing top-level names to tb3_sim.egg-info/top_level.txt
[2.446s] writing manifest file 'tb3_sim.egg-info/SOURCES.txt'
[2.449s] reading manifest file 'tb3_sim.egg-info/SOURCES.txt'
[2.450s] writing manifest file 'tb3_sim.egg-info/SOURCES.txt'
[2.453s] running build_ext
[2.453s] Creating /home/hassan/ros-tuts/patrol_ws/src/tb3_sim/install/tb3_sim/lib/python3.10/site-packages/tb3-sim.egg-link (link to .)
[2.455s] 
[2.455s] Installed /home/hassan/ros-tuts/patrol_ws/src/tb3_sim/build/tb3_sim
[2.455s] running symlink_data
[2.456s] creating /home/hassan/ros-tuts/patrol_ws/src/tb3_sim/install/tb3_sim/share/ament_index
[2.456s] creating /home/hassan/ros-tuts/patrol_ws/src/tb3_sim/install/tb3_sim/share/ament_index/resource_index
[2.456s] creating /home/hassan/ros-tuts/patrol_ws/src/tb3_sim/install/tb3_sim/share/ament_index/resource_index/packages
[2.456s] symbolically linking /home/hassan/ros-tuts/patrol_ws/src/tb3_sim/build/tb3_sim/resource/tb3_sim -> /home/hassan/ros-tuts/patrol_ws/src/tb3_sim/install/tb3_sim/share/ament_index/resource_index/packages
[2.457s] symbolically linking /home/hassan/ros-tuts/patrol_ws/src/tb3_sim/build/tb3_sim/package.xml -> /home/hassan/ros-tuts/patrol_ws/src/tb3_sim/install/tb3_sim/share/tb3_sim
[2.502s] Invoked command in '/home/hassan/ros-tuts/patrol_ws/src/tb3_sim/build/tb3_sim' returned '0': PYTHONPATH=/home/hassan/ros-tuts/patrol_ws/src/tb3_sim/build/tb3_sim/prefix_override:/usr/lib/python3/dist-packages/colcon_core/task/python/colcon_distutils_commands:/home/hassan/ros-tuts/patrol_ws/src/tb3_sim/install/tb3_sim/lib/python3.10/site-packages:${PYTHONPATH} /usr/bin/python3 -W ignore:setup.py install is deprecated setup.py develop --editable --build-directory /home/hassan/ros-tuts/patrol_ws/src/tb3_sim/build/tb3_sim/build --no-deps symlink_data
