[0.074s] Invoking command in '/home/hassan/ros-tuts/partrolbot_ws/build/turtlebot3_cartographer': CMAKE_PREFIX_PATH=${CMAKE_PREFIX_PATH}:/opt/ros/humble /usr/bin/cmake --build /home/hassan/ros-tuts/partrolbot_ws/build/turtlebot3_cartographer -- -j8 -l8
[0.197s] Invoked command in '/home/hassan/ros-tuts/partrolbot_ws/build/turtlebot3_cartographer' returned '0': CMAKE_PREFIX_PATH=${CMAKE_PREFIX_PATH}:/opt/ros/humble /usr/bin/cmake --build /home/hassan/ros-tuts/partrolbot_ws/build/turtlebot3_cartographer -- -j8 -l8
[0.421s] Invoking command in '/home/hassan/ros-tuts/partrolbot_ws/build/turtlebot3_cartographer': CMAKE_PREFIX_PATH=${CMAKE_PREFIX_PATH}:/opt/ros/humble /usr/bin/cmake --install /home/hassan/ros-tuts/partrolbot_ws/build/turtlebot3_cartographer
[0.462s] -- Install configuration: ""
[0.462s] -- Execute custom install script
[0.463s] -- Up-to-date symlink: /home/hassan/ros-tuts/partrolbot_ws/install/turtlebot3_cartographer/share/turtlebot3_cartographer/config/turtlebot3_lds_2d.lua
[0.466s] -- Up-to-date symlink: /home/hassan/ros-tuts/partrolbot_ws/install/turtlebot3_cartographer/share/turtlebot3_cartographer/launch/cartographer.launch.py
[0.467s] -- Up-to-date symlink: /home/hassan/ros-tuts/partrolbot_ws/install/turtlebot3_cartographer/share/turtlebot3_cartographer/launch/occupancy_grid.launch.py
[0.468s] -- Up-to-date symlink: /home/hassan/ros-tuts/partrolbot_ws/install/turtlebot3_cartographer/share/turtlebot3_cartographer/rviz/tb3_cartographer.rviz
[0.468s] -- Up-to-date symlink: /home/hassan/ros-tuts/partrolbot_ws/install/turtlebot3_cartographer/share/ament_index/resource_index/package_run_dependencies/turtlebot3_cartographer
[0.469s] -- Up-to-date symlink: /home/hassan/ros-tuts/partrolbot_ws/install/turtlebot3_cartographer/share/ament_index/resource_index/parent_prefix_path/turtlebot3_cartographer
[0.472s] -- Up-to-date symlink: /home/hassan/ros-tuts/partrolbot_ws/install/turtlebot3_cartographer/share/turtlebot3_cartographer/environment/ament_prefix_path.sh
[0.473s] -- Up-to-date symlink: /home/hassan/ros-tuts/partrolbot_ws/install/turtlebot3_cartographer/share/turtlebot3_cartographer/environment/ament_prefix_path.dsv
[0.473s] -- Up-to-date symlink: /home/hassan/ros-tuts/partrolbot_ws/install/turtlebot3_cartographer/share/turtlebot3_cartographer/environment/path.sh
[0.476s] -- Up-to-date symlink: /home/hassan/ros-tuts/partrolbot_ws/install/turtlebot3_cartographer/share/turtlebot3_cartographer/environment/path.dsv
[0.476s] -- Up-to-date symlink: /home/hassan/ros-tuts/partrolbot_ws/install/turtlebot3_cartographer/share/turtlebot3_cartographer/local_setup.bash
[0.479s] -- Up-to-date symlink: /home/hassan/ros-tuts/partrolbot_ws/install/turtlebot3_cartographer/share/turtlebot3_cartographer/local_setup.sh
[0.479s] -- Up-to-date symlink: /home/hassan/ros-tuts/partrolbot_ws/install/turtlebot3_cartographer/share/turtlebot3_cartographer/local_setup.zsh
[0.480s] -- Up-to-date symlink: /home/hassan/ros-tuts/partrolbot_ws/install/turtlebot3_cartographer/share/turtlebot3_cartographer/local_setup.dsv
[0.480s] -- Symlinking: /home/hassan/ros-tuts/partrolbot_ws/install/turtlebot3_cartographer/share/turtlebot3_cartographer/package.dsv
[0.556s] -- Up-to-date symlink: /home/hassan/ros-tuts/partrolbot_ws/install/turtlebot3_cartographer/share/ament_index/resource_index/packages/turtlebot3_cartographer
[0.559s] -- Up-to-date symlink: /home/hassan/ros-tuts/partrolbot_ws/install/turtlebot3_cartographer/share/turtlebot3_cartographer/cmake/turtlebot3_cartographerConfig.cmake
[0.559s] -- Up-to-date symlink: /home/hassan/ros-tuts/partrolbot_ws/install/turtlebot3_cartographer/share/turtlebot3_cartographer/cmake/turtlebot3_cartographerConfig-version.cmake
[0.562s] -- Up-to-date symlink: /home/hassan/ros-tuts/partrolbot_ws/install/turtlebot3_cartographer/share/turtlebot3_cartographer/package.xml
[0.584s] Invoked command in '/home/hassan/ros-tuts/partrolbot_ws/build/turtlebot3_cartographer' returned '0': CMAKE_PREFIX_PATH=${CMAKE_PREFIX_PATH}:/opt/ros/humble /usr/bin/cmake --install /home/hassan/ros-tuts/partrolbot_ws/build/turtlebot3_cartographer
