[4.660s] Invoking command in '/home/hassan/ros-tuts/partrolbot_ws/build/turtlebot3_example': AMENT_PREFIX_PATH=/home/hassan/ros-tuts/partrolbot_ws/install/turtlebot3_msgs:${AMENT_PREFIX_PATH} CMAKE_PREFIX_PATH=/home/hassan/ros-tuts/partrolbot_ws/install/turtlebot3_msgs:${CMAKE_PREFIX_PATH} LD_LIBRARY_PATH=/home/hassan/ros-tuts/partrolbot_ws/install/turtlebot3_msgs/lib:${LD_LIBRARY_PATH} PYTHONPATH=/home/hassan/ros-tuts/partrolbot_ws/build/turtlebot3_example/prefix_override:/usr/lib/python3/dist-packages/colcon_core/task/python/colcon_distutils_commands:/home/hassan/ros-tuts/partrolbot_ws/install/turtlebot3_example/lib/python3.10/site-packages:/home/hassan/ros-tuts/partrolbot_ws/install/turtlebot3_msgs/local/lib/python3.10/dist-packages:${PYTHONPATH} /usr/bin/python3 -W ignore:setup.py install is deprecated setup.py develop --editable --build-directory /home/hassan/ros-tuts/partrolbot_ws/build/turtlebot3_example/build --no-deps symlink_data
[6.366s] running develop
[6.368s] /usr/lib/python3/dist-packages/setuptools/command/easy_install.py:158: EasyInstallDeprecationWarning: easy_install command is deprecated. Use build and pip and other standards-based tools.
[6.369s]   warnings.warn(
[7.293s] running egg_info
[7.300s] writing turtlebot3_example.egg-info/PKG-INFO
[7.300s] writing dependency_links to turtlebot3_example.egg-info/dependency_links.txt
[7.304s] writing entry points to turtlebot3_example.egg-info/entry_points.txt
[7.306s] writing requirements to turtlebot3_example.egg-info/requires.txt
[7.311s] writing top-level names to turtlebot3_example.egg-info/top_level.txt
[7.329s] reading manifest file 'turtlebot3_example.egg-info/SOURCES.txt'
[7.338s] writing manifest file 'turtlebot3_example.egg-info/SOURCES.txt'
[7.345s] running build_ext
[7.347s] Creating /home/hassan/ros-tuts/partrolbot_ws/install/turtlebot3_example/lib/python3.10/site-packages/turtlebot3-example.egg-link (link to .)
[7.352s] Installing turtlebot3_obstacle_detection script to /home/hassan/ros-tuts/partrolbot_ws/install/turtlebot3_example/lib/turtlebot3_example
[7.358s] Installing turtlebot3_patrol_client script to /home/hassan/ros-tuts/partrolbot_ws/install/turtlebot3_example/lib/turtlebot3_example
[7.358s] Installing turtlebot3_patrol_server script to /home/hassan/ros-tuts/partrolbot_ws/install/turtlebot3_example/lib/turtlebot3_example
[7.363s] Installing turtlebot3_position_control script to /home/hassan/ros-tuts/partrolbot_ws/install/turtlebot3_example/lib/turtlebot3_example
[7.367s] 
[7.367s] Installed /home/hassan/ros-tuts/partrolbot_ws/build/turtlebot3_example
[7.368s] running symlink_data
[7.555s] Invoked command in '/home/hassan/ros-tuts/partrolbot_ws/build/turtlebot3_example' returned '0': AMENT_PREFIX_PATH=/home/hassan/ros-tuts/partrolbot_ws/install/turtlebot3_msgs:${AMENT_PREFIX_PATH} CMAKE_PREFIX_PATH=/home/hassan/ros-tuts/partrolbot_ws/install/turtlebot3_msgs:${CMAKE_PREFIX_PATH} LD_LIBRARY_PATH=/home/hassan/ros-tuts/partrolbot_ws/install/turtlebot3_msgs/lib:${LD_LIBRARY_PATH} PYTHONPATH=/home/hassan/ros-tuts/partrolbot_ws/build/turtlebot3_example/prefix_override:/usr/lib/python3/dist-packages/colcon_core/task/python/colcon_distutils_commands:/home/hassan/ros-tuts/partrolbot_ws/install/turtlebot3_example/lib/python3.10/site-packages:/home/hassan/ros-tuts/partrolbot_ws/install/turtlebot3_msgs/local/lib/python3.10/dist-packages:${PYTHONPATH} /usr/bin/python3 -W ignore:setup.py install is deprecated setup.py develop --editable --build-directory /home/hassan/ros-tuts/partrolbot_ws/build/turtlebot3_example/build --no-deps symlink_data
