[1.701s] Invoking command in '/home/hassan/ros-tuts/patrol_ws/build/turtlebot3_example': AMENT_PREFIX_PATH=/home/hassan/ros-tuts/patrol_ws/install/turtlebot3_msgs:${AMENT_PREFIX_PATH} CMAKE_PREFIX_PATH=/home/hassan/ros-tuts/patrol_ws/install/turtlebot3_msgs:${CMAKE_PREFIX_PATH} LD_LIBRARY_PATH=/home/hassan/ros-tuts/patrol_ws/install/turtlebot3_msgs/lib:${LD_LIBRARY_PATH} PYTHONPATH=/home/hassan/ros-tuts/patrol_ws/build/turtlebot3_example/prefix_override:/usr/lib/python3/dist-packages/colcon_core/task/python/colcon_distutils_commands:/home/hassan/ros-tuts/patrol_ws/install/turtlebot3_example/lib/python3.10/site-packages:/home/hassan/ros-tuts/patrol_ws/install/turtlebot3_msgs/local/lib/python3.10/dist-packages:${PYTHONPATH} /usr/bin/python3 -W ignore:setup.py install is deprecated setup.py develop --uninstall --editable --build-directory /home/hassan/ros-tuts/patrol_ws/build/turtlebot3_example/build
[2.230s] running develop
[2.231s] /usr/lib/python3/dist-packages/setuptools/command/easy_install.py:158: EasyInstallDeprecationWarning: easy_install command is deprecated. Use build and pip and other standards-based tools.
[2.231s]   warnings.warn(
[2.590s] Removing /home/hassan/ros-tuts/patrol_ws/install/turtlebot3_example/lib/python3.10/site-packages/turtlebot3-example.egg-link (link to .)
[2.640s] Invoked command in '/home/hassan/ros-tuts/patrol_ws/build/turtlebot3_example' returned '0': AMENT_PREFIX_PATH=/home/hassan/ros-tuts/patrol_ws/install/turtlebot3_msgs:${AMENT_PREFIX_PATH} CMAKE_PREFIX_PATH=/home/hassan/ros-tuts/patrol_ws/install/turtlebot3_msgs:${CMAKE_PREFIX_PATH} LD_LIBRARY_PATH=/home/hassan/ros-tuts/patrol_ws/install/turtlebot3_msgs/lib:${LD_LIBRARY_PATH} PYTHONPATH=/home/hassan/ros-tuts/patrol_ws/build/turtlebot3_example/prefix_override:/usr/lib/python3/dist-packages/colcon_core/task/python/colcon_distutils_commands:/home/hassan/ros-tuts/patrol_ws/install/turtlebot3_example/lib/python3.10/site-packages:/home/hassan/ros-tuts/patrol_ws/install/turtlebot3_msgs/local/lib/python3.10/dist-packages:${PYTHONPATH} /usr/bin/python3 -W ignore:setup.py install is deprecated setup.py develop --uninstall --editable --build-directory /home/hassan/ros-tuts/patrol_ws/build/turtlebot3_example/build
[2.644s] Invoking command in '/home/hassan/ros-tuts/patrol_ws/src/turtlebot3/turtlebot3/turtlebot3_example': AMENT_PREFIX_PATH=/home/hassan/ros-tuts/patrol_ws/install/turtlebot3_msgs:${AMENT_PREFIX_PATH} CMAKE_PREFIX_PATH=/home/hassan/ros-tuts/patrol_ws/install/turtlebot3_msgs:${CMAKE_PREFIX_PATH} LD_LIBRARY_PATH=/home/hassan/ros-tuts/patrol_ws/install/turtlebot3_msgs/lib:${LD_LIBRARY_PATH} PYTHONPATH=/home/hassan/ros-tuts/patrol_ws/build/turtlebot3_example/prefix_override:/usr/lib/python3/dist-packages/colcon_core/task/python/colcon_distutils_commands:/home/hassan/ros-tuts/patrol_ws/install/turtlebot3_example/lib/python3.10/site-packages:/home/hassan/ros-tuts/patrol_ws/install/turtlebot3_msgs/local/lib/python3.10/dist-packages:${PYTHONPATH} /usr/bin/python3 -W ignore:setup.py install is deprecated setup.py egg_info --egg-base ../../../../build/turtlebot3_example build --build-base /home/hassan/ros-tuts/patrol_ws/build/turtlebot3_example/build install --record /home/hassan/ros-tuts/patrol_ws/build/turtlebot3_example/install.log --single-version-externally-managed install_data --force
[3.142s] running egg_info
[3.143s] writing ../../../../build/turtlebot3_example/turtlebot3_example.egg-info/PKG-INFO
[3.143s] writing dependency_links to ../../../../build/turtlebot3_example/turtlebot3_example.egg-info/dependency_links.txt
[3.144s] writing entry points to ../../../../build/turtlebot3_example/turtlebot3_example.egg-info/entry_points.txt
[3.144s] writing requirements to ../../../../build/turtlebot3_example/turtlebot3_example.egg-info/requires.txt
[3.144s] writing top-level names to ../../../../build/turtlebot3_example/turtlebot3_example.egg-info/top_level.txt
[3.148s] reading manifest file '../../../../build/turtlebot3_example/turtlebot3_example.egg-info/SOURCES.txt'
[3.150s] writing manifest file '../../../../build/turtlebot3_example/turtlebot3_example.egg-info/SOURCES.txt'
[3.151s] running build
[3.152s] running build_py
[3.152s] creating /home/hassan/ros-tuts/patrol_ws/build/turtlebot3_example/build
[3.152s] creating /home/hassan/ros-tuts/patrol_ws/build/turtlebot3_example/build/lib
[3.152s] creating /home/hassan/ros-tuts/patrol_ws/build/turtlebot3_example/build/lib/turtlebot3_example
[3.152s] copying turtlebot3_example/__init__.py -> /home/hassan/ros-tuts/patrol_ws/build/turtlebot3_example/build/lib/turtlebot3_example
[3.152s] creating /home/hassan/ros-tuts/patrol_ws/build/turtlebot3_example/build/lib/turtlebot3_example/turtlebot3_position_control
[3.153s] copying turtlebot3_example/turtlebot3_position_control/__init__.py -> /home/hassan/ros-tuts/patrol_ws/build/turtlebot3_example/build/lib/turtlebot3_example/turtlebot3_position_control
[3.153s] copying turtlebot3_example/turtlebot3_position_control/turtlebot3_position_control.py -> /home/hassan/ros-tuts/patrol_ws/build/turtlebot3_example/build/lib/turtlebot3_example/turtlebot3_position_control
[3.153s] copying turtlebot3_example/turtlebot3_position_control/main.py -> /home/hassan/ros-tuts/patrol_ws/build/turtlebot3_example/build/lib/turtlebot3_example/turtlebot3_position_control
[3.153s] copying turtlebot3_example/turtlebot3_position_control/turtlebot3_path.py -> /home/hassan/ros-tuts/patrol_ws/build/turtlebot3_example/build/lib/turtlebot3_example/turtlebot3_position_control
[3.154s] creating /home/hassan/ros-tuts/patrol_ws/build/turtlebot3_example/build/lib/turtlebot3_example/turtlebot3_patrol_server
[3.154s] copying turtlebot3_example/turtlebot3_patrol_server/__init__.py -> /home/hassan/ros-tuts/patrol_ws/build/turtlebot3_example/build/lib/turtlebot3_example/turtlebot3_patrol_server
[3.154s] copying turtlebot3_example/turtlebot3_patrol_server/turtlebot3_patrol_server.py -> /home/hassan/ros-tuts/patrol_ws/build/turtlebot3_example/build/lib/turtlebot3_example/turtlebot3_patrol_server
[3.154s] copying turtlebot3_example/turtlebot3_patrol_server/main.py -> /home/hassan/ros-tuts/patrol_ws/build/turtlebot3_example/build/lib/turtlebot3_example/turtlebot3_patrol_server
[3.155s] copying turtlebot3_example/turtlebot3_patrol_server/turtlebot3_path.py -> /home/hassan/ros-tuts/patrol_ws/build/turtlebot3_example/build/lib/turtlebot3_example/turtlebot3_patrol_server
[3.155s] creating /home/hassan/ros-tuts/patrol_ws/build/turtlebot3_example/build/lib/turtlebot3_example/turtlebot3_obstacle_detection
[3.155s] copying turtlebot3_example/turtlebot3_obstacle_detection/__init__.py -> /home/hassan/ros-tuts/patrol_ws/build/turtlebot3_example/build/lib/turtlebot3_example/turtlebot3_obstacle_detection
[3.156s] copying turtlebot3_example/turtlebot3_obstacle_detection/turtlebot3_obstacle_detection.py -> /home/hassan/ros-tuts/patrol_ws/build/turtlebot3_example/build/lib/turtlebot3_example/turtlebot3_obstacle_detection
[3.156s] copying turtlebot3_example/turtlebot3_obstacle_detection/main.py -> /home/hassan/ros-tuts/patrol_ws/build/turtlebot3_example/build/lib/turtlebot3_example/turtlebot3_obstacle_detection
[3.156s] creating /home/hassan/ros-tuts/patrol_ws/build/turtlebot3_example/build/lib/turtlebot3_example/turtlebot3_patrol_client
[3.156s] copying turtlebot3_example/turtlebot3_patrol_client/__init__.py -> /home/hassan/ros-tuts/patrol_ws/build/turtlebot3_example/build/lib/turtlebot3_example/turtlebot3_patrol_client
[3.157s] copying turtlebot3_example/turtlebot3_patrol_client/turtlebot3_patrol_client.py -> /home/hassan/ros-tuts/patrol_ws/build/turtlebot3_example/build/lib/turtlebot3_example/turtlebot3_patrol_client
[3.157s] copying turtlebot3_example/turtlebot3_patrol_client/main.py -> /home/hassan/ros-tuts/patrol_ws/build/turtlebot3_example/build/lib/turtlebot3_example/turtlebot3_patrol_client
[3.157s] running install
[3.158s] running install_lib
[3.159s] creating /home/hassan/ros-tuts/patrol_ws/install/turtlebot3_example/lib/python3.10/site-packages/turtlebot3_example
[3.160s] copying /home/hassan/ros-tuts/patrol_ws/build/turtlebot3_example/build/lib/turtlebot3_example/__init__.py -> /home/hassan/ros-tuts/patrol_ws/install/turtlebot3_example/lib/python3.10/site-packages/turtlebot3_example
[3.160s] creating /home/hassan/ros-tuts/patrol_ws/install/turtlebot3_example/lib/python3.10/site-packages/turtlebot3_example/turtlebot3_position_control
[3.160s] copying /home/hassan/ros-tuts/patrol_ws/build/turtlebot3_example/build/lib/turtlebot3_example/turtlebot3_position_control/__init__.py -> /home/hassan/ros-tuts/patrol_ws/install/turtlebot3_example/lib/python3.10/site-packages/turtlebot3_example/turtlebot3_position_control
[3.160s] copying /home/hassan/ros-tuts/patrol_ws/build/turtlebot3_example/build/lib/turtlebot3_example/turtlebot3_position_control/turtlebot3_position_control.py -> /home/hassan/ros-tuts/patrol_ws/install/turtlebot3_example/lib/python3.10/site-packages/turtlebot3_example/turtlebot3_position_control
[3.161s] copying /home/hassan/ros-tuts/patrol_ws/build/turtlebot3_example/build/lib/turtlebot3_example/turtlebot3_position_control/main.py -> /home/hassan/ros-tuts/patrol_ws/install/turtlebot3_example/lib/python3.10/site-packages/turtlebot3_example/turtlebot3_position_control
[3.161s] copying /home/hassan/ros-tuts/patrol_ws/build/turtlebot3_example/build/lib/turtlebot3_example/turtlebot3_position_control/turtlebot3_path.py -> /home/hassan/ros-tuts/patrol_ws/install/turtlebot3_example/lib/python3.10/site-packages/turtlebot3_example/turtlebot3_position_control
[3.161s] creating /home/hassan/ros-tuts/patrol_ws/install/turtlebot3_example/lib/python3.10/site-packages/turtlebot3_example/turtlebot3_patrol_server
[3.161s] copying /home/hassan/ros-tuts/patrol_ws/build/turtlebot3_example/build/lib/turtlebot3_example/turtlebot3_patrol_server/__init__.py -> /home/hassan/ros-tuts/patrol_ws/install/turtlebot3_example/lib/python3.10/site-packages/turtlebot3_example/turtlebot3_patrol_server
[3.161s] copying /home/hassan/ros-tuts/patrol_ws/build/turtlebot3_example/build/lib/turtlebot3_example/turtlebot3_patrol_server/turtlebot3_patrol_server.py -> /home/hassan/ros-tuts/patrol_ws/install/turtlebot3_example/lib/python3.10/site-packages/turtlebot3_example/turtlebot3_patrol_server
[3.162s] copying /home/hassan/ros-tuts/patrol_ws/build/turtlebot3_example/build/lib/turtlebot3_example/turtlebot3_patrol_server/main.py -> /home/hassan/ros-tuts/patrol_ws/install/turtlebot3_example/lib/python3.10/site-packages/turtlebot3_example/turtlebot3_patrol_server
[3.162s] copying /home/hassan/ros-tuts/patrol_ws/build/turtlebot3_example/build/lib/turtlebot3_example/turtlebot3_patrol_server/turtlebot3_path.py -> /home/hassan/ros-tuts/patrol_ws/install/turtlebot3_example/lib/python3.10/site-packages/turtlebot3_example/turtlebot3_patrol_server
[3.162s] creating /home/hassan/ros-tuts/patrol_ws/install/turtlebot3_example/lib/python3.10/site-packages/turtlebot3_example/turtlebot3_obstacle_detection
[3.162s] copying /home/hassan/ros-tuts/patrol_ws/build/turtlebot3_example/build/lib/turtlebot3_example/turtlebot3_obstacle_detection/__init__.py -> /home/hassan/ros-tuts/patrol_ws/install/turtlebot3_example/lib/python3.10/site-packages/turtlebot3_example/turtlebot3_obstacle_detection
[3.163s] copying /home/hassan/ros-tuts/patrol_ws/build/turtlebot3_example/build/lib/turtlebot3_example/turtlebot3_obstacle_detection/turtlebot3_obstacle_detection.py -> /home/hassan/ros-tuts/patrol_ws/install/turtlebot3_example/lib/python3.10/site-packages/turtlebot3_example/turtlebot3_obstacle_detection
[3.163s] copying /home/hassan/ros-tuts/patrol_ws/build/turtlebot3_example/build/lib/turtlebot3_example/turtlebot3_obstacle_detection/main.py -> /home/hassan/ros-tuts/patrol_ws/install/turtlebot3_example/lib/python3.10/site-packages/turtlebot3_example/turtlebot3_obstacle_detection
[3.163s] creating /home/hassan/ros-tuts/patrol_ws/install/turtlebot3_example/lib/python3.10/site-packages/turtlebot3_example/turtlebot3_patrol_client
[3.163s] copying /home/hassan/ros-tuts/patrol_ws/build/turtlebot3_example/build/lib/turtlebot3_example/turtlebot3_patrol_client/__init__.py -> /home/hassan/ros-tuts/patrol_ws/install/turtlebot3_example/lib/python3.10/site-packages/turtlebot3_example/turtlebot3_patrol_client
[3.163s] copying /home/hassan/ros-tuts/patrol_ws/build/turtlebot3_example/build/lib/turtlebot3_example/turtlebot3_patrol_client/turtlebot3_patrol_client.py -> /home/hassan/ros-tuts/patrol_ws/install/turtlebot3_example/lib/python3.10/site-packages/turtlebot3_example/turtlebot3_patrol_client
[3.164s] copying /home/hassan/ros-tuts/patrol_ws/build/turtlebot3_example/build/lib/turtlebot3_example/turtlebot3_patrol_client/main.py -> /home/hassan/ros-tuts/patrol_ws/install/turtlebot3_example/lib/python3.10/site-packages/turtlebot3_example/turtlebot3_patrol_client
[3.165s] byte-compiling /home/hassan/ros-tuts/patrol_ws/install/turtlebot3_example/lib/python3.10/site-packages/turtlebot3_example/__init__.py to __init__.cpython-310.pyc
[3.165s] byte-compiling /home/hassan/ros-tuts/patrol_ws/install/turtlebot3_example/lib/python3.10/site-packages/turtlebot3_example/turtlebot3_position_control/__init__.py to __init__.cpython-310.pyc
[3.165s] byte-compiling /home/hassan/ros-tuts/patrol_ws/install/turtlebot3_example/lib/python3.10/site-packages/turtlebot3_example/turtlebot3_position_control/turtlebot3_position_control.py to turtlebot3_position_control.cpython-310.pyc
[3.168s] byte-compiling /home/hassan/ros-tuts/patrol_ws/install/turtlebot3_example/lib/python3.10/site-packages/turtlebot3_example/turtlebot3_position_control/main.py to main.cpython-310.pyc
[3.168s] byte-compiling /home/hassan/ros-tuts/patrol_ws/install/turtlebot3_example/lib/python3.10/site-packages/turtlebot3_example/turtlebot3_position_control/turtlebot3_path.py to turtlebot3_path.cpython-310.pyc
[3.169s] byte-compiling /home/hassan/ros-tuts/patrol_ws/install/turtlebot3_example/lib/python3.10/site-packages/turtlebot3_example/turtlebot3_patrol_server/__init__.py to __init__.cpython-310.pyc
[3.169s] byte-compiling /home/hassan/ros-tuts/patrol_ws/install/turtlebot3_example/lib/python3.10/site-packages/turtlebot3_example/turtlebot3_patrol_server/turtlebot3_patrol_server.py to turtlebot3_patrol_server.cpython-310.pyc
[3.171s] byte-compiling /home/hassan/ros-tuts/patrol_ws/install/turtlebot3_example/lib/python3.10/site-packages/turtlebot3_example/turtlebot3_patrol_server/main.py to main.cpython-310.pyc
[3.171s] byte-compiling /home/hassan/ros-tuts/patrol_ws/install/turtlebot3_example/lib/python3.10/site-packages/turtlebot3_example/turtlebot3_patrol_server/turtlebot3_path.py to turtlebot3_path.cpython-310.pyc
[3.172s] byte-compiling /home/hassan/ros-tuts/patrol_ws/install/turtlebot3_example/lib/python3.10/site-packages/turtlebot3_example/turtlebot3_obstacle_detection/__init__.py to __init__.cpython-310.pyc
[3.172s] byte-compiling /home/hassan/ros-tuts/patrol_ws/install/turtlebot3_example/lib/python3.10/site-packages/turtlebot3_example/turtlebot3_obstacle_detection/turtlebot3_obstacle_detection.py to turtlebot3_obstacle_detection.cpython-310.pyc
[3.173s] byte-compiling /home/hassan/ros-tuts/patrol_ws/install/turtlebot3_example/lib/python3.10/site-packages/turtlebot3_example/turtlebot3_obstacle_detection/main.py to main.cpython-310.pyc
[3.174s] byte-compiling /home/hassan/ros-tuts/patrol_ws/install/turtlebot3_example/lib/python3.10/site-packages/turtlebot3_example/turtlebot3_patrol_client/__init__.py to __init__.cpython-310.pyc
[3.174s] byte-compiling /home/hassan/ros-tuts/patrol_ws/install/turtlebot3_example/lib/python3.10/site-packages/turtlebot3_example/turtlebot3_patrol_client/turtlebot3_patrol_client.py to turtlebot3_patrol_client.cpython-310.pyc
[3.175s] byte-compiling /home/hassan/ros-tuts/patrol_ws/install/turtlebot3_example/lib/python3.10/site-packages/turtlebot3_example/turtlebot3_patrol_client/main.py to main.cpython-310.pyc
[3.175s] running install_data
[3.175s] copying resource/turtlebot3_example -> /home/hassan/ros-tuts/patrol_ws/install/turtlebot3_example/share/ament_index/resource_index/packages
[3.176s] copying package.xml -> /home/hassan/ros-tuts/patrol_ws/install/turtlebot3_example/share/turtlebot3_example
[3.176s] running install_egg_info
[3.180s] Copying ../../../../build/turtlebot3_example/turtlebot3_example.egg-info to /home/hassan/ros-tuts/patrol_ws/install/turtlebot3_example/lib/python3.10/site-packages/turtlebot3_example-2.1.5-py3.10.egg-info
[3.183s] running install_scripts
[3.224s] Installing turtlebot3_obstacle_detection script to /home/hassan/ros-tuts/patrol_ws/install/turtlebot3_example/lib/turtlebot3_example
[3.224s] Installing turtlebot3_patrol_client script to /home/hassan/ros-tuts/patrol_ws/install/turtlebot3_example/lib/turtlebot3_example
[3.224s] Installing turtlebot3_patrol_server script to /home/hassan/ros-tuts/patrol_ws/install/turtlebot3_example/lib/turtlebot3_example
[3.225s] Installing turtlebot3_position_control script to /home/hassan/ros-tuts/patrol_ws/install/turtlebot3_example/lib/turtlebot3_example
[3.226s] writing list of installed files to '/home/hassan/ros-tuts/patrol_ws/build/turtlebot3_example/install.log'
[3.266s] Invoked command in '/home/hassan/ros-tuts/patrol_ws/src/turtlebot3/turtlebot3/turtlebot3_example' returned '0': AMENT_PREFIX_PATH=/home/hassan/ros-tuts/patrol_ws/install/turtlebot3_msgs:${AMENT_PREFIX_PATH} CMAKE_PREFIX_PATH=/home/hassan/ros-tuts/patrol_ws/install/turtlebot3_msgs:${CMAKE_PREFIX_PATH} LD_LIBRARY_PATH=/home/hassan/ros-tuts/patrol_ws/install/turtlebot3_msgs/lib:${LD_LIBRARY_PATH} PYTHONPATH=/home/hassan/ros-tuts/patrol_ws/build/turtlebot3_example/prefix_override:/usr/lib/python3/dist-packages/colcon_core/task/python/colcon_distutils_commands:/home/hassan/ros-tuts/patrol_ws/install/turtlebot3_example/lib/python3.10/site-packages:/home/hassan/ros-tuts/patrol_ws/install/turtlebot3_msgs/local/lib/python3.10/dist-packages:${PYTHONPATH} /usr/bin/python3 -W ignore:setup.py install is deprecated setup.py egg_info --egg-base ../../../../build/turtlebot3_example build --build-base /home/hassan/ros-tuts/patrol_ws/build/turtlebot3_example/build install --record /home/hassan/ros-tuts/patrol_ws/build/turtlebot3_example/install.log --single-version-externally-managed install_data --force
