[0.534s] Invoking command in '/home/hassaan/ros2_ws_p2/src/add_integers': AMENT_PREFIX_PATH=/home/hassaan/ros2_ws_p2/install/custom_interfaces CMAKE_PREFIX_PATH=/home/hassaan/ros2_ws_p2/install/custom_interfaces DEBUGINFOD_URLS=https://debuginfod.ubuntu.com LD_LIBRARY_PATH=/home/hassaan/ros2_ws_p2/install/custom_interfaces/lib PYTHONPATH=/home/hassaan/ros2_ws_p2/build/add_integers/prefix_override:/usr/lib/python3/dist-packages/colcon_core/task/python/colcon_distutils_commands:/home/hassaan/ros2_ws_p2/install/add_integers/lib/python3.12/site-packages:/home/hassaan/ros2_ws_p2/install/custom_interfaces/lib/python3.12/site-packages /usr/bin/python3 -W ignore:setup.py install is deprecated setup.py egg_info --egg-base ../../build/add_integers build --build-base /home/hassaan/ros2_ws_p2/build/add_integers/build install --record /home/hassaan/ros2_ws_p2/build/add_integers/install.log --single-version-externally-managed install_data
[0.669s] running egg_info
[0.669s] creating ../../build/add_integers/add_integers.egg-info
[0.677s] writing ../../build/add_integers/add_integers.egg-info/PKG-INFO
[0.677s] writing dependency_links to ../../build/add_integers/add_integers.egg-info/dependency_links.txt
[0.677s] writing entry points to ../../build/add_integers/add_integers.egg-info/entry_points.txt
[0.677s] writing requirements to ../../build/add_integers/add_integers.egg-info/requires.txt
[0.677s] writing top-level names to ../../build/add_integers/add_integers.egg-info/top_level.txt
[0.677s] writing manifest file '../../build/add_integers/add_integers.egg-info/SOURCES.txt'
[0.692s] reading manifest file '../../build/add_integers/add_integers.egg-info/SOURCES.txt'
[0.692s] writing manifest file '../../build/add_integers/add_integers.egg-info/SOURCES.txt'
[0.693s] running build
[0.693s] running build_py
[0.693s] creating /home/hassaan/ros2_ws_p2/build/add_integers/build
[0.693s] creating /home/hassaan/ros2_ws_p2/build/add_integers/build/lib
[0.693s] creating /home/hassaan/ros2_ws_p2/build/add_integers/build/lib/add_integers
[0.693s] copying add_integers/client_node.py -> /home/hassaan/ros2_ws_p2/build/add_integers/build/lib/add_integers
[0.693s] copying add_integers/service_node.py -> /home/hassaan/ros2_ws_p2/build/add_integers/build/lib/add_integers
[0.693s] copying add_integers/__init__.py -> /home/hassaan/ros2_ws_p2/build/add_integers/build/lib/add_integers
[0.693s] running install
[0.698s] running install_lib
[0.705s] creating /home/hassaan/ros2_ws_p2/install/add_integers/lib/python3.12/site-packages/add_integers
[0.705s] copying /home/hassaan/ros2_ws_p2/build/add_integers/build/lib/add_integers/client_node.py -> /home/hassaan/ros2_ws_p2/install/add_integers/lib/python3.12/site-packages/add_integers
[0.705s] copying /home/hassaan/ros2_ws_p2/build/add_integers/build/lib/add_integers/service_node.py -> /home/hassaan/ros2_ws_p2/install/add_integers/lib/python3.12/site-packages/add_integers
[0.705s] copying /home/hassaan/ros2_ws_p2/build/add_integers/build/lib/add_integers/__init__.py -> /home/hassaan/ros2_ws_p2/install/add_integers/lib/python3.12/site-packages/add_integers
[0.706s] byte-compiling /home/hassaan/ros2_ws_p2/install/add_integers/lib/python3.12/site-packages/add_integers/client_node.py to client_node.cpython-312.pyc
[0.706s] byte-compiling /home/hassaan/ros2_ws_p2/install/add_integers/lib/python3.12/site-packages/add_integers/service_node.py to service_node.cpython-312.pyc
[0.707s] byte-compiling /home/hassaan/ros2_ws_p2/install/add_integers/lib/python3.12/site-packages/add_integers/__init__.py to __init__.cpython-312.pyc
[0.707s] running install_data
[0.707s] creating /home/hassaan/ros2_ws_p2/install/add_integers/share/ament_index
[0.707s] creating /home/hassaan/ros2_ws_p2/install/add_integers/share/ament_index/resource_index
[0.707s] creating /home/hassaan/ros2_ws_p2/install/add_integers/share/ament_index/resource_index/packages
[0.707s] copying resource/add_integers -> /home/hassaan/ros2_ws_p2/install/add_integers/share/ament_index/resource_index/packages
[0.707s] copying package.xml -> /home/hassaan/ros2_ws_p2/install/add_integers/share/add_integers
[0.707s] running install_egg_info
[0.716s] Copying ../../build/add_integers/add_integers.egg-info to /home/hassaan/ros2_ws_p2/install/add_integers/lib/python3.12/site-packages/add_integers-0.0.0-py3.12.egg-info
[0.716s] running install_scripts
[0.777s] Installing addition_client script to /home/hassaan/ros2_ws_p2/install/add_integers/lib/add_integers
[0.778s] Installing addition_service script to /home/hassaan/ros2_ws_p2/install/add_integers/lib/add_integers
[0.778s] writing list of installed files to '/home/hassaan/ros2_ws_p2/build/add_integers/install.log'
[0.797s] Invoked command in '/home/hassaan/ros2_ws_p2/src/add_integers' returned '0': AMENT_PREFIX_PATH=/home/hassaan/ros2_ws_p2/install/custom_interfaces CMAKE_PREFIX_PATH=/home/hassaan/ros2_ws_p2/install/custom_interfaces DEBUGINFOD_URLS=https://debuginfod.ubuntu.com LD_LIBRARY_PATH=/home/hassaan/ros2_ws_p2/install/custom_interfaces/lib PYTHONPATH=/home/hassaan/ros2_ws_p2/build/add_integers/prefix_override:/usr/lib/python3/dist-packages/colcon_core/task/python/colcon_distutils_commands:/home/hassaan/ros2_ws_p2/install/add_integers/lib/python3.12/site-packages:/home/hassaan/ros2_ws_p2/install/custom_interfaces/lib/python3.12/site-packages /usr/bin/python3 -W ignore:setup.py install is deprecated setup.py egg_info --egg-base ../../build/add_integers build --build-base /home/hassaan/ros2_ws_p2/build/add_integers/build install --record /home/hassaan/ros2_ws_p2/build/add_integers/install.log --single-version-externally-managed install_data
