[0.007s] Invoking command in '/home/hassaan/ros2_ws_p2/build/custom_interfaces': DEBUGINFOD_URLS=https://debuginfod.ubuntu.com /usr/bin/cmake --build /home/hassaan/ros2_ws_p2/build/custom_interfaces -- -j8 -l8
[0.039s] [  2%] Built target custom_interfaces__rosidl_generator_type_description
[0.045s] [  2%] Built target ament_cmake_python_copy_custom_interfaces
[0.052s] [  5%] Built target custom_interfaces__cpp
[0.052s] [ 20%] Built target custom_interfaces__rosidl_generator_c
[0.070s] [ 29%] Built target custom_interfaces__rosidl_typesupport_cpp
[0.072s] [ 70%] Built target custom_interfaces__rosidl_typesupport_c
[0.072s] [ 70%] Built target custom_interfaces__rosidl_typesupport_fastrtps_cpp
[0.072s] [ 70%] Built target custom_interfaces__rosidl_typesupport_introspection_c
[0.072s] [ 70%] Built target custom_interfaces__rosidl_typesupport_fastrtps_c
[0.072s] [ 73%] Built target custom_interfaces__rosidl_typesupport_introspection_cpp
[0.085s] [ 73%] Built target custom_interfaces
[0.099s] [ 76%] Built target custom_interfaces__py
[0.117s] [ 82%] Built target custom_interfaces__rosidl_generator_py
[0.132s] [100%] Built target custom_interfaces_s__rosidl_typesupport_fastrtps_c
[0.132s] [100%] Built target custom_interfaces_s__rosidl_typesupport_introspection_c
[0.132s] [100%] Built target custom_interfaces_s__rosidl_typesupport_c
[0.180s] running egg_info
[0.188s] writing custom_interfaces.egg-info/PKG-INFO
[0.188s] writing dependency_links to custom_interfaces.egg-info/dependency_links.txt
[0.188s] writing top-level names to custom_interfaces.egg-info/top_level.txt
[0.211s] reading manifest file 'custom_interfaces.egg-info/SOURCES.txt'
[0.211s] writing manifest file 'custom_interfaces.egg-info/SOURCES.txt'
[0.230s] [100%] Built target ament_cmake_python_build_custom_interfaces_egg
[0.237s] Invoked command in '/home/hassaan/ros2_ws_p2/build/custom_interfaces' returned '0': DEBUGINFOD_URLS=https://debuginfod.ubuntu.com /usr/bin/cmake --build /home/hassaan/ros2_ws_p2/build/custom_interfaces -- -j8 -l8
[0.277s] Invoking command in '/home/hassaan/ros2_ws_p2/build/custom_interfaces': DEBUGINFOD_URLS=https://debuginfod.ubuntu.com /usr/bin/cmake --install /home/hassaan/ros2_ws_p2/build/custom_interfaces
[0.283s] -- Install configuration: ""
[0.283s] -- Up-to-date: /home/hassaan/ros2_ws_p2/install/custom_interfaces/share/ament_index/resource_index/rosidl_interfaces/custom_interfaces
[0.283s] -- Up-to-date: /home/hassaan/ros2_ws_p2/install/custom_interfaces/share/custom_interfaces/srv/AddTwoInts.json
[0.283s] -- Up-to-date: /home/hassaan/ros2_ws_p2/install/custom_interfaces/include/custom_interfaces/custom_interfaces
[0.283s] -- Up-to-date: /home/hassaan/ros2_ws_p2/install/custom_interfaces/include/custom_interfaces/custom_interfaces/msg
[0.283s] -- Up-to-date: /home/hassaan/ros2_ws_p2/install/custom_interfaces/include/custom_interfaces/custom_interfaces/msg/rosidl_generator_c__visibility_control.h
[0.283s] -- Up-to-date: /home/hassaan/ros2_ws_p2/install/custom_interfaces/include/custom_interfaces/custom_interfaces/srv
[0.283s] -- Up-to-date: /home/hassaan/ros2_ws_p2/install/custom_interfaces/include/custom_interfaces/custom_interfaces/srv/add_two_ints.h
[0.283s] -- Up-to-date: /home/hassaan/ros2_ws_p2/install/custom_interfaces/include/custom_interfaces/custom_interfaces/srv/detail
[0.283s] -- Up-to-date: /home/hassaan/ros2_ws_p2/install/custom_interfaces/include/custom_interfaces/custom_interfaces/srv/detail/add_two_ints__functions.h
[0.283s] -- Up-to-date: /home/hassaan/ros2_ws_p2/install/custom_interfaces/include/custom_interfaces/custom_interfaces/srv/detail/add_two_ints__functions.c
[0.283s] -- Up-to-date: /home/hassaan/ros2_ws_p2/install/custom_interfaces/include/custom_interfaces/custom_interfaces/srv/detail/add_two_ints__struct.h
[0.283s] -- Up-to-date: /home/hassaan/ros2_ws_p2/install/custom_interfaces/include/custom_interfaces/custom_interfaces/srv/detail/add_two_ints__description.c
[0.284s] -- Up-to-date: /home/hassaan/ros2_ws_p2/install/custom_interfaces/include/custom_interfaces/custom_interfaces/srv/detail/add_two_ints__type_support.h
[0.284s] -- Up-to-date: /home/hassaan/ros2_ws_p2/install/custom_interfaces/include/custom_interfaces/custom_interfaces/srv/detail/add_two_ints__type_support.c
[0.284s] -- Up-to-date: /home/hassaan/ros2_ws_p2/install/custom_interfaces/share/custom_interfaces/environment/library_path.sh
[0.284s] -- Up-to-date: /home/hassaan/ros2_ws_p2/install/custom_interfaces/share/custom_interfaces/environment/library_path.dsv
[0.284s] -- Up-to-date: /home/hassaan/ros2_ws_p2/install/custom_interfaces/lib/libcustom_interfaces__rosidl_generator_c.so
[0.284s] -- Up-to-date: /home/hassaan/ros2_ws_p2/install/custom_interfaces/include/custom_interfaces/custom_interfaces
[0.284s] -- Up-to-date: /home/hassaan/ros2_ws_p2/install/custom_interfaces/include/custom_interfaces/custom_interfaces/msg
[0.284s] -- Up-to-date: /home/hassaan/ros2_ws_p2/install/custom_interfaces/include/custom_interfaces/custom_interfaces/msg/rosidl_typesupport_fastrtps_c__visibility_control.h
[0.284s] -- Up-to-date: /home/hassaan/ros2_ws_p2/install/custom_interfaces/include/custom_interfaces/custom_interfaces/srv
[0.284s] -- Up-to-date: /home/hassaan/ros2_ws_p2/install/custom_interfaces/include/custom_interfaces/custom_interfaces/srv/detail
[0.284s] -- Up-to-date: /home/hassaan/ros2_ws_p2/install/custom_interfaces/include/custom_interfaces/custom_interfaces/srv/detail/add_two_ints__rosidl_typesupport_fastrtps_c.h
[0.284s] -- Up-to-date: /home/hassaan/ros2_ws_p2/install/custom_interfaces/lib/libcustom_interfaces__rosidl_typesupport_fastrtps_c.so
[0.284s] -- Up-to-date: /home/hassaan/ros2_ws_p2/install/custom_interfaces/include/custom_interfaces/custom_interfaces
[0.284s] -- Up-to-date: /home/hassaan/ros2_ws_p2/install/custom_interfaces/include/custom_interfaces/custom_interfaces/msg
[0.284s] -- Up-to-date: /home/hassaan/ros2_ws_p2/install/custom_interfaces/include/custom_interfaces/custom_interfaces/msg/rosidl_typesupport_introspection_c__visibility_control.h
[0.284s] -- Up-to-date: /home/hassaan/ros2_ws_p2/install/custom_interfaces/include/custom_interfaces/custom_interfaces/srv
[0.284s] -- Up-to-date: /home/hassaan/ros2_ws_p2/install/custom_interfaces/include/custom_interfaces/custom_interfaces/srv/detail
[0.284s] -- Up-to-date: /home/hassaan/ros2_ws_p2/install/custom_interfaces/include/custom_interfaces/custom_interfaces/srv/detail/add_two_ints__rosidl_typesupport_introspection_c.h
[0.285s] -- Up-to-date: /home/hassaan/ros2_ws_p2/install/custom_interfaces/include/custom_interfaces/custom_interfaces/srv/detail/add_two_ints__type_support.c
[0.285s] -- Up-to-date: /home/hassaan/ros2_ws_p2/install/custom_interfaces/lib/libcustom_interfaces__rosidl_typesupport_introspection_c.so
[0.285s] -- Up-to-date: /home/hassaan/ros2_ws_p2/install/custom_interfaces/lib/libcustom_interfaces__rosidl_typesupport_c.so
[0.285s] -- Up-to-date: /home/hassaan/ros2_ws_p2/install/custom_interfaces/include/custom_interfaces/custom_interfaces
[0.285s] -- Up-to-date: /home/hassaan/ros2_ws_p2/install/custom_interfaces/include/custom_interfaces/custom_interfaces/msg
[0.285s] -- Up-to-date: /home/hassaan/ros2_ws_p2/install/custom_interfaces/include/custom_interfaces/custom_interfaces/msg/rosidl_generator_cpp__visibility_control.hpp
[0.285s] -- Up-to-date: /home/hassaan/ros2_ws_p2/install/custom_interfaces/include/custom_interfaces/custom_interfaces/srv
[0.285s] -- Up-to-date: /home/hassaan/ros2_ws_p2/install/custom_interfaces/include/custom_interfaces/custom_interfaces/srv/detail
[0.285s] -- Up-to-date: /home/hassaan/ros2_ws_p2/install/custom_interfaces/include/custom_interfaces/custom_interfaces/srv/detail/add_two_ints__struct.hpp
[0.285s] -- Up-to-date: /home/hassaan/ros2_ws_p2/install/custom_interfaces/include/custom_interfaces/custom_interfaces/srv/detail/add_two_ints__type_support.hpp
[0.285s] -- Up-to-date: /home/hassaan/ros2_ws_p2/install/custom_interfaces/include/custom_interfaces/custom_interfaces/srv/detail/add_two_ints__traits.hpp
[0.285s] -- Up-to-date: /home/hassaan/ros2_ws_p2/install/custom_interfaces/include/custom_interfaces/custom_interfaces/srv/detail/add_two_ints__builder.hpp
[0.285s] -- Up-to-date: /home/hassaan/ros2_ws_p2/install/custom_interfaces/include/custom_interfaces/custom_interfaces/srv/add_two_ints.hpp
[0.285s] -- Up-to-date: /home/hassaan/ros2_ws_p2/install/custom_interfaces/include/custom_interfaces/custom_interfaces
[0.285s] -- Up-to-date: /home/hassaan/ros2_ws_p2/install/custom_interfaces/include/custom_interfaces/custom_interfaces/msg
[0.285s] -- Up-to-date: /home/hassaan/ros2_ws_p2/install/custom_interfaces/include/custom_interfaces/custom_interfaces/msg/rosidl_typesupport_fastrtps_cpp__visibility_control.h
[0.285s] -- Up-to-date: /home/hassaan/ros2_ws_p2/install/custom_interfaces/include/custom_interfaces/custom_interfaces/srv
[0.285s] -- Up-to-date: /home/hassaan/ros2_ws_p2/install/custom_interfaces/include/custom_interfaces/custom_interfaces/srv/detail
[0.286s] -- Up-to-date: /home/hassaan/ros2_ws_p2/install/custom_interfaces/include/custom_interfaces/custom_interfaces/srv/detail/add_two_ints__rosidl_typesupport_fastrtps_cpp.hpp
[0.286s] -- Up-to-date: /home/hassaan/ros2_ws_p2/install/custom_interfaces/include/custom_interfaces/custom_interfaces/srv/detail/dds_fastrtps
[0.286s] -- Up-to-date: /home/hassaan/ros2_ws_p2/install/custom_interfaces/lib/libcustom_interfaces__rosidl_typesupport_fastrtps_cpp.so
[0.286s] -- Up-to-date: /home/hassaan/ros2_ws_p2/install/custom_interfaces/include/custom_interfaces/custom_interfaces
[0.286s] -- Up-to-date: /home/hassaan/ros2_ws_p2/install/custom_interfaces/include/custom_interfaces/custom_interfaces/srv
[0.286s] -- Up-to-date: /home/hassaan/ros2_ws_p2/install/custom_interfaces/include/custom_interfaces/custom_interfaces/srv/detail
[0.286s] -- Up-to-date: /home/hassaan/ros2_ws_p2/install/custom_interfaces/include/custom_interfaces/custom_interfaces/srv/detail/add_two_ints__type_support.cpp
[0.286s] -- Up-to-date: /home/hassaan/ros2_ws_p2/install/custom_interfaces/include/custom_interfaces/custom_interfaces/srv/detail/add_two_ints__rosidl_typesupport_introspection_cpp.hpp
[0.286s] -- Up-to-date: /home/hassaan/ros2_ws_p2/install/custom_interfaces/lib/libcustom_interfaces__rosidl_typesupport_introspection_cpp.so
[0.286s] -- Up-to-date: /home/hassaan/ros2_ws_p2/install/custom_interfaces/lib/libcustom_interfaces__rosidl_typesupport_cpp.so
[0.286s] -- Up-to-date: /home/hassaan/ros2_ws_p2/install/custom_interfaces/share/custom_interfaces/environment/pythonpath.sh
[0.286s] -- Up-to-date: /home/hassaan/ros2_ws_p2/install/custom_interfaces/share/custom_interfaces/environment/pythonpath.dsv
[0.286s] -- Up-to-date: /home/hassaan/ros2_ws_p2/install/custom_interfaces/lib/python3.12/site-packages/custom_interfaces-0.0.0-py3.12.egg-info
[0.286s] -- Installing: /home/hassaan/ros2_ws_p2/install/custom_interfaces/lib/python3.12/site-packages/custom_interfaces-0.0.0-py3.12.egg-info/dependency_links.txt
[0.286s] -- Installing: /home/hassaan/ros2_ws_p2/install/custom_interfaces/lib/python3.12/site-packages/custom_interfaces-0.0.0-py3.12.egg-info/top_level.txt
[0.286s] -- Installing: /home/hassaan/ros2_ws_p2/install/custom_interfaces/lib/python3.12/site-packages/custom_interfaces-0.0.0-py3.12.egg-info/PKG-INFO
[0.286s] -- Installing: /home/hassaan/ros2_ws_p2/install/custom_interfaces/lib/python3.12/site-packages/custom_interfaces-0.0.0-py3.12.egg-info/SOURCES.txt
[0.286s] -- Up-to-date: /home/hassaan/ros2_ws_p2/install/custom_interfaces/lib/python3.12/site-packages/custom_interfaces
[0.286s] -- Up-to-date: /home/hassaan/ros2_ws_p2/install/custom_interfaces/lib/python3.12/site-packages/custom_interfaces/custom_interfaces_s__rosidl_typesupport_fastrtps_c.so
[0.286s] -- Up-to-date: /home/hassaan/ros2_ws_p2/install/custom_interfaces/lib/python3.12/site-packages/custom_interfaces/_custom_interfaces_s.ep.rosidl_typesupport_fastrtps_c.c
[0.287s] -- Up-to-date: /home/hassaan/ros2_ws_p2/install/custom_interfaces/lib/python3.12/site-packages/custom_interfaces/custom_interfaces_s__rosidl_typesupport_c.so
[0.287s] -- Up-to-date: /home/hassaan/ros2_ws_p2/install/custom_interfaces/lib/python3.12/site-packages/custom_interfaces/_custom_interfaces_s.ep.rosidl_typesupport_c.c
[0.287s] -- Up-to-date: /home/hassaan/ros2_ws_p2/install/custom_interfaces/lib/python3.12/site-packages/custom_interfaces/__init__.py
[0.287s] -- Up-to-date: /home/hassaan/ros2_ws_p2/install/custom_interfaces/lib/python3.12/site-packages/custom_interfaces/custom_interfaces_s__rosidl_typesupport_introspection_c.so
[0.287s] -- Up-to-date: /home/hassaan/ros2_ws_p2/install/custom_interfaces/lib/python3.12/site-packages/custom_interfaces/_custom_interfaces_s.ep.rosidl_typesupport_introspection_c.c
[0.287s] -- Up-to-date: /home/hassaan/ros2_ws_p2/install/custom_interfaces/lib/python3.12/site-packages/custom_interfaces/srv
[0.287s] -- Up-to-date: /home/hassaan/ros2_ws_p2/install/custom_interfaces/lib/python3.12/site-packages/custom_interfaces/srv/_add_two_ints.py
[0.287s] -- Up-to-date: /home/hassaan/ros2_ws_p2/install/custom_interfaces/lib/python3.12/site-packages/custom_interfaces/srv/_add_two_ints_s.c
[0.287s] -- Up-to-date: /home/hassaan/ros2_ws_p2/install/custom_interfaces/lib/python3.12/site-packages/custom_interfaces/srv/__init__.py
[0.312s] Listing '/home/hassaan/ros2_ws_p2/install/custom_interfaces/lib/python3.12/site-packages/custom_interfaces'...
[0.312s] Listing '/home/hassaan/ros2_ws_p2/install/custom_interfaces/lib/python3.12/site-packages/custom_interfaces/srv'...
[0.316s] -- Up-to-date: /home/hassaan/ros2_ws_p2/install/custom_interfaces/lib/python3.12/site-packages/custom_interfaces/custom_interfaces_s__rosidl_typesupport_fastrtps_c.so
[0.316s] -- Up-to-date: /home/hassaan/ros2_ws_p2/install/custom_interfaces/lib/python3.12/site-packages/custom_interfaces/custom_interfaces_s__rosidl_typesupport_introspection_c.so
[0.316s] -- Up-to-date: /home/hassaan/ros2_ws_p2/install/custom_interfaces/lib/python3.12/site-packages/custom_interfaces/custom_interfaces_s__rosidl_typesupport_c.so
[0.316s] -- Up-to-date: /home/hassaan/ros2_ws_p2/install/custom_interfaces/lib/libcustom_interfaces__rosidl_generator_py.so
[0.316s] -- Up-to-date: /home/hassaan/ros2_ws_p2/install/custom_interfaces/share/custom_interfaces/srv/AddTwoInts.idl
[0.316s] -- Up-to-date: /home/hassaan/ros2_ws_p2/install/custom_interfaces/share/custom_interfaces/srv/AddTwoInts.srv
[0.316s] -- Up-to-date: /home/hassaan/ros2_ws_p2/install/custom_interfaces/share/ament_index/resource_index/package_run_dependencies/custom_interfaces
[0.316s] -- Up-to-date: /home/hassaan/ros2_ws_p2/install/custom_interfaces/share/ament_index/resource_index/parent_prefix_path/custom_interfaces
[0.316s] -- Up-to-date: /home/hassaan/ros2_ws_p2/install/custom_interfaces/share/custom_interfaces/environment/ament_prefix_path.sh
[0.316s] -- Up-to-date: /home/hassaan/ros2_ws_p2/install/custom_interfaces/share/custom_interfaces/environment/ament_prefix_path.dsv
[0.316s] -- Up-to-date: /home/hassaan/ros2_ws_p2/install/custom_interfaces/share/custom_interfaces/environment/path.sh
[0.316s] -- Up-to-date: /home/hassaan/ros2_ws_p2/install/custom_interfaces/share/custom_interfaces/environment/path.dsv
[0.317s] -- Up-to-date: /home/hassaan/ros2_ws_p2/install/custom_interfaces/share/custom_interfaces/local_setup.bash
[0.317s] -- Up-to-date: /home/hassaan/ros2_ws_p2/install/custom_interfaces/share/custom_interfaces/local_setup.sh
[0.317s] -- Up-to-date: /home/hassaan/ros2_ws_p2/install/custom_interfaces/share/custom_interfaces/local_setup.zsh
[0.317s] -- Up-to-date: /home/hassaan/ros2_ws_p2/install/custom_interfaces/share/custom_interfaces/local_setup.dsv
[0.317s] -- Installing: /home/hassaan/ros2_ws_p2/install/custom_interfaces/share/custom_interfaces/package.dsv
[0.317s] -- Up-to-date: /home/hassaan/ros2_ws_p2/install/custom_interfaces/share/ament_index/resource_index/packages/custom_interfaces
[0.317s] -- Up-to-date: /home/hassaan/ros2_ws_p2/install/custom_interfaces/share/custom_interfaces/cmake/export_custom_interfaces__rosidl_generator_cExport.cmake
[0.317s] -- Up-to-date: /home/hassaan/ros2_ws_p2/install/custom_interfaces/share/custom_interfaces/cmake/export_custom_interfaces__rosidl_generator_cExport-noconfig.cmake
[0.317s] -- Up-to-date: /home/hassaan/ros2_ws_p2/install/custom_interfaces/share/custom_interfaces/cmake/export_custom_interfaces__rosidl_typesupport_fastrtps_cExport.cmake
[0.317s] -- Up-to-date: /home/hassaan/ros2_ws_p2/install/custom_interfaces/share/custom_interfaces/cmake/export_custom_interfaces__rosidl_typesupport_fastrtps_cExport-noconfig.cmake
[0.317s] -- Up-to-date: /home/hassaan/ros2_ws_p2/install/custom_interfaces/share/custom_interfaces/cmake/custom_interfaces__rosidl_typesupport_introspection_cExport.cmake
[0.317s] -- Up-to-date: /home/hassaan/ros2_ws_p2/install/custom_interfaces/share/custom_interfaces/cmake/custom_interfaces__rosidl_typesupport_introspection_cExport-noconfig.cmake
[0.317s] -- Up-to-date: /home/hassaan/ros2_ws_p2/install/custom_interfaces/share/custom_interfaces/cmake/custom_interfaces__rosidl_typesupport_cExport.cmake
[0.317s] -- Up-to-date: /home/hassaan/ros2_ws_p2/install/custom_interfaces/share/custom_interfaces/cmake/custom_interfaces__rosidl_typesupport_cExport-noconfig.cmake
[0.317s] -- Up-to-date: /home/hassaan/ros2_ws_p2/install/custom_interfaces/share/custom_interfaces/cmake/export_custom_interfaces__rosidl_generator_cppExport.cmake
[0.317s] -- Up-to-date: /home/hassaan/ros2_ws_p2/install/custom_interfaces/share/custom_interfaces/cmake/export_custom_interfaces__rosidl_typesupport_fastrtps_cppExport.cmake
[0.317s] -- Up-to-date: /home/hassaan/ros2_ws_p2/install/custom_interfaces/share/custom_interfaces/cmake/export_custom_interfaces__rosidl_typesupport_fastrtps_cppExport-noconfig.cmake
[0.317s] -- Up-to-date: /home/hassaan/ros2_ws_p2/install/custom_interfaces/share/custom_interfaces/cmake/custom_interfaces__rosidl_typesupport_introspection_cppExport.cmake
[0.318s] -- Up-to-date: /home/hassaan/ros2_ws_p2/install/custom_interfaces/share/custom_interfaces/cmake/custom_interfaces__rosidl_typesupport_introspection_cppExport-noconfig.cmake
[0.318s] -- Up-to-date: /home/hassaan/ros2_ws_p2/install/custom_interfaces/share/custom_interfaces/cmake/custom_interfaces__rosidl_typesupport_cppExport.cmake
[0.318s] -- Up-to-date: /home/hassaan/ros2_ws_p2/install/custom_interfaces/share/custom_interfaces/cmake/custom_interfaces__rosidl_typesupport_cppExport-noconfig.cmake
[0.318s] -- Up-to-date: /home/hassaan/ros2_ws_p2/install/custom_interfaces/share/custom_interfaces/cmake/export_custom_interfaces__rosidl_generator_pyExport.cmake
[0.318s] -- Up-to-date: /home/hassaan/ros2_ws_p2/install/custom_interfaces/share/custom_interfaces/cmake/export_custom_interfaces__rosidl_generator_pyExport-noconfig.cmake
[0.318s] -- Up-to-date: /home/hassaan/ros2_ws_p2/install/custom_interfaces/share/custom_interfaces/cmake/rosidl_cmake-extras.cmake
[0.318s] -- Up-to-date: /home/hassaan/ros2_ws_p2/install/custom_interfaces/share/custom_interfaces/cmake/ament_cmake_export_dependencies-extras.cmake
[0.318s] -- Up-to-date: /home/hassaan/ros2_ws_p2/install/custom_interfaces/share/custom_interfaces/cmake/ament_cmake_export_include_directories-extras.cmake
[0.318s] -- Up-to-date: /home/hassaan/ros2_ws_p2/install/custom_interfaces/share/custom_interfaces/cmake/ament_cmake_export_libraries-extras.cmake
[0.318s] -- Up-to-date: /home/hassaan/ros2_ws_p2/install/custom_interfaces/share/custom_interfaces/cmake/ament_cmake_export_targets-extras.cmake
[0.318s] -- Up-to-date: /home/hassaan/ros2_ws_p2/install/custom_interfaces/share/custom_interfaces/cmake/rosidl_cmake_export_typesupport_targets-extras.cmake
[0.318s] -- Up-to-date: /home/hassaan/ros2_ws_p2/install/custom_interfaces/share/custom_interfaces/cmake/rosidl_cmake_export_typesupport_libraries-extras.cmake
[0.318s] -- Up-to-date: /home/hassaan/ros2_ws_p2/install/custom_interfaces/share/custom_interfaces/cmake/custom_interfacesConfig.cmake
[0.318s] -- Up-to-date: /home/hassaan/ros2_ws_p2/install/custom_interfaces/share/custom_interfaces/cmake/custom_interfacesConfig-version.cmake
[0.318s] -- Up-to-date: /home/hassaan/ros2_ws_p2/install/custom_interfaces/share/custom_interfaces/package.xml
[0.319s] Invoked command in '/home/hassaan/ros2_ws_p2/build/custom_interfaces' returned '0': DEBUGINFOD_URLS=https://debuginfod.ubuntu.com /usr/bin/cmake --install /home/hassaan/ros2_ws_p2/build/custom_interfaces
