[0.069s] Invoking command in '/home/hassan/ros-tuts/partrolbot_ws/build/dynamixel_sdk': CMAKE_PREFIX_PATH=${CMAKE_PREFIX_PATH}:/opt/ros/humble /usr/bin/cmake --build /home/hassan/ros-tuts/partrolbot_ws/build/dynamixel_sdk -- -j8 -l8
[0.178s] [35m[1mConsolidate compiler generated dependencies of target dynamixel_sdk[0m
[0.222s] [100%] Built target dynamixel_sdk
[0.283s] Invoked command in '/home/hassan/ros-tuts/partrolbot_ws/build/dynamixel_sdk' returned '0': CMAKE_PREFIX_PATH=${CMAKE_PREFIX_PATH}:/opt/ros/humble /usr/bin/cmake --build /home/hassan/ros-tuts/partrolbot_ws/build/dynamixel_sdk -- -j8 -l8
[0.604s] Invoking command in '/home/hassan/ros-tuts/partrolbot_ws/build/dynamixel_sdk': CMAKE_PREFIX_PATH=${CMAKE_PREFIX_PATH}:/opt/ros/humble /usr/bin/cmake --install /home/hassan/ros-tuts/partrolbot_ws/build/dynamixel_sdk
[0.685s] -- Install configuration: ""
[0.685s] -- Execute custom install script
[0.686s] -- Up-to-date symlink: /home/hassan/ros-tuts/partrolbot_ws/install/dynamixel_sdk/include//dynamixel_sdk/dynamixel_sdk.h
[0.693s] -- Up-to-date symlink: /home/hassan/ros-tuts/partrolbot_ws/install/dynamixel_sdk/include//dynamixel_sdk/group_bulk_read.h
[0.703s] -- Up-to-date symlink: /home/hassan/ros-tuts/partrolbot_ws/install/dynamixel_sdk/include//dynamixel_sdk/group_bulk_write.h
[0.703s] -- Up-to-date symlink: /home/hassan/ros-tuts/partrolbot_ws/install/dynamixel_sdk/include//dynamixel_sdk/group_sync_read.h
[0.703s] -- Up-to-date symlink: /home/hassan/ros-tuts/partrolbot_ws/install/dynamixel_sdk/include//dynamixel_sdk/group_sync_write.h
[0.704s] -- Up-to-date symlink: /home/hassan/ros-tuts/partrolbot_ws/install/dynamixel_sdk/include//dynamixel_sdk/packet_handler.h
[0.704s] -- Up-to-date symlink: /home/hassan/ros-tuts/partrolbot_ws/install/dynamixel_sdk/include//dynamixel_sdk/port_handler.h
[0.704s] -- Up-to-date symlink: /home/hassan/ros-tuts/partrolbot_ws/install/dynamixel_sdk/include//dynamixel_sdk/port_handler_arduino.h
[0.704s] -- Up-to-date symlink: /home/hassan/ros-tuts/partrolbot_ws/install/dynamixel_sdk/include//dynamixel_sdk/port_handler_linux.h
[0.704s] -- Up-to-date symlink: /home/hassan/ros-tuts/partrolbot_ws/install/dynamixel_sdk/include//dynamixel_sdk/port_handler_mac.h
[0.705s] -- Up-to-date symlink: /home/hassan/ros-tuts/partrolbot_ws/install/dynamixel_sdk/include//dynamixel_sdk/port_handler_windows.h
[0.705s] -- Up-to-date symlink: /home/hassan/ros-tuts/partrolbot_ws/install/dynamixel_sdk/include//dynamixel_sdk/protocol1_packet_handler.h
[0.705s] -- Up-to-date symlink: /home/hassan/ros-tuts/partrolbot_ws/install/dynamixel_sdk/include//dynamixel_sdk/protocol2_packet_handler.h
[0.705s] -- Up-to-date symlink: /home/hassan/ros-tuts/partrolbot_ws/install/dynamixel_sdk/lib/libdynamixel_sdk.so
[0.705s] -- Up-to-date symlink: /home/hassan/ros-tuts/partrolbot_ws/install/dynamixel_sdk/share/dynamixel_sdk/environment/library_path.sh
[0.708s] -- Up-to-date symlink: /home/hassan/ros-tuts/partrolbot_ws/install/dynamixel_sdk/share/dynamixel_sdk/environment/library_path.dsv
[0.708s] -- Up-to-date symlink: /home/hassan/ros-tuts/partrolbot_ws/install/dynamixel_sdk/share/ament_index/resource_index/package_run_dependencies/dynamixel_sdk
[0.708s] -- Up-to-date symlink: /home/hassan/ros-tuts/partrolbot_ws/install/dynamixel_sdk/share/ament_index/resource_index/parent_prefix_path/dynamixel_sdk
[0.708s] -- Up-to-date symlink: /home/hassan/ros-tuts/partrolbot_ws/install/dynamixel_sdk/share/dynamixel_sdk/environment/ament_prefix_path.sh
[0.712s] -- Up-to-date symlink: /home/hassan/ros-tuts/partrolbot_ws/install/dynamixel_sdk/share/dynamixel_sdk/environment/ament_prefix_path.dsv
[0.712s] -- Up-to-date symlink: /home/hassan/ros-tuts/partrolbot_ws/install/dynamixel_sdk/share/dynamixel_sdk/environment/path.sh
[0.712s] -- Up-to-date symlink: /home/hassan/ros-tuts/partrolbot_ws/install/dynamixel_sdk/share/dynamixel_sdk/environment/path.dsv
[0.712s] -- Up-to-date symlink: /home/hassan/ros-tuts/partrolbot_ws/install/dynamixel_sdk/share/dynamixel_sdk/local_setup.bash
[0.712s] -- Up-to-date symlink: /home/hassan/ros-tuts/partrolbot_ws/install/dynamixel_sdk/share/dynamixel_sdk/local_setup.sh
[0.713s] -- Up-to-date symlink: /home/hassan/ros-tuts/partrolbot_ws/install/dynamixel_sdk/share/dynamixel_sdk/local_setup.zsh
[0.713s] -- Up-to-date symlink: /home/hassan/ros-tuts/partrolbot_ws/install/dynamixel_sdk/share/dynamixel_sdk/local_setup.dsv
[0.713s] -- Symlinking: /home/hassan/ros-tuts/partrolbot_ws/install/dynamixel_sdk/share/dynamixel_sdk/package.dsv
[0.720s] -- Up-to-date symlink: /home/hassan/ros-tuts/partrolbot_ws/install/dynamixel_sdk/share/ament_index/resource_index/packages/dynamixel_sdk
[0.721s] -- Up-to-date symlink: /home/hassan/ros-tuts/partrolbot_ws/install/dynamixel_sdk/share/dynamixel_sdk/cmake/ament_cmake_export_include_directories-extras.cmake
[0.721s] -- Up-to-date symlink: /home/hassan/ros-tuts/partrolbot_ws/install/dynamixel_sdk/share/dynamixel_sdk/cmake/ament_cmake_export_libraries-extras.cmake
[0.721s] -- Up-to-date symlink: /home/hassan/ros-tuts/partrolbot_ws/install/dynamixel_sdk/share/dynamixel_sdk/cmake/dynamixel_sdkConfig.cmake
[0.721s] -- Up-to-date symlink: /home/hassan/ros-tuts/partrolbot_ws/install/dynamixel_sdk/share/dynamixel_sdk/cmake/dynamixel_sdkConfig-version.cmake
[0.721s] -- Up-to-date symlink: /home/hassan/ros-tuts/partrolbot_ws/install/dynamixel_sdk/share/dynamixel_sdk/package.xml
[0.876s] Invoked command in '/home/hassan/ros-tuts/partrolbot_ws/build/dynamixel_sdk' returned '0': CMAKE_PREFIX_PATH=${CMAKE_PREFIX_PATH}:/opt/ros/humble /usr/bin/cmake --install /home/hassan/ros-tuts/partrolbot_ws/build/dynamixel_sdk
