[0.028s] Invoking command in '/home/hassan/ros-tuts/partrolbot_ws/build/dynamixel_sdk': CMAKE_PREFIX_PATH=${CMAKE_PREFIX_PATH}:/home/hassan/ros-tuts/partrolbot_ws/install/turtlebot3_teleop:/home/hassan/ros-tuts/partrolbot_ws/install/turtlebot3_example:/home/hassan/ros-tuts/partrolbot_ws/install/tb3_sim:/opt/ros/humble /usr/bin/cmake /home/hassan/ros-tuts/partrolbot_ws/src/utils/DynamixelSDK/dynamixel_sdk -DAMENT_CMAKE_SYMLINK_INSTALL=1 -DCMAKE_INSTALL_PREFIX=/home/hassan/ros-tuts/partrolbot_ws/install/dynamixel_sdk
[0.159s] -- The C compiler identification is GNU 11.4.0
[0.278s] -- The CXX compiler identification is GNU 11.4.0
[0.291s] -- Detecting C compiler ABI info
[0.405s] -- Detecting C compiler ABI info - done
[0.430s] -- Check for working C compiler: /usr/bin/cc - skipped
[0.431s] -- Detecting C compile features
[0.434s] -- Detecting C compile features - done
[0.438s] -- Detecting CXX compiler ABI info
[0.602s] -- Detecting CXX compiler ABI info - done
[0.613s] -- Check for working CXX compiler: /usr/bin/c++ - skipped
[0.613s] -- Detecting CXX compile features
[0.614s] -- Detecting CXX compile features - done
[0.617s] -- Found ament_cmake: 1.3.10 (/opt/ros/humble/share/ament_cmake/cmake)
[0.826s] -- Found Python3: /usr/bin/python3 (found version "3.10.12") found components: Interpreter 
[0.953s] -- Override CMake install command with custom implementation using symlinks instead of copying resources
[1.102s] -- Configuring done
[1.109s] -- Generating done
[1.114s] -- Build files have been written to: /home/hassan/ros-tuts/partrolbot_ws/build/dynamixel_sdk
[1.126s] Invoked command in '/home/hassan/ros-tuts/partrolbot_ws/build/dynamixel_sdk' returned '0': CMAKE_PREFIX_PATH=${CMAKE_PREFIX_PATH}:/home/hassan/ros-tuts/partrolbot_ws/install/turtlebot3_teleop:/home/hassan/ros-tuts/partrolbot_ws/install/turtlebot3_example:/home/hassan/ros-tuts/partrolbot_ws/install/tb3_sim:/opt/ros/humble /usr/bin/cmake /home/hassan/ros-tuts/partrolbot_ws/src/utils/DynamixelSDK/dynamixel_sdk -DAMENT_CMAKE_SYMLINK_INSTALL=1 -DCMAKE_INSTALL_PREFIX=/home/hassan/ros-tuts/partrolbot_ws/install/dynamixel_sdk
[1.127s] Invoking command in '/home/hassan/ros-tuts/partrolbot_ws/build/dynamixel_sdk': CMAKE_PREFIX_PATH=${CMAKE_PREFIX_PATH}:/home/hassan/ros-tuts/partrolbot_ws/install/turtlebot3_teleop:/home/hassan/ros-tuts/partrolbot_ws/install/turtlebot3_example:/home/hassan/ros-tuts/partrolbot_ws/install/tb3_sim:/opt/ros/humble /usr/bin/cmake --build /home/hassan/ros-tuts/partrolbot_ws/build/dynamixel_sdk -- -j8 -l8
[1.185s] [ 10%] [32mBuilding CXX object CMakeFiles/dynamixel_sdk.dir/src/dynamixel_sdk/protocol1_packet_handler.cpp.o[0m
[1.185s] [ 20%] [32mBuilding CXX object CMakeFiles/dynamixel_sdk.dir/src/dynamixel_sdk/group_sync_read.cpp.o[0m
[1.189s] [ 30%] [32mBuilding CXX object CMakeFiles/dynamixel_sdk.dir/src/dynamixel_sdk/group_sync_write.cpp.o[0m
[1.193s] [ 40%] [32mBuilding CXX object CMakeFiles/dynamixel_sdk.dir/src/dynamixel_sdk/group_bulk_read.cpp.o[0m
[1.197s] [ 50%] [32mBuilding CXX object CMakeFiles/dynamixel_sdk.dir/src/dynamixel_sdk/packet_handler.cpp.o[0m
[1.200s] [ 60%] [32mBuilding CXX object CMakeFiles/dynamixel_sdk.dir/src/dynamixel_sdk/group_bulk_write.cpp.o[0m
[1.204s] [ 70%] [32mBuilding CXX object CMakeFiles/dynamixel_sdk.dir/src/dynamixel_sdk/protocol2_packet_handler.cpp.o[0m
[1.204s] [ 80%] [32mBuilding CXX object CMakeFiles/dynamixel_sdk.dir/src/dynamixel_sdk/port_handler.cpp.o[0m
[1.311s] [ 90%] [32mBuilding CXX object CMakeFiles/dynamixel_sdk.dir/src/dynamixel_sdk/port_handler_linux.cpp.o[0m
[2.276s] [100%] [32m[1mLinking CXX shared library libdynamixel_sdk.so[0m
[2.479s] [100%] Built target dynamixel_sdk
[2.812s] Invoked command in '/home/hassan/ros-tuts/partrolbot_ws/build/dynamixel_sdk' returned '0': CMAKE_PREFIX_PATH=${CMAKE_PREFIX_PATH}:/home/hassan/ros-tuts/partrolbot_ws/install/turtlebot3_teleop:/home/hassan/ros-tuts/partrolbot_ws/install/turtlebot3_example:/home/hassan/ros-tuts/partrolbot_ws/install/tb3_sim:/opt/ros/humble /usr/bin/cmake --build /home/hassan/ros-tuts/partrolbot_ws/build/dynamixel_sdk -- -j8 -l8
[2.932s] Invoking command in '/home/hassan/ros-tuts/partrolbot_ws/build/dynamixel_sdk': CMAKE_PREFIX_PATH=${CMAKE_PREFIX_PATH}:/home/hassan/ros-tuts/partrolbot_ws/install/turtlebot3_teleop:/home/hassan/ros-tuts/partrolbot_ws/install/turtlebot3_example:/home/hassan/ros-tuts/partrolbot_ws/install/tb3_sim:/opt/ros/humble /usr/bin/cmake --install /home/hassan/ros-tuts/partrolbot_ws/build/dynamixel_sdk
[2.948s] -- Install configuration: ""
[2.949s] -- Execute custom install script
[2.949s] -- Symlinking: /home/hassan/ros-tuts/partrolbot_ws/install/dynamixel_sdk/include//dynamixel_sdk/dynamixel_sdk.h
[2.963s] -- Symlinking: /home/hassan/ros-tuts/partrolbot_ws/install/dynamixel_sdk/include//dynamixel_sdk/group_bulk_read.h
[2.986s] -- Symlinking: /home/hassan/ros-tuts/partrolbot_ws/install/dynamixel_sdk/include//dynamixel_sdk/group_bulk_write.h
[2.993s] -- Symlinking: /home/hassan/ros-tuts/partrolbot_ws/install/dynamixel_sdk/include//dynamixel_sdk/group_sync_read.h
[3.007s] -- Symlinking: /home/hassan/ros-tuts/partrolbot_ws/install/dynamixel_sdk/include//dynamixel_sdk/group_sync_write.h
[3.019s] -- Symlinking: /home/hassan/ros-tuts/partrolbot_ws/install/dynamixel_sdk/include//dynamixel_sdk/packet_handler.h
[3.033s] -- Symlinking: /home/hassan/ros-tuts/partrolbot_ws/install/dynamixel_sdk/include//dynamixel_sdk/port_handler.h
[3.048s] -- Symlinking: /home/hassan/ros-tuts/partrolbot_ws/install/dynamixel_sdk/include//dynamixel_sdk/port_handler_arduino.h
[3.071s] -- Symlinking: /home/hassan/ros-tuts/partrolbot_ws/install/dynamixel_sdk/include//dynamixel_sdk/port_handler_linux.h
[3.088s] -- Symlinking: /home/hassan/ros-tuts/partrolbot_ws/install/dynamixel_sdk/include//dynamixel_sdk/port_handler_mac.h
[3.104s] -- Symlinking: /home/hassan/ros-tuts/partrolbot_ws/install/dynamixel_sdk/include//dynamixel_sdk/port_handler_windows.h
[3.115s] -- Symlinking: /home/hassan/ros-tuts/partrolbot_ws/install/dynamixel_sdk/include//dynamixel_sdk/protocol1_packet_handler.h
[3.133s] -- Symlinking: /home/hassan/ros-tuts/partrolbot_ws/install/dynamixel_sdk/include//dynamixel_sdk/protocol2_packet_handler.h
[3.144s] -- Symlinking: /home/hassan/ros-tuts/partrolbot_ws/install/dynamixel_sdk/lib/libdynamixel_sdk.so
[3.156s] -- Symlinking: /home/hassan/ros-tuts/partrolbot_ws/install/dynamixel_sdk/share/dynamixel_sdk/environment/library_path.sh
[3.172s] -- Symlinking: /home/hassan/ros-tuts/partrolbot_ws/install/dynamixel_sdk/share/dynamixel_sdk/environment/library_path.dsv
[3.185s] -- Symlinking: /home/hassan/ros-tuts/partrolbot_ws/install/dynamixel_sdk/share/ament_index/resource_index/package_run_dependencies/dynamixel_sdk
[3.196s] -- Symlinking: /home/hassan/ros-tuts/partrolbot_ws/install/dynamixel_sdk/share/ament_index/resource_index/parent_prefix_path/dynamixel_sdk
[3.206s] -- Symlinking: /home/hassan/ros-tuts/partrolbot_ws/install/dynamixel_sdk/share/dynamixel_sdk/environment/ament_prefix_path.sh
[3.217s] -- Symlinking: /home/hassan/ros-tuts/partrolbot_ws/install/dynamixel_sdk/share/dynamixel_sdk/environment/ament_prefix_path.dsv
[3.228s] -- Symlinking: /home/hassan/ros-tuts/partrolbot_ws/install/dynamixel_sdk/share/dynamixel_sdk/environment/path.sh
[3.241s] -- Symlinking: /home/hassan/ros-tuts/partrolbot_ws/install/dynamixel_sdk/share/dynamixel_sdk/environment/path.dsv
[3.252s] -- Symlinking: /home/hassan/ros-tuts/partrolbot_ws/install/dynamixel_sdk/share/dynamixel_sdk/local_setup.bash
[3.264s] -- Symlinking: /home/hassan/ros-tuts/partrolbot_ws/install/dynamixel_sdk/share/dynamixel_sdk/local_setup.sh
[3.277s] -- Symlinking: /home/hassan/ros-tuts/partrolbot_ws/install/dynamixel_sdk/share/dynamixel_sdk/local_setup.zsh
[3.292s] -- Symlinking: /home/hassan/ros-tuts/partrolbot_ws/install/dynamixel_sdk/share/dynamixel_sdk/local_setup.dsv
[3.306s] -- Symlinking: /home/hassan/ros-tuts/partrolbot_ws/install/dynamixel_sdk/share/dynamixel_sdk/package.dsv
[3.319s] -- Symlinking: /home/hassan/ros-tuts/partrolbot_ws/install/dynamixel_sdk/share/ament_index/resource_index/packages/dynamixel_sdk
[3.340s] -- Symlinking: /home/hassan/ros-tuts/partrolbot_ws/install/dynamixel_sdk/share/dynamixel_sdk/cmake/ament_cmake_export_include_directories-extras.cmake
[3.345s] -- Symlinking: /home/hassan/ros-tuts/partrolbot_ws/install/dynamixel_sdk/share/dynamixel_sdk/cmake/ament_cmake_export_libraries-extras.cmake
[3.356s] -- Symlinking: /home/hassan/ros-tuts/partrolbot_ws/install/dynamixel_sdk/share/dynamixel_sdk/cmake/dynamixel_sdkConfig.cmake
[3.381s] -- Symlinking: /home/hassan/ros-tuts/partrolbot_ws/install/dynamixel_sdk/share/dynamixel_sdk/cmake/dynamixel_sdkConfig-version.cmake
[3.396s] -- Symlinking: /home/hassan/ros-tuts/partrolbot_ws/install/dynamixel_sdk/share/dynamixel_sdk/package.xml
[3.421s] Invoked command in '/home/hassan/ros-tuts/partrolbot_ws/build/dynamixel_sdk' returned '0': CMAKE_PREFIX_PATH=${CMAKE_PREFIX_PATH}:/home/hassan/ros-tuts/partrolbot_ws/install/turtlebot3_teleop:/home/hassan/ros-tuts/partrolbot_ws/install/turtlebot3_example:/home/hassan/ros-tuts/partrolbot_ws/install/tb3_sim:/opt/ros/humble /usr/bin/cmake --install /home/hassan/ros-tuts/partrolbot_ws/build/dynamixel_sdk
