[0.427s] Invoking command in '/home/hassaan/ros2_ws/src/talker_listener': DEBUGINFOD_URLS=https://debuginfod.ubuntu.com PYTHONPATH=/home/hassaan/ros2_ws/build/talker_listener/prefix_override:/usr/lib/python3/dist-packages/colcon_core/task/python/colcon_distutils_commands:/home/hassaan/ros2_ws/install/talker_listener/lib/python3.12/site-packages:${PYTHONPATH} /usr/bin/python3 -W ignore:setup.py install is deprecated setup.py egg_info --egg-base ../../build/talker_listener build --build-base /home/hassaan/ros2_ws/build/talker_listener/build install --record /home/hassaan/ros2_ws/build/talker_listener/install.log --single-version-externally-managed install_data
[0.561s] running egg_info
[0.568s] writing ../../build/talker_listener/talker_listener.egg-info/PKG-INFO
[0.568s] writing dependency_links to ../../build/talker_listener/talker_listener.egg-info/dependency_links.txt
[0.568s] writing entry points to ../../build/talker_listener/talker_listener.egg-info/entry_points.txt
[0.569s] writing requirements to ../../build/talker_listener/talker_listener.egg-info/requires.txt
[0.569s] writing top-level names to ../../build/talker_listener/talker_listener.egg-info/top_level.txt
[0.584s] reading manifest file '../../build/talker_listener/talker_listener.egg-info/SOURCES.txt'
[0.584s] writing manifest file '../../build/talker_listener/talker_listener.egg-info/SOURCES.txt'
[0.584s] running build
[0.584s] running build_py
[0.584s] running install
[0.589s] running install_lib
[0.597s] running install_data
[0.597s] copying launch/talker_listener.launch.py -> /home/hassaan/ros2_ws/install/talker_listener/share/talker_listener/launch/
[0.597s] running install_egg_info
[0.606s] removing '/home/hassaan/ros2_ws/install/talker_listener/lib/python3.12/site-packages/talker_listener-0.0.0-py3.12.egg-info' (and everything under it)
[0.606s] Copying ../../build/talker_listener/talker_listener.egg-info to /home/hassaan/ros2_ws/install/talker_listener/lib/python3.12/site-packages/talker_listener-0.0.0-py3.12.egg-info
[0.607s] running install_scripts
[0.666s] Installing listenerNode script to /home/hassaan/ros2_ws/install/talker_listener/lib/talker_listener
[0.666s] Installing talkerNode script to /home/hassaan/ros2_ws/install/talker_listener/lib/talker_listener
[0.666s] writing list of installed files to '/home/hassaan/ros2_ws/build/talker_listener/install.log'
[0.686s] Invoked command in '/home/hassaan/ros2_ws/src/talker_listener' returned '0': DEBUGINFOD_URLS=https://debuginfod.ubuntu.com PYTHONPATH=/home/hassaan/ros2_ws/build/talker_listener/prefix_override:/usr/lib/python3/dist-packages/colcon_core/task/python/colcon_distutils_commands:/home/hassaan/ros2_ws/install/talker_listener/lib/python3.12/site-packages:${PYTHONPATH} /usr/bin/python3 -W ignore:setup.py install is deprecated setup.py egg_info --egg-base ../../build/talker_listener build --build-base /home/hassaan/ros2_ws/build/talker_listener/build install --record /home/hassaan/ros2_ws/build/talker_listener/install.log --single-version-externally-managed install_data
