running egg_info
writing ../../build/add_integers/add_integers.egg-info/PKG-INFO
writing dependency_links to ../../build/add_integers/add_integers.egg-info/dependency_links.txt
writing entry points to ../../build/add_integers/add_integers.egg-info/entry_points.txt
writing requirements to ../../build/add_integers/add_integers.egg-info/requires.txt
writing top-level names to ../../build/add_integers/add_integers.egg-info/top_level.txt
reading manifest file '../../build/add_integers/add_integers.egg-info/SOURCES.txt'
writing manifest file '../../build/add_integers/add_integers.egg-info/SOURCES.txt'
running build
running build_py
copying add_integers/client_node.py -> /home/hassaan/ros2_ws_p2/build/add_integers/build/lib/add_integers
running install
running install_lib
copying /home/hassaan/ros2_ws_p2/build/add_integers/build/lib/add_integers/client_node.py -> /home/hassaan/ros2_ws_p2/install/add_integers/lib/python3.12/site-packages/add_integers
byte-compiling /home/hassaan/ros2_ws_p2/install/add_integers/lib/python3.12/site-packages/add_integers/client_node.py to client_node.cpython-312.pyc
running install_data
running install_egg_info
removing '/home/hassaan/ros2_ws_p2/install/add_integers/lib/python3.12/site-packages/add_integers-0.0.0-py3.12.egg-info' (and everything under it)
Copying ../../build/add_integers/add_integers.egg-info to /home/hassaan/ros2_ws_p2/install/add_integers/lib/python3.12/site-packages/add_integers-0.0.0-py3.12.egg-info
running install_scripts
Installing addition_client script to /home/hassaan/ros2_ws_p2/install/add_integers/lib/add_integers
Installing addition_service script to /home/hassaan/ros2_ws_p2/install/add_integers/lib/add_integers
writing list of installed files to '/home/hassaan/ros2_ws_p2/build/add_integers/install.log'
