[0.591s] Invoking command in '/home/hassaan/ros2_ws_p2/src/add_integers': DEBUGINFOD_URLS=https://debuginfod.ubuntu.com PYTHONPATH=/home/hassaan/ros2_ws_p2/build/add_integers/prefix_override:/usr/lib/python3/dist-packages/colcon_core/task/python/colcon_distutils_commands:/home/hassaan/ros2_ws_p2/install/add_integers/lib/python3.12/site-packages:/home/hassaan/ros2_ws_p2/install/custom_interfaces/lib/python3.12/site-packages:/home/hassaan/ros2_ws_p2/install/add_integers/lib/python3.12/site-packages:/opt/ros/jazzy/lib/python3.12/site-packages /usr/bin/python3 -W ignore:setup.py install is deprecated setup.py egg_info --egg-base ../../build/add_integers build --build-base /home/hassaan/ros2_ws_p2/build/add_integers/build install --record /home/hassaan/ros2_ws_p2/build/add_integers/install.log --single-version-externally-managed install_data
[0.798s] running egg_info
[0.813s] writing ../../build/add_integers/add_integers.egg-info/PKG-INFO
[0.813s] writing dependency_links to ../../build/add_integers/add_integers.egg-info/dependency_links.txt
[0.813s] writing entry points to ../../build/add_integers/add_integers.egg-info/entry_points.txt
[0.813s] writing requirements to ../../build/add_integers/add_integers.egg-info/requires.txt
[0.814s] writing top-level names to ../../build/add_integers/add_integers.egg-info/top_level.txt
[0.843s] reading manifest file '../../build/add_integers/add_integers.egg-info/SOURCES.txt'
[0.843s] writing manifest file '../../build/add_integers/add_integers.egg-info/SOURCES.txt'
[0.843s] running build
[0.844s] running build_py
[0.844s] copying add_integers/client_node.py -> /home/hassaan/ros2_ws_p2/build/add_integers/build/lib/add_integers
[0.844s] running install
[0.850s] running install_lib
[0.865s] copying /home/hassaan/ros2_ws_p2/build/add_integers/build/lib/add_integers/client_node.py -> /home/hassaan/ros2_ws_p2/install/add_integers/lib/python3.12/site-packages/add_integers
[0.866s] byte-compiling /home/hassaan/ros2_ws_p2/install/add_integers/lib/python3.12/site-packages/add_integers/client_node.py to client_node.cpython-312.pyc
[0.867s] running install_data
[0.867s] running install_egg_info
[0.883s] removing '/home/hassaan/ros2_ws_p2/install/add_integers/lib/python3.12/site-packages/add_integers-0.0.0-py3.12.egg-info' (and everything under it)
[0.883s] Copying ../../build/add_integers/add_integers.egg-info to /home/hassaan/ros2_ws_p2/install/add_integers/lib/python3.12/site-packages/add_integers-0.0.0-py3.12.egg-info
[0.883s] running install_scripts
[0.981s] Installing addition_client script to /home/hassaan/ros2_ws_p2/install/add_integers/lib/add_integers
[0.981s] Installing addition_service script to /home/hassaan/ros2_ws_p2/install/add_integers/lib/add_integers
[0.981s] writing list of installed files to '/home/hassaan/ros2_ws_p2/build/add_integers/install.log'
[1.003s] Invoked command in '/home/hassaan/ros2_ws_p2/src/add_integers' returned '0': DEBUGINFOD_URLS=https://debuginfod.ubuntu.com PYTHONPATH=/home/hassaan/ros2_ws_p2/build/add_integers/prefix_override:/usr/lib/python3/dist-packages/colcon_core/task/python/colcon_distutils_commands:/home/hassaan/ros2_ws_p2/install/add_integers/lib/python3.12/site-packages:/home/hassaan/ros2_ws_p2/install/custom_interfaces/lib/python3.12/site-packages:/home/hassaan/ros2_ws_p2/install/add_integers/lib/python3.12/site-packages:/opt/ros/jazzy/lib/python3.12/site-packages /usr/bin/python3 -W ignore:setup.py install is deprecated setup.py egg_info --egg-base ../../build/add_integers build --build-base /home/hassaan/ros2_ws_p2/build/add_integers/build install --record /home/hassaan/ros2_ws_p2/build/add_integers/install.log --single-version-externally-managed install_data
