[0.662s] Invoking command in '/home/hassaan/ros2_ws_p2/src/add_integers': AMENT_PREFIX_PATH=/home/hassaan/ros2_ws_p2/install/custom_interfaces:${AMENT_PREFIX_PATH} CMAKE_PREFIX_PATH=/home/hassaan/ros2_ws_p2/install/custom_interfaces:${CMAKE_PREFIX_PATH} DEBUGINFOD_URLS=https://debuginfod.ubuntu.com LD_LIBRARY_PATH=/home/hassaan/ros2_ws_p2/install/custom_interfaces/lib:${LD_LIBRARY_PATH} PYTHONPATH=/home/hassaan/ros2_ws_p2/build/add_integers/prefix_override:/usr/lib/python3/dist-packages/colcon_core/task/python/colcon_distutils_commands:/home/hassaan/ros2_ws_p2/install/add_integers/lib/python3.12/site-packages:/home/hassaan/ros2_ws_p2/install/custom_interfaces/lib/python3.12/site-packages:${PYTHONPATH} /usr/bin/python3 -W ignore:setup.py install is deprecated setup.py egg_info --egg-base ../../build/add_integers build --build-base /home/hassaan/ros2_ws_p2/build/add_integers/build install --record /home/hassaan/ros2_ws_p2/build/add_integers/install.log --single-version-externally-managed install_data
[0.874s] running egg_info
[0.889s] writing ../../build/add_integers/add_integers.egg-info/PKG-INFO
[0.889s] writing dependency_links to ../../build/add_integers/add_integers.egg-info/dependency_links.txt
[0.889s] writing entry points to ../../build/add_integers/add_integers.egg-info/entry_points.txt
[0.889s] writing requirements to ../../build/add_integers/add_integers.egg-info/requires.txt
[0.889s] writing top-level names to ../../build/add_integers/add_integers.egg-info/top_level.txt
[0.921s] reading manifest file '../../build/add_integers/add_integers.egg-info/SOURCES.txt'
[0.921s] writing manifest file '../../build/add_integers/add_integers.egg-info/SOURCES.txt'
[0.921s] running build
[0.921s] running build_py
[0.921s] running install
[0.927s] running install_lib
[0.942s] running install_data
[0.942s] running install_egg_info
[0.959s] removing '/home/hassaan/ros2_ws_p2/install/add_integers/lib/python3.12/site-packages/add_integers-0.0.0-py3.12.egg-info' (and everything under it)
[0.960s] Copying ../../build/add_integers/add_integers.egg-info to /home/hassaan/ros2_ws_p2/install/add_integers/lib/python3.12/site-packages/add_integers-0.0.0-py3.12.egg-info
[0.960s] running install_scripts
[1.067s] Installing addition_client script to /home/hassaan/ros2_ws_p2/install/add_integers/lib/add_integers
[1.067s] Installing addition_service script to /home/hassaan/ros2_ws_p2/install/add_integers/lib/add_integers
[1.067s] writing list of installed files to '/home/hassaan/ros2_ws_p2/build/add_integers/install.log'
[1.093s] Invoked command in '/home/hassaan/ros2_ws_p2/src/add_integers' returned '0': AMENT_PREFIX_PATH=/home/hassaan/ros2_ws_p2/install/custom_interfaces:${AMENT_PREFIX_PATH} CMAKE_PREFIX_PATH=/home/hassaan/ros2_ws_p2/install/custom_interfaces:${CMAKE_PREFIX_PATH} DEBUGINFOD_URLS=https://debuginfod.ubuntu.com LD_LIBRARY_PATH=/home/hassaan/ros2_ws_p2/install/custom_interfaces/lib:${LD_LIBRARY_PATH} PYTHONPATH=/home/hassaan/ros2_ws_p2/build/add_integers/prefix_override:/usr/lib/python3/dist-packages/colcon_core/task/python/colcon_distutils_commands:/home/hassaan/ros2_ws_p2/install/add_integers/lib/python3.12/site-packages:/home/hassaan/ros2_ws_p2/install/custom_interfaces/lib/python3.12/site-packages:${PYTHONPATH} /usr/bin/python3 -W ignore:setup.py install is deprecated setup.py egg_info --egg-base ../../build/add_integers build --build-base /home/hassaan/ros2_ws_p2/build/add_integers/build install --record /home/hassaan/ros2_ws_p2/build/add_integers/install.log --single-version-externally-managed install_data
