[0.550s] Invoking command in '/home/hassaan/ros2_ws/src/talker_listener': DEBUGINFOD_URLS=https://debuginfod.ubuntu.com PYTHONPATH=/home/hassaan/ros2_ws/build/talker_listener/prefix_override:/usr/lib/python3/dist-packages/colcon_core/task/python/colcon_distutils_commands:/home/hassaan/ros2_ws/install/talker_listener/lib/python3.12/site-packages:${PYTHONPATH} /usr/bin/python3 -W ignore:setup.py install is deprecated setup.py egg_info --egg-base ../../build/talker_listener build --build-base /home/hassaan/ros2_ws/build/talker_listener/build install --record /home/hassaan/ros2_ws/build/talker_listener/install.log --single-version-externally-managed install_data
[0.731s] running egg_info
[0.744s] writing ../../build/talker_listener/talker_listener.egg-info/PKG-INFO
[0.744s] writing dependency_links to ../../build/talker_listener/talker_listener.egg-info/dependency_links.txt
[0.744s] writing entry points to ../../build/talker_listener/talker_listener.egg-info/entry_points.txt
[0.744s] writing requirements to ../../build/talker_listener/talker_listener.egg-info/requires.txt
[0.744s] writing top-level names to ../../build/talker_listener/talker_listener.egg-info/top_level.txt
[0.770s] reading manifest file '../../build/talker_listener/talker_listener.egg-info/SOURCES.txt'
[0.771s] writing manifest file '../../build/talker_listener/talker_listener.egg-info/SOURCES.txt'
[0.771s] running build
[0.771s] running build_py
[0.771s] copying talker_listener/talker_node.py -> /home/hassaan/ros2_ws/build/talker_listener/build/lib/talker_listener
[0.771s] copying talker_listener/listener_node.py -> /home/hassaan/ros2_ws/build/talker_listener/build/lib/talker_listener
[0.771s] running install
[0.776s] running install_lib
[0.789s] copying /home/hassaan/ros2_ws/build/talker_listener/build/lib/talker_listener/talker_node.py -> /home/hassaan/ros2_ws/install/talker_listener/lib/python3.12/site-packages/talker_listener
[0.789s] copying /home/hassaan/ros2_ws/build/talker_listener/build/lib/talker_listener/listener_node.py -> /home/hassaan/ros2_ws/install/talker_listener/lib/python3.12/site-packages/talker_listener
[0.789s] byte-compiling /home/hassaan/ros2_ws/install/talker_listener/lib/python3.12/site-packages/talker_listener/talker_node.py to talker_node.cpython-312.pyc
[0.790s] byte-compiling /home/hassaan/ros2_ws/install/talker_listener/lib/python3.12/site-packages/talker_listener/listener_node.py to listener_node.cpython-312.pyc
[0.790s] running install_data
[0.790s] copying launch/talker_listener.launch.py -> /home/hassaan/ros2_ws/install/talker_listener/share/talker_listener/launch/
[0.790s] running install_egg_info
[0.806s] removing '/home/hassaan/ros2_ws/install/talker_listener/lib/python3.12/site-packages/talker_listener-0.0.0-py3.12.egg-info' (and everything under it)
[0.806s] Copying ../../build/talker_listener/talker_listener.egg-info to /home/hassaan/ros2_ws/install/talker_listener/lib/python3.12/site-packages/talker_listener-0.0.0-py3.12.egg-info
[0.807s] running install_scripts
[0.894s] Installing listenerNode script to /home/hassaan/ros2_ws/install/talker_listener/lib/talker_listener
[0.894s] Installing talkerNode script to /home/hassaan/ros2_ws/install/talker_listener/lib/talker_listener
[0.894s] writing list of installed files to '/home/hassaan/ros2_ws/build/talker_listener/install.log'
[0.918s] Invoked command in '/home/hassaan/ros2_ws/src/talker_listener' returned '0': DEBUGINFOD_URLS=https://debuginfod.ubuntu.com PYTHONPATH=/home/hassaan/ros2_ws/build/talker_listener/prefix_override:/usr/lib/python3/dist-packages/colcon_core/task/python/colcon_distutils_commands:/home/hassaan/ros2_ws/install/talker_listener/lib/python3.12/site-packages:${PYTHONPATH} /usr/bin/python3 -W ignore:setup.py install is deprecated setup.py egg_info --egg-base ../../build/talker_listener build --build-base /home/hassaan/ros2_ws/build/talker_listener/build install --record /home/hassaan/ros2_ws/build/talker_listener/install.log --single-version-externally-managed install_data
