[2.246s] Invoking command in '/home/hassan/ros-tuts/patrol_ws/build/turtlebot3_teleop': PYTHONPATH=/home/hassan/ros-tuts/patrol_ws/build/turtlebot3_teleop/prefix_override:/usr/lib/python3/dist-packages/colcon_core/task/python/colcon_distutils_commands:/home/hassan/ros-tuts/patrol_ws/install/turtlebot3_teleop/lib/python3.10/site-packages:${PYTHONPATH} /usr/bin/python3 -W ignore:setup.py install is deprecated setup.py develop --editable --build-directory /home/hassan/ros-tuts/patrol_ws/build/turtlebot3_teleop/build --no-deps symlink_data
[3.161s] running develop
[3.169s] /usr/lib/python3/dist-packages/setuptools/command/easy_install.py:158: EasyInstallDeprecationWarning: easy_install command is deprecated. Use build and pip and other standards-based tools.
[3.170s]   warnings.warn(
[3.864s] running egg_info
[3.864s] creating turtlebot3_teleop.egg-info
[3.865s] writing turtlebot3_teleop.egg-info/PKG-INFO
[3.865s] writing dependency_links to turtlebot3_teleop.egg-info/dependency_links.txt
[3.869s] writing entry points to turtlebot3_teleop.egg-info/entry_points.txt
[3.869s] writing requirements to turtlebot3_teleop.egg-info/requires.txt
[3.870s] writing top-level names to turtlebot3_teleop.egg-info/top_level.txt
[3.870s] writing manifest file 'turtlebot3_teleop.egg-info/SOURCES.txt'
[3.873s] reading manifest file 'turtlebot3_teleop.egg-info/SOURCES.txt'
[3.875s] writing manifest file 'turtlebot3_teleop.egg-info/SOURCES.txt'
[3.879s] running build_ext
[3.880s] Creating /home/hassan/ros-tuts/patrol_ws/install/turtlebot3_teleop/lib/python3.10/site-packages/turtlebot3-teleop.egg-link (link to .)
[3.884s] Installing teleop_keyboard script to /home/hassan/ros-tuts/patrol_ws/install/turtlebot3_teleop/lib/turtlebot3_teleop
[3.884s] 
[3.885s] Installed /home/hassan/ros-tuts/patrol_ws/build/turtlebot3_teleop
[3.885s] running symlink_data
[3.885s] creating /home/hassan/ros-tuts/patrol_ws/install/turtlebot3_teleop/share/ament_index
[3.885s] creating /home/hassan/ros-tuts/patrol_ws/install/turtlebot3_teleop/share/ament_index/resource_index
[3.885s] creating /home/hassan/ros-tuts/patrol_ws/install/turtlebot3_teleop/share/ament_index/resource_index/packages
[3.886s] symbolically linking /home/hassan/ros-tuts/patrol_ws/build/turtlebot3_teleop/resource/turtlebot3_teleop -> /home/hassan/ros-tuts/patrol_ws/install/turtlebot3_teleop/share/ament_index/resource_index/packages
[3.886s] symbolically linking /home/hassan/ros-tuts/patrol_ws/build/turtlebot3_teleop/package.xml -> /home/hassan/ros-tuts/patrol_ws/install/turtlebot3_teleop/share/turtlebot3_teleop
[4.041s] Invoked command in '/home/hassan/ros-tuts/patrol_ws/build/turtlebot3_teleop' returned '0': PYTHONPATH=/home/hassan/ros-tuts/patrol_ws/build/turtlebot3_teleop/prefix_override:/usr/lib/python3/dist-packages/colcon_core/task/python/colcon_distutils_commands:/home/hassan/ros-tuts/patrol_ws/install/turtlebot3_teleop/lib/python3.10/site-packages:${PYTHONPATH} /usr/bin/python3 -W ignore:setup.py install is deprecated setup.py develop --editable --build-directory /home/hassan/ros-tuts/patrol_ws/build/turtlebot3_teleop/build --no-deps symlink_data
