[0.007s] Invoking command in '/home/hassaan/ros2_ws_p2/build/custom_interfaces': CMAKE_PREFIX_PATH=${CMAKE_PREFIX_PATH}:/home/hassaan/ros2_ws_p2/install/add_integers:/opt/ros/jazzy DEBUGINFOD_URLS=https://debuginfod.ubuntu.com /usr/bin/cmake --build /home/hassaan/ros2_ws_p2/build/custom_interfaces -- -j8 -l8
[0.042s] [  2%] Built target custom_interfaces__rosidl_generator_type_description
[0.048s] [  2%] Built target ament_cmake_python_copy_custom_interfaces
[0.055s] [  5%] Built target custom_interfaces__cpp
[0.055s] [ 20%] Built target custom_interfaces__rosidl_generator_c
[0.074s] [ 29%] Built target custom_interfaces__rosidl_typesupport_c
[0.076s] [ 64%] Built target custom_interfaces__rosidl_typesupport_fastrtps_c
[0.076s] [ 64%] Built target custom_interfaces__rosidl_typesupport_fastrtps_cpp
[0.076s] [ 64%] Built target custom_interfaces__rosidl_typesupport_cpp
[0.076s] [ 64%] Built target custom_interfaces__rosidl_typesupport_introspection_c
[0.078s] [ 73%] Built target custom_interfaces__rosidl_typesupport_introspection_cpp
[0.092s] [ 73%] Built target custom_interfaces
[0.107s] [ 76%] Built target custom_interfaces__py
[0.123s] [ 82%] Built target custom_interfaces__rosidl_generator_py
[0.139s] [ 94%] Built target custom_interfaces_s__rosidl_typesupport_fastrtps_c
[0.139s] [ 94%] Built target custom_interfaces_s__rosidl_typesupport_c
[0.139s] [100%] Built target custom_interfaces_s__rosidl_typesupport_introspection_c
[0.225s] running egg_info
[0.239s] writing custom_interfaces.egg-info/PKG-INFO
[0.239s] writing dependency_links to custom_interfaces.egg-info/dependency_links.txt
[0.239s] writing top-level names to custom_interfaces.egg-info/top_level.txt
[0.281s] reading manifest file 'custom_interfaces.egg-info/SOURCES.txt'
[0.282s] writing manifest file 'custom_interfaces.egg-info/SOURCES.txt'
[0.302s] [100%] Built target ament_cmake_python_build_custom_interfaces_egg
[0.310s] Invoked command in '/home/hassaan/ros2_ws_p2/build/custom_interfaces' returned '0': CMAKE_PREFIX_PATH=${CMAKE_PREFIX_PATH}:/home/hassaan/ros2_ws_p2/install/add_integers:/opt/ros/jazzy DEBUGINFOD_URLS=https://debuginfod.ubuntu.com /usr/bin/cmake --build /home/hassaan/ros2_ws_p2/build/custom_interfaces -- -j8 -l8
[0.354s] Invoking command in '/home/hassaan/ros2_ws_p2/build/custom_interfaces': CMAKE_PREFIX_PATH=${CMAKE_PREFIX_PATH}:/home/hassaan/ros2_ws_p2/install/add_integers:/opt/ros/jazzy DEBUGINFOD_URLS=https://debuginfod.ubuntu.com /usr/bin/cmake --install /home/hassaan/ros2_ws_p2/build/custom_interfaces
[0.360s] -- Install configuration: ""
[0.360s] -- Up-to-date: /home/hassaan/ros2_ws_p2/install/custom_interfaces/share/ament_index/resource_index/rosidl_interfaces/custom_interfaces
[0.360s] -- Up-to-date: /home/hassaan/ros2_ws_p2/install/custom_interfaces/share/custom_interfaces/srv/AddTwoInts.json
[0.360s] -- Up-to-date: /home/hassaan/ros2_ws_p2/install/custom_interfaces/include/custom_interfaces/custom_interfaces
[0.361s] -- Up-to-date: /home/hassaan/ros2_ws_p2/install/custom_interfaces/include/custom_interfaces/custom_interfaces/msg
[0.361s] -- Up-to-date: /home/hassaan/ros2_ws_p2/install/custom_interfaces/include/custom_interfaces/custom_interfaces/msg/rosidl_generator_c__visibility_control.h
[0.361s] -- Up-to-date: /home/hassaan/ros2_ws_p2/install/custom_interfaces/include/custom_interfaces/custom_interfaces/srv
[0.361s] -- Up-to-date: /home/hassaan/ros2_ws_p2/install/custom_interfaces/include/custom_interfaces/custom_interfaces/srv/add_two_ints.h
[0.361s] -- Up-to-date: /home/hassaan/ros2_ws_p2/install/custom_interfaces/include/custom_interfaces/custom_interfaces/srv/detail
[0.361s] -- Up-to-date: /home/hassaan/ros2_ws_p2/install/custom_interfaces/include/custom_interfaces/custom_interfaces/srv/detail/add_two_ints__functions.h
[0.361s] -- Up-to-date: /home/hassaan/ros2_ws_p2/install/custom_interfaces/include/custom_interfaces/custom_interfaces/srv/detail/add_two_ints__functions.c
[0.361s] -- Up-to-date: /home/hassaan/ros2_ws_p2/install/custom_interfaces/include/custom_interfaces/custom_interfaces/srv/detail/add_two_ints__struct.h
[0.361s] -- Up-to-date: /home/hassaan/ros2_ws_p2/install/custom_interfaces/include/custom_interfaces/custom_interfaces/srv/detail/add_two_ints__description.c
[0.361s] -- Up-to-date: /home/hassaan/ros2_ws_p2/install/custom_interfaces/include/custom_interfaces/custom_interfaces/srv/detail/add_two_ints__type_support.h
[0.361s] -- Up-to-date: /home/hassaan/ros2_ws_p2/install/custom_interfaces/include/custom_interfaces/custom_interfaces/srv/detail/add_two_ints__type_support.c
[0.361s] -- Up-to-date: /home/hassaan/ros2_ws_p2/install/custom_interfaces/share/custom_interfaces/environment/library_path.sh
[0.361s] -- Up-to-date: /home/hassaan/ros2_ws_p2/install/custom_interfaces/share/custom_interfaces/environment/library_path.dsv
[0.361s] -- Up-to-date: /home/hassaan/ros2_ws_p2/install/custom_interfaces/lib/libcustom_interfaces__rosidl_generator_c.so
[0.361s] -- Up-to-date: /home/hassaan/ros2_ws_p2/install/custom_interfaces/include/custom_interfaces/custom_interfaces
[0.361s] -- Up-to-date: /home/hassaan/ros2_ws_p2/install/custom_interfaces/include/custom_interfaces/custom_interfaces/msg
[0.361s] -- Up-to-date: /home/hassaan/ros2_ws_p2/install/custom_interfaces/include/custom_interfaces/custom_interfaces/msg/rosidl_typesupport_fastrtps_c__visibility_control.h
[0.361s] -- Up-to-date: /home/hassaan/ros2_ws_p2/install/custom_interfaces/include/custom_interfaces/custom_interfaces/srv
[0.362s] -- Up-to-date: /home/hassaan/ros2_ws_p2/install/custom_interfaces/include/custom_interfaces/custom_interfaces/srv/detail
[0.362s] -- Up-to-date: /home/hassaan/ros2_ws_p2/install/custom_interfaces/include/custom_interfaces/custom_interfaces/srv/detail/add_two_ints__rosidl_typesupport_fastrtps_c.h
[0.362s] -- Up-to-date: /home/hassaan/ros2_ws_p2/install/custom_interfaces/lib/libcustom_interfaces__rosidl_typesupport_fastrtps_c.so
[0.362s] -- Up-to-date: /home/hassaan/ros2_ws_p2/install/custom_interfaces/include/custom_interfaces/custom_interfaces
[0.362s] -- Up-to-date: /home/hassaan/ros2_ws_p2/install/custom_interfaces/include/custom_interfaces/custom_interfaces/msg
[0.362s] -- Up-to-date: /home/hassaan/ros2_ws_p2/install/custom_interfaces/include/custom_interfaces/custom_interfaces/msg/rosidl_typesupport_introspection_c__visibility_control.h
[0.362s] -- Up-to-date: /home/hassaan/ros2_ws_p2/install/custom_interfaces/include/custom_interfaces/custom_interfaces/srv
[0.362s] -- Up-to-date: /home/hassaan/ros2_ws_p2/install/custom_interfaces/include/custom_interfaces/custom_interfaces/srv/detail
[0.362s] -- Up-to-date: /home/hassaan/ros2_ws_p2/install/custom_interfaces/include/custom_interfaces/custom_interfaces/srv/detail/add_two_ints__rosidl_typesupport_introspection_c.h
[0.362s] -- Up-to-date: /home/hassaan/ros2_ws_p2/install/custom_interfaces/include/custom_interfaces/custom_interfaces/srv/detail/add_two_ints__type_support.c
[0.362s] -- Up-to-date: /home/hassaan/ros2_ws_p2/install/custom_interfaces/lib/libcustom_interfaces__rosidl_typesupport_introspection_c.so
[0.362s] -- Up-to-date: /home/hassaan/ros2_ws_p2/install/custom_interfaces/lib/libcustom_interfaces__rosidl_typesupport_c.so
[0.362s] -- Up-to-date: /home/hassaan/ros2_ws_p2/install/custom_interfaces/include/custom_interfaces/custom_interfaces
[0.362s] -- Up-to-date: /home/hassaan/ros2_ws_p2/install/custom_interfaces/include/custom_interfaces/custom_interfaces/msg
[0.363s] -- Up-to-date: /home/hassaan/ros2_ws_p2/install/custom_interfaces/include/custom_interfaces/custom_interfaces/msg/rosidl_generator_cpp__visibility_control.hpp
[0.363s] -- Up-to-date: /home/hassaan/ros2_ws_p2/install/custom_interfaces/include/custom_interfaces/custom_interfaces/srv
[0.363s] -- Up-to-date: /home/hassaan/ros2_ws_p2/install/custom_interfaces/include/custom_interfaces/custom_interfaces/srv/detail
[0.363s] -- Up-to-date: /home/hassaan/ros2_ws_p2/install/custom_interfaces/include/custom_interfaces/custom_interfaces/srv/detail/add_two_ints__struct.hpp
[0.363s] -- Up-to-date: /home/hassaan/ros2_ws_p2/install/custom_interfaces/include/custom_interfaces/custom_interfaces/srv/detail/add_two_ints__type_support.hpp
[0.363s] -- Up-to-date: /home/hassaan/ros2_ws_p2/install/custom_interfaces/include/custom_interfaces/custom_interfaces/srv/detail/add_two_ints__traits.hpp
[0.363s] -- Up-to-date: /home/hassaan/ros2_ws_p2/install/custom_interfaces/include/custom_interfaces/custom_interfaces/srv/detail/add_two_ints__builder.hpp
[0.363s] -- Up-to-date: /home/hassaan/ros2_ws_p2/install/custom_interfaces/include/custom_interfaces/custom_interfaces/srv/add_two_ints.hpp
[0.363s] -- Up-to-date: /home/hassaan/ros2_ws_p2/install/custom_interfaces/include/custom_interfaces/custom_interfaces
[0.363s] -- Up-to-date: /home/hassaan/ros2_ws_p2/install/custom_interfaces/include/custom_interfaces/custom_interfaces/msg
[0.363s] -- Up-to-date: /home/hassaan/ros2_ws_p2/install/custom_interfaces/include/custom_interfaces/custom_interfaces/msg/rosidl_typesupport_fastrtps_cpp__visibility_control.h
[0.363s] -- Up-to-date: /home/hassaan/ros2_ws_p2/install/custom_interfaces/include/custom_interfaces/custom_interfaces/srv
[0.363s] -- Up-to-date: /home/hassaan/ros2_ws_p2/install/custom_interfaces/include/custom_interfaces/custom_interfaces/srv/detail
[0.363s] -- Up-to-date: /home/hassaan/ros2_ws_p2/install/custom_interfaces/include/custom_interfaces/custom_interfaces/srv/detail/add_two_ints__rosidl_typesupport_fastrtps_cpp.hpp
[0.363s] -- Up-to-date: /home/hassaan/ros2_ws_p2/install/custom_interfaces/include/custom_interfaces/custom_interfaces/srv/detail/dds_fastrtps
[0.363s] -- Up-to-date: /home/hassaan/ros2_ws_p2/install/custom_interfaces/lib/libcustom_interfaces__rosidl_typesupport_fastrtps_cpp.so
[0.363s] -- Up-to-date: /home/hassaan/ros2_ws_p2/install/custom_interfaces/include/custom_interfaces/custom_interfaces
[0.363s] -- Up-to-date: /home/hassaan/ros2_ws_p2/install/custom_interfaces/include/custom_interfaces/custom_interfaces/srv
[0.364s] -- Up-to-date: /home/hassaan/ros2_ws_p2/install/custom_interfaces/include/custom_interfaces/custom_interfaces/srv/detail
[0.364s] -- Up-to-date: /home/hassaan/ros2_ws_p2/install/custom_interfaces/include/custom_interfaces/custom_interfaces/srv/detail/add_two_ints__type_support.cpp
[0.364s] -- Up-to-date: /home/hassaan/ros2_ws_p2/install/custom_interfaces/include/custom_interfaces/custom_interfaces/srv/detail/add_two_ints__rosidl_typesupport_introspection_cpp.hpp
[0.364s] -- Up-to-date: /home/hassaan/ros2_ws_p2/install/custom_interfaces/lib/libcustom_interfaces__rosidl_typesupport_introspection_cpp.so
[0.364s] -- Up-to-date: /home/hassaan/ros2_ws_p2/install/custom_interfaces/lib/libcustom_interfaces__rosidl_typesupport_cpp.so
[0.364s] -- Up-to-date: /home/hassaan/ros2_ws_p2/install/custom_interfaces/share/custom_interfaces/environment/pythonpath.sh
[0.364s] -- Up-to-date: /home/hassaan/ros2_ws_p2/install/custom_interfaces/share/custom_interfaces/environment/pythonpath.dsv
[0.364s] -- Up-to-date: /home/hassaan/ros2_ws_p2/install/custom_interfaces/lib/python3.12/site-packages/custom_interfaces-0.0.0-py3.12.egg-info
[0.364s] -- Installing: /home/hassaan/ros2_ws_p2/install/custom_interfaces/lib/python3.12/site-packages/custom_interfaces-0.0.0-py3.12.egg-info/dependency_links.txt
[0.364s] -- Installing: /home/hassaan/ros2_ws_p2/install/custom_interfaces/lib/python3.12/site-packages/custom_interfaces-0.0.0-py3.12.egg-info/top_level.txt
[0.364s] -- Installing: /home/hassaan/ros2_ws_p2/install/custom_interfaces/lib/python3.12/site-packages/custom_interfaces-0.0.0-py3.12.egg-info/PKG-INFO
[0.364s] -- Installing: /home/hassaan/ros2_ws_p2/install/custom_interfaces/lib/python3.12/site-packages/custom_interfaces-0.0.0-py3.12.egg-info/SOURCES.txt
[0.364s] -- Up-to-date: /home/hassaan/ros2_ws_p2/install/custom_interfaces/lib/python3.12/site-packages/custom_interfaces
[0.364s] -- Up-to-date: /home/hassaan/ros2_ws_p2/install/custom_interfaces/lib/python3.12/site-packages/custom_interfaces/custom_interfaces_s__rosidl_typesupport_fastrtps_c.so
[0.364s] -- Up-to-date: /home/hassaan/ros2_ws_p2/install/custom_interfaces/lib/python3.12/site-packages/custom_interfaces/_custom_interfaces_s.ep.rosidl_typesupport_fastrtps_c.c
[0.364s] -- Up-to-date: /home/hassaan/ros2_ws_p2/install/custom_interfaces/lib/python3.12/site-packages/custom_interfaces/custom_interfaces_s__rosidl_typesupport_c.so
[0.364s] -- Up-to-date: /home/hassaan/ros2_ws_p2/install/custom_interfaces/lib/python3.12/site-packages/custom_interfaces/_custom_interfaces_s.ep.rosidl_typesupport_c.c
[0.364s] -- Up-to-date: /home/hassaan/ros2_ws_p2/install/custom_interfaces/lib/python3.12/site-packages/custom_interfaces/__init__.py
[0.364s] -- Up-to-date: /home/hassaan/ros2_ws_p2/install/custom_interfaces/lib/python3.12/site-packages/custom_interfaces/custom_interfaces_s__rosidl_typesupport_introspection_c.so
[0.364s] -- Up-to-date: /home/hassaan/ros2_ws_p2/install/custom_interfaces/lib/python3.12/site-packages/custom_interfaces/_custom_interfaces_s.ep.rosidl_typesupport_introspection_c.c
[0.364s] -- Up-to-date: /home/hassaan/ros2_ws_p2/install/custom_interfaces/lib/python3.12/site-packages/custom_interfaces/srv
[0.365s] -- Up-to-date: /home/hassaan/ros2_ws_p2/install/custom_interfaces/lib/python3.12/site-packages/custom_interfaces/srv/_add_two_ints.py
[0.365s] -- Up-to-date: /home/hassaan/ros2_ws_p2/install/custom_interfaces/lib/python3.12/site-packages/custom_interfaces/srv/_add_two_ints_s.c
[0.365s] -- Up-to-date: /home/hassaan/ros2_ws_p2/install/custom_interfaces/lib/python3.12/site-packages/custom_interfaces/srv/__init__.py
[0.389s] Listing '/home/hassaan/ros2_ws_p2/install/custom_interfaces/lib/python3.12/site-packages/custom_interfaces'...
[0.389s] Listing '/home/hassaan/ros2_ws_p2/install/custom_interfaces/lib/python3.12/site-packages/custom_interfaces/srv'...
[0.393s] -- Up-to-date: /home/hassaan/ros2_ws_p2/install/custom_interfaces/lib/python3.12/site-packages/custom_interfaces/custom_interfaces_s__rosidl_typesupport_fastrtps_c.so
[0.394s] -- Up-to-date: /home/hassaan/ros2_ws_p2/install/custom_interfaces/lib/python3.12/site-packages/custom_interfaces/custom_interfaces_s__rosidl_typesupport_introspection_c.so
[0.394s] -- Up-to-date: /home/hassaan/ros2_ws_p2/install/custom_interfaces/lib/python3.12/site-packages/custom_interfaces/custom_interfaces_s__rosidl_typesupport_c.so
[0.394s] -- Up-to-date: /home/hassaan/ros2_ws_p2/install/custom_interfaces/lib/libcustom_interfaces__rosidl_generator_py.so
[0.394s] -- Up-to-date: /home/hassaan/ros2_ws_p2/install/custom_interfaces/share/custom_interfaces/srv/AddTwoInts.idl
[0.394s] -- Up-to-date: /home/hassaan/ros2_ws_p2/install/custom_interfaces/share/custom_interfaces/srv/AddTwoInts.srv
[0.394s] -- Up-to-date: /home/hassaan/ros2_ws_p2/install/custom_interfaces/share/ament_index/resource_index/package_run_dependencies/custom_interfaces
[0.394s] -- Up-to-date: /home/hassaan/ros2_ws_p2/install/custom_interfaces/share/ament_index/resource_index/parent_prefix_path/custom_interfaces
[0.394s] -- Up-to-date: /home/hassaan/ros2_ws_p2/install/custom_interfaces/share/custom_interfaces/environment/ament_prefix_path.sh
[0.394s] -- Up-to-date: /home/hassaan/ros2_ws_p2/install/custom_interfaces/share/custom_interfaces/environment/ament_prefix_path.dsv
[0.394s] -- Up-to-date: /home/hassaan/ros2_ws_p2/install/custom_interfaces/share/custom_interfaces/environment/path.sh
[0.394s] -- Up-to-date: /home/hassaan/ros2_ws_p2/install/custom_interfaces/share/custom_interfaces/environment/path.dsv
[0.394s] -- Up-to-date: /home/hassaan/ros2_ws_p2/install/custom_interfaces/share/custom_interfaces/local_setup.bash
[0.394s] -- Up-to-date: /home/hassaan/ros2_ws_p2/install/custom_interfaces/share/custom_interfaces/local_setup.sh
[0.394s] -- Up-to-date: /home/hassaan/ros2_ws_p2/install/custom_interfaces/share/custom_interfaces/local_setup.zsh
[0.395s] -- Up-to-date: /home/hassaan/ros2_ws_p2/install/custom_interfaces/share/custom_interfaces/local_setup.dsv
[0.395s] -- Installing: /home/hassaan/ros2_ws_p2/install/custom_interfaces/share/custom_interfaces/package.dsv
[0.395s] -- Up-to-date: /home/hassaan/ros2_ws_p2/install/custom_interfaces/share/ament_index/resource_index/packages/custom_interfaces
[0.395s] -- Up-to-date: /home/hassaan/ros2_ws_p2/install/custom_interfaces/share/custom_interfaces/cmake/export_custom_interfaces__rosidl_generator_cExport.cmake
[0.395s] -- Up-to-date: /home/hassaan/ros2_ws_p2/install/custom_interfaces/share/custom_interfaces/cmake/export_custom_interfaces__rosidl_generator_cExport-noconfig.cmake
[0.395s] -- Up-to-date: /home/hassaan/ros2_ws_p2/install/custom_interfaces/share/custom_interfaces/cmake/export_custom_interfaces__rosidl_typesupport_fastrtps_cExport.cmake
[0.395s] -- Up-to-date: /home/hassaan/ros2_ws_p2/install/custom_interfaces/share/custom_interfaces/cmake/export_custom_interfaces__rosidl_typesupport_fastrtps_cExport-noconfig.cmake
[0.395s] -- Up-to-date: /home/hassaan/ros2_ws_p2/install/custom_interfaces/share/custom_interfaces/cmake/custom_interfaces__rosidl_typesupport_introspection_cExport.cmake
[0.395s] -- Up-to-date: /home/hassaan/ros2_ws_p2/install/custom_interfaces/share/custom_interfaces/cmake/custom_interfaces__rosidl_typesupport_introspection_cExport-noconfig.cmake
[0.395s] -- Up-to-date: /home/hassaan/ros2_ws_p2/install/custom_interfaces/share/custom_interfaces/cmake/custom_interfaces__rosidl_typesupport_cExport.cmake
[0.395s] -- Up-to-date: /home/hassaan/ros2_ws_p2/install/custom_interfaces/share/custom_interfaces/cmake/custom_interfaces__rosidl_typesupport_cExport-noconfig.cmake
[0.395s] -- Up-to-date: /home/hassaan/ros2_ws_p2/install/custom_interfaces/share/custom_interfaces/cmake/export_custom_interfaces__rosidl_generator_cppExport.cmake
[0.395s] -- Up-to-date: /home/hassaan/ros2_ws_p2/install/custom_interfaces/share/custom_interfaces/cmake/export_custom_interfaces__rosidl_typesupport_fastrtps_cppExport.cmake
[0.395s] -- Up-to-date: /home/hassaan/ros2_ws_p2/install/custom_interfaces/share/custom_interfaces/cmake/export_custom_interfaces__rosidl_typesupport_fastrtps_cppExport-noconfig.cmake
[0.395s] -- Up-to-date: /home/hassaan/ros2_ws_p2/install/custom_interfaces/share/custom_interfaces/cmake/custom_interfaces__rosidl_typesupport_introspection_cppExport.cmake
[0.395s] -- Up-to-date: /home/hassaan/ros2_ws_p2/install/custom_interfaces/share/custom_interfaces/cmake/custom_interfaces__rosidl_typesupport_introspection_cppExport-noconfig.cmake
[0.396s] -- Up-to-date: /home/hassaan/ros2_ws_p2/install/custom_interfaces/share/custom_interfaces/cmake/custom_interfaces__rosidl_typesupport_cppExport.cmake
[0.396s] -- Up-to-date: /home/hassaan/ros2_ws_p2/install/custom_interfaces/share/custom_interfaces/cmake/custom_interfaces__rosidl_typesupport_cppExport-noconfig.cmake
[0.396s] -- Up-to-date: /home/hassaan/ros2_ws_p2/install/custom_interfaces/share/custom_interfaces/cmake/export_custom_interfaces__rosidl_generator_pyExport.cmake
[0.396s] -- Up-to-date: /home/hassaan/ros2_ws_p2/install/custom_interfaces/share/custom_interfaces/cmake/export_custom_interfaces__rosidl_generator_pyExport-noconfig.cmake
[0.396s] -- Up-to-date: /home/hassaan/ros2_ws_p2/install/custom_interfaces/share/custom_interfaces/cmake/rosidl_cmake-extras.cmake
[0.396s] -- Up-to-date: /home/hassaan/ros2_ws_p2/install/custom_interfaces/share/custom_interfaces/cmake/ament_cmake_export_dependencies-extras.cmake
[0.396s] -- Up-to-date: /home/hassaan/ros2_ws_p2/install/custom_interfaces/share/custom_interfaces/cmake/ament_cmake_export_include_directories-extras.cmake
[0.396s] -- Up-to-date: /home/hassaan/ros2_ws_p2/install/custom_interfaces/share/custom_interfaces/cmake/ament_cmake_export_libraries-extras.cmake
[0.396s] -- Up-to-date: /home/hassaan/ros2_ws_p2/install/custom_interfaces/share/custom_interfaces/cmake/ament_cmake_export_targets-extras.cmake
[0.396s] -- Up-to-date: /home/hassaan/ros2_ws_p2/install/custom_interfaces/share/custom_interfaces/cmake/rosidl_cmake_export_typesupport_targets-extras.cmake
[0.396s] -- Up-to-date: /home/hassaan/ros2_ws_p2/install/custom_interfaces/share/custom_interfaces/cmake/rosidl_cmake_export_typesupport_libraries-extras.cmake
[0.396s] -- Up-to-date: /home/hassaan/ros2_ws_p2/install/custom_interfaces/share/custom_interfaces/cmake/custom_interfacesConfig.cmake
[0.396s] -- Up-to-date: /home/hassaan/ros2_ws_p2/install/custom_interfaces/share/custom_interfaces/cmake/custom_interfacesConfig-version.cmake
[0.396s] -- Up-to-date: /home/hassaan/ros2_ws_p2/install/custom_interfaces/share/custom_interfaces/package.xml
[0.397s] Invoked command in '/home/hassaan/ros2_ws_p2/build/custom_interfaces' returned '0': CMAKE_PREFIX_PATH=${CMAKE_PREFIX_PATH}:/home/hassaan/ros2_ws_p2/install/add_integers:/opt/ros/jazzy DEBUGINFOD_URLS=https://debuginfod.ubuntu.com /usr/bin/cmake --install /home/hassaan/ros2_ws_p2/build/custom_interfaces
