[0.069s] Invoking command in '/home/hassan/ros-tuts/patrol_ws/build/dynamixel_sdk': CMAKE_PREFIX_PATH=${CMAKE_PREFIX_PATH}:/opt/ros/humble /usr/bin/cmake /home/hassan/ros-tuts/patrol_ws/src/utils/DynamixelSDK/dynamixel_sdk -DCMAKE_INSTALL_PREFIX=/home/hassan/ros-tuts/patrol_ws/install/dynamixel_sdk
[0.120s] -- Found ament_cmake: 1.3.10 (/opt/ros/humble/share/ament_cmake/cmake)
[0.684s] -- Override CMake install command with custom implementation using symlinks instead of copying resources
[0.999s] -- Configuring done
[1.025s] -- Generating done
[1.029s] -- Build files have been written to: /home/hassan/ros-tuts/patrol_ws/build/dynamixel_sdk
[1.057s] Invoked command in '/home/hassan/ros-tuts/patrol_ws/build/dynamixel_sdk' returned '0': CMAKE_PREFIX_PATH=${CMAKE_PREFIX_PATH}:/opt/ros/humble /usr/bin/cmake /home/hassan/ros-tuts/patrol_ws/src/utils/DynamixelSDK/dynamixel_sdk -DCMAKE_INSTALL_PREFIX=/home/hassan/ros-tuts/patrol_ws/install/dynamixel_sdk
[1.058s] Invoking command in '/home/hassan/ros-tuts/patrol_ws/build/dynamixel_sdk': CMAKE_PREFIX_PATH=${CMAKE_PREFIX_PATH}:/opt/ros/humble /usr/bin/cmake --build /home/hassan/ros-tuts/patrol_ws/build/dynamixel_sdk -- -j8 -l8
[1.197s] [35m[1mConsolidate compiler generated dependencies of target dynamixel_sdk[0m
[1.251s] [100%] Built target dynamixel_sdk
[1.303s] Invoked command in '/home/hassan/ros-tuts/patrol_ws/build/dynamixel_sdk' returned '0': CMAKE_PREFIX_PATH=${CMAKE_PREFIX_PATH}:/opt/ros/humble /usr/bin/cmake --build /home/hassan/ros-tuts/patrol_ws/build/dynamixel_sdk -- -j8 -l8
[1.420s] Invoking command in '/home/hassan/ros-tuts/patrol_ws/build/dynamixel_sdk': CMAKE_PREFIX_PATH=${CMAKE_PREFIX_PATH}:/opt/ros/humble /usr/bin/cmake --install /home/hassan/ros-tuts/patrol_ws/build/dynamixel_sdk
[1.442s] -- Install configuration: ""
[1.444s] -- Execute custom install script
[1.444s] -- Up-to-date symlink: /home/hassan/ros-tuts/patrol_ws/install/dynamixel_sdk/include//dynamixel_sdk/dynamixel_sdk.h
[1.446s] -- Up-to-date symlink: /home/hassan/ros-tuts/patrol_ws/install/dynamixel_sdk/include//dynamixel_sdk/group_bulk_read.h
[1.446s] -- Up-to-date symlink: /home/hassan/ros-tuts/patrol_ws/install/dynamixel_sdk/include//dynamixel_sdk/group_bulk_write.h
[1.447s] -- Up-to-date symlink: /home/hassan/ros-tuts/patrol_ws/install/dynamixel_sdk/include//dynamixel_sdk/group_sync_read.h
[1.451s] -- Up-to-date symlink: /home/hassan/ros-tuts/patrol_ws/install/dynamixel_sdk/include//dynamixel_sdk/group_sync_write.h
[1.455s] -- Up-to-date symlink: /home/hassan/ros-tuts/patrol_ws/install/dynamixel_sdk/include//dynamixel_sdk/packet_handler.h
[1.455s] -- Up-to-date symlink: /home/hassan/ros-tuts/patrol_ws/install/dynamixel_sdk/include//dynamixel_sdk/port_handler.h
[1.458s] -- Up-to-date symlink: /home/hassan/ros-tuts/patrol_ws/install/dynamixel_sdk/include//dynamixel_sdk/port_handler_arduino.h
[1.458s] -- Up-to-date symlink: /home/hassan/ros-tuts/patrol_ws/install/dynamixel_sdk/include//dynamixel_sdk/port_handler_linux.h
[1.458s] -- Up-to-date symlink: /home/hassan/ros-tuts/patrol_ws/install/dynamixel_sdk/include//dynamixel_sdk/port_handler_mac.h
[1.459s] -- Up-to-date symlink: /home/hassan/ros-tuts/patrol_ws/install/dynamixel_sdk/include//dynamixel_sdk/port_handler_windows.h
[1.459s] -- Up-to-date symlink: /home/hassan/ros-tuts/patrol_ws/install/dynamixel_sdk/include//dynamixel_sdk/protocol1_packet_handler.h
[1.459s] -- Up-to-date symlink: /home/hassan/ros-tuts/patrol_ws/install/dynamixel_sdk/include//dynamixel_sdk/protocol2_packet_handler.h
[1.459s] -- Up-to-date symlink: /home/hassan/ros-tuts/patrol_ws/install/dynamixel_sdk/lib/libdynamixel_sdk.so
[1.459s] -- Up-to-date symlink: /home/hassan/ros-tuts/patrol_ws/install/dynamixel_sdk/share/dynamixel_sdk/environment/library_path.sh
[1.459s] -- Up-to-date symlink: /home/hassan/ros-tuts/patrol_ws/install/dynamixel_sdk/share/dynamixel_sdk/environment/library_path.dsv
[1.460s] -- Up-to-date symlink: /home/hassan/ros-tuts/patrol_ws/install/dynamixel_sdk/share/ament_index/resource_index/package_run_dependencies/dynamixel_sdk
[1.460s] -- Up-to-date symlink: /home/hassan/ros-tuts/patrol_ws/install/dynamixel_sdk/share/ament_index/resource_index/parent_prefix_path/dynamixel_sdk
[1.460s] -- Up-to-date symlink: /home/hassan/ros-tuts/patrol_ws/install/dynamixel_sdk/share/dynamixel_sdk/environment/ament_prefix_path.sh
[1.460s] -- Up-to-date symlink: /home/hassan/ros-tuts/patrol_ws/install/dynamixel_sdk/share/dynamixel_sdk/environment/ament_prefix_path.dsv
[1.460s] -- Up-to-date symlink: /home/hassan/ros-tuts/patrol_ws/install/dynamixel_sdk/share/dynamixel_sdk/environment/path.sh
[1.467s] -- Up-to-date symlink: /home/hassan/ros-tuts/patrol_ws/install/dynamixel_sdk/share/dynamixel_sdk/environment/path.dsv
[1.471s] -- Up-to-date symlink: /home/hassan/ros-tuts/patrol_ws/install/dynamixel_sdk/share/dynamixel_sdk/local_setup.bash
[1.472s] -- Up-to-date symlink: /home/hassan/ros-tuts/patrol_ws/install/dynamixel_sdk/share/dynamixel_sdk/local_setup.sh
[1.472s] -- Up-to-date symlink: /home/hassan/ros-tuts/patrol_ws/install/dynamixel_sdk/share/dynamixel_sdk/local_setup.zsh
[1.472s] -- Up-to-date symlink: /home/hassan/ros-tuts/patrol_ws/install/dynamixel_sdk/share/dynamixel_sdk/local_setup.dsv
[1.472s] -- Symlinking: /home/hassan/ros-tuts/patrol_ws/install/dynamixel_sdk/share/dynamixel_sdk/package.dsv
[1.480s] -- Up-to-date symlink: /home/hassan/ros-tuts/patrol_ws/install/dynamixel_sdk/share/ament_index/resource_index/packages/dynamixel_sdk
[1.480s] -- Up-to-date symlink: /home/hassan/ros-tuts/patrol_ws/install/dynamixel_sdk/share/dynamixel_sdk/cmake/ament_cmake_export_include_directories-extras.cmake
[1.481s] -- Up-to-date symlink: /home/hassan/ros-tuts/patrol_ws/install/dynamixel_sdk/share/dynamixel_sdk/cmake/ament_cmake_export_libraries-extras.cmake
[1.481s] -- Up-to-date symlink: /home/hassan/ros-tuts/patrol_ws/install/dynamixel_sdk/share/dynamixel_sdk/cmake/dynamixel_sdkConfig.cmake
[1.482s] -- Up-to-date symlink: /home/hassan/ros-tuts/patrol_ws/install/dynamixel_sdk/share/dynamixel_sdk/cmake/dynamixel_sdkConfig-version.cmake
[1.487s] -- Up-to-date symlink: /home/hassan/ros-tuts/patrol_ws/install/dynamixel_sdk/share/dynamixel_sdk/package.xml
[1.572s] Invoked command in '/home/hassan/ros-tuts/patrol_ws/build/dynamixel_sdk' returned '0': CMAKE_PREFIX_PATH=${CMAKE_PREFIX_PATH}:/opt/ros/humble /usr/bin/cmake --install /home/hassan/ros-tuts/patrol_ws/build/dynamixel_sdk
