running egg_info
creating ../../build/talker_listener/talker_listener.egg-info
writing ../../build/talker_listener/talker_listener.egg-info/PKG-INFO
writing dependency_links to ../../build/talker_listener/talker_listener.egg-info/dependency_links.txt
writing entry points to ../../build/talker_listener/talker_listener.egg-info/entry_points.txt
writing requirements to ../../build/talker_listener/talker_listener.egg-info/requires.txt
writing top-level names to ../../build/talker_listener/talker_listener.egg-info/top_level.txt
writing manifest file '../../build/talker_listener/talker_listener.egg-info/SOURCES.txt'
reading manifest file '../../build/talker_listener/talker_listener.egg-info/SOURCES.txt'
writing manifest file '../../build/talker_listener/talker_listener.egg-info/SOURCES.txt'
running build
running build_py
creating /home/hassaan/ros2_ws/build/talker_listener/build
creating /home/hassaan/ros2_ws/build/talker_listener/build/lib
creating /home/hassaan/ros2_ws/build/talker_listener/build/lib/talker_listener
copying talker_listener/talker_node.py -> /home/hassaan/ros2_ws/build/talker_listener/build/lib/talker_listener
copying talker_listener/__init__.py -> /home/hassaan/ros2_ws/build/talker_listener/build/lib/talker_listener
running install
running install_lib
creating /home/hassaan/ros2_ws/install/talker_listener/lib/python3.12/site-packages/talker_listener
copying /home/hassaan/ros2_ws/build/talker_listener/build/lib/talker_listener/talker_node.py -> /home/hassaan/ros2_ws/install/talker_listener/lib/python3.12/site-packages/talker_listener
copying /home/hassaan/ros2_ws/build/talker_listener/build/lib/talker_listener/__init__.py -> /home/hassaan/ros2_ws/install/talker_listener/lib/python3.12/site-packages/talker_listener
byte-compiling /home/hassaan/ros2_ws/install/talker_listener/lib/python3.12/site-packages/talker_listener/talker_node.py to talker_node.cpython-312.pyc
byte-compiling /home/hassaan/ros2_ws/install/talker_listener/lib/python3.12/site-packages/talker_listener/__init__.py to __init__.cpython-312.pyc
running install_data
creating /home/hassaan/ros2_ws/install/talker_listener/share/ament_index
creating /home/hassaan/ros2_ws/install/talker_listener/share/ament_index/resource_index
creating /home/hassaan/ros2_ws/install/talker_listener/share/ament_index/resource_index/packages
copying resource/talker_listener -> /home/hassaan/ros2_ws/install/talker_listener/share/ament_index/resource_index/packages
copying package.xml -> /home/hassaan/ros2_ws/install/talker_listener/share/talker_listener
running install_egg_info
Copying ../../build/talker_listener/talker_listener.egg-info to /home/hassaan/ros2_ws/install/talker_listener/lib/python3.12/site-packages/talker_listener-0.0.0-py3.12.egg-info
running install_scripts
Installing talkerNode script to /home/hassaan/ros2_ws/install/talker_listener/lib/talker_listener
writing list of installed files to '/home/hassaan/ros2_ws/build/talker_listener/install.log'
