[0.672s] Invoking command in '/home/hassaan/ros2_ws/src/talker_listener': DEBUGINFOD_URLS=https://debuginfod.ubuntu.com PYTHONPATH=/home/hassaan/ros2_ws/build/talker_listener/prefix_override:/usr/lib/python3/dist-packages/colcon_core/task/python/colcon_distutils_commands:/home/hassaan/ros2_ws/install/talker_listener/lib/python3.12/site-packages:${PYTHONPATH} /usr/bin/python3 -W ignore:setup.py install is deprecated setup.py egg_info --egg-base ../../build/talker_listener build --build-base /home/hassaan/ros2_ws/build/talker_listener/build install --record /home/hassaan/ros2_ws/build/talker_listener/install.log --single-version-externally-managed install_data
[0.854s] running egg_info
[0.854s] creating ../../build/talker_listener/talker_listener.egg-info
[0.866s] writing ../../build/talker_listener/talker_listener.egg-info/PKG-INFO
[0.866s] writing dependency_links to ../../build/talker_listener/talker_listener.egg-info/dependency_links.txt
[0.867s] writing entry points to ../../build/talker_listener/talker_listener.egg-info/entry_points.txt
[0.867s] writing requirements to ../../build/talker_listener/talker_listener.egg-info/requires.txt
[0.867s] writing top-level names to ../../build/talker_listener/talker_listener.egg-info/top_level.txt
[0.867s] writing manifest file '../../build/talker_listener/talker_listener.egg-info/SOURCES.txt'
[0.893s] reading manifest file '../../build/talker_listener/talker_listener.egg-info/SOURCES.txt'
[0.893s] writing manifest file '../../build/talker_listener/talker_listener.egg-info/SOURCES.txt'
[0.893s] running build
[0.893s] running build_py
[0.893s] creating /home/hassaan/ros2_ws/build/talker_listener/build
[0.893s] creating /home/hassaan/ros2_ws/build/talker_listener/build/lib
[0.893s] creating /home/hassaan/ros2_ws/build/talker_listener/build/lib/talker_listener
[0.893s] copying talker_listener/talker_node.py -> /home/hassaan/ros2_ws/build/talker_listener/build/lib/talker_listener
[0.893s] copying talker_listener/__init__.py -> /home/hassaan/ros2_ws/build/talker_listener/build/lib/talker_listener
[0.894s] running install
[0.898s] running install_lib
[0.912s] creating /home/hassaan/ros2_ws/install/talker_listener/lib/python3.12/site-packages/talker_listener
[0.912s] copying /home/hassaan/ros2_ws/build/talker_listener/build/lib/talker_listener/talker_node.py -> /home/hassaan/ros2_ws/install/talker_listener/lib/python3.12/site-packages/talker_listener
[0.912s] copying /home/hassaan/ros2_ws/build/talker_listener/build/lib/talker_listener/__init__.py -> /home/hassaan/ros2_ws/install/talker_listener/lib/python3.12/site-packages/talker_listener
[0.913s] byte-compiling /home/hassaan/ros2_ws/install/talker_listener/lib/python3.12/site-packages/talker_listener/talker_node.py to talker_node.cpython-312.pyc
[0.913s] byte-compiling /home/hassaan/ros2_ws/install/talker_listener/lib/python3.12/site-packages/talker_listener/__init__.py to __init__.cpython-312.pyc
[0.913s] running install_data
[0.913s] creating /home/hassaan/ros2_ws/install/talker_listener/share/ament_index
[0.913s] creating /home/hassaan/ros2_ws/install/talker_listener/share/ament_index/resource_index
[0.913s] creating /home/hassaan/ros2_ws/install/talker_listener/share/ament_index/resource_index/packages
[0.913s] copying resource/talker_listener -> /home/hassaan/ros2_ws/install/talker_listener/share/ament_index/resource_index/packages
[0.913s] copying package.xml -> /home/hassaan/ros2_ws/install/talker_listener/share/talker_listener
[0.913s] running install_egg_info
[0.928s] Copying ../../build/talker_listener/talker_listener.egg-info to /home/hassaan/ros2_ws/install/talker_listener/lib/python3.12/site-packages/talker_listener-0.0.0-py3.12.egg-info
[0.928s] running install_scripts
[1.017s] Installing talkerNode script to /home/hassaan/ros2_ws/install/talker_listener/lib/talker_listener
[1.017s] writing list of installed files to '/home/hassaan/ros2_ws/build/talker_listener/install.log'
[1.037s] Invoked command in '/home/hassaan/ros2_ws/src/talker_listener' returned '0': DEBUGINFOD_URLS=https://debuginfod.ubuntu.com PYTHONPATH=/home/hassaan/ros2_ws/build/talker_listener/prefix_override:/usr/lib/python3/dist-packages/colcon_core/task/python/colcon_distutils_commands:/home/hassaan/ros2_ws/install/talker_listener/lib/python3.12/site-packages:${PYTHONPATH} /usr/bin/python3 -W ignore:setup.py install is deprecated setup.py egg_info --egg-base ../../build/talker_listener build --build-base /home/hassaan/ros2_ws/build/talker_listener/build install --record /home/hassaan/ros2_ws/build/talker_listener/install.log --single-version-externally-managed install_data
