[0.068s] Invoking command in '/home/hassan/ros-tuts/partrolbot_ws/build/hls_lfcd_lds_driver': CMAKE_PREFIX_PATH=${CMAKE_PREFIX_PATH}:/opt/ros/humble /usr/bin/cmake --build /home/hassan/ros-tuts/partrolbot_ws/build/hls_lfcd_lds_driver -- -j8 -l8
[0.214s] [35m[1mConsolidate compiler generated dependencies of target hlds_laser_publisher[0m
[0.417s] [100%] Built target hlds_laser_publisher
[0.480s] Invoked command in '/home/hassan/ros-tuts/partrolbot_ws/build/hls_lfcd_lds_driver' returned '0': CMAKE_PREFIX_PATH=${CMAKE_PREFIX_PATH}:/opt/ros/humble /usr/bin/cmake --build /home/hassan/ros-tuts/partrolbot_ws/build/hls_lfcd_lds_driver -- -j8 -l8
[0.706s] Invoking command in '/home/hassan/ros-tuts/partrolbot_ws/build/hls_lfcd_lds_driver': CMAKE_PREFIX_PATH=${CMAKE_PREFIX_PATH}:/opt/ros/humble /usr/bin/cmake --install /home/hassan/ros-tuts/partrolbot_ws/build/hls_lfcd_lds_driver
[0.735s] -- Install configuration: ""
[0.736s] -- Execute custom install script
[0.736s] -- Up-to-date symlink: /home/hassan/ros-tuts/partrolbot_ws/install/hls_lfcd_lds_driver/share/hls_lfcd_lds_driver/launch/hlds_laser.launch.py
[0.736s] -- Up-to-date symlink: /home/hassan/ros-tuts/partrolbot_ws/install/hls_lfcd_lds_driver/share/hls_lfcd_lds_driver/launch/view_hlds_laser.launch.py
[0.741s] -- Up-to-date symlink: /home/hassan/ros-tuts/partrolbot_ws/install/hls_lfcd_lds_driver/share/hls_lfcd_lds_driver/rviz/hlds_laser.rviz
[0.741s] -- Up-to-date symlink: /home/hassan/ros-tuts/partrolbot_ws/install/hls_lfcd_lds_driver/lib/hls_lfcd_lds_driver/hlds_laser_publisher
[0.742s] -- Up-to-date symlink: /home/hassan/ros-tuts/partrolbot_ws/install/hls_lfcd_lds_driver/share/ament_index/resource_index/package_run_dependencies/hls_lfcd_lds_driver
[0.742s] -- Up-to-date symlink: /home/hassan/ros-tuts/partrolbot_ws/install/hls_lfcd_lds_driver/share/ament_index/resource_index/parent_prefix_path/hls_lfcd_lds_driver
[0.742s] -- Up-to-date symlink: /home/hassan/ros-tuts/partrolbot_ws/install/hls_lfcd_lds_driver/share/hls_lfcd_lds_driver/environment/ament_prefix_path.sh
[0.742s] -- Up-to-date symlink: /home/hassan/ros-tuts/partrolbot_ws/install/hls_lfcd_lds_driver/share/hls_lfcd_lds_driver/environment/ament_prefix_path.dsv
[0.742s] -- Up-to-date symlink: /home/hassan/ros-tuts/partrolbot_ws/install/hls_lfcd_lds_driver/share/hls_lfcd_lds_driver/environment/path.sh
[0.743s] -- Up-to-date symlink: /home/hassan/ros-tuts/partrolbot_ws/install/hls_lfcd_lds_driver/share/hls_lfcd_lds_driver/environment/path.dsv
[0.743s] -- Up-to-date symlink: /home/hassan/ros-tuts/partrolbot_ws/install/hls_lfcd_lds_driver/share/hls_lfcd_lds_driver/local_setup.bash
[0.759s] -- Up-to-date symlink: /home/hassan/ros-tuts/partrolbot_ws/install/hls_lfcd_lds_driver/share/hls_lfcd_lds_driver/local_setup.sh
[0.759s] -- Up-to-date symlink: /home/hassan/ros-tuts/partrolbot_ws/install/hls_lfcd_lds_driver/share/hls_lfcd_lds_driver/local_setup.zsh
[0.759s] -- Up-to-date symlink: /home/hassan/ros-tuts/partrolbot_ws/install/hls_lfcd_lds_driver/share/hls_lfcd_lds_driver/local_setup.dsv
[0.759s] -- Symlinking: /home/hassan/ros-tuts/partrolbot_ws/install/hls_lfcd_lds_driver/share/hls_lfcd_lds_driver/package.dsv
[0.788s] -- Up-to-date symlink: /home/hassan/ros-tuts/partrolbot_ws/install/hls_lfcd_lds_driver/share/ament_index/resource_index/packages/hls_lfcd_lds_driver
[0.788s] -- Up-to-date symlink: /home/hassan/ros-tuts/partrolbot_ws/install/hls_lfcd_lds_driver/share/hls_lfcd_lds_driver/cmake/ament_cmake_export_dependencies-extras.cmake
[0.791s] -- Up-to-date symlink: /home/hassan/ros-tuts/partrolbot_ws/install/hls_lfcd_lds_driver/share/hls_lfcd_lds_driver/cmake/ament_cmake_export_include_directories-extras.cmake
[0.791s] -- Up-to-date symlink: /home/hassan/ros-tuts/partrolbot_ws/install/hls_lfcd_lds_driver/share/hls_lfcd_lds_driver/cmake/hls_lfcd_lds_driverConfig.cmake
[0.793s] -- Up-to-date symlink: /home/hassan/ros-tuts/partrolbot_ws/install/hls_lfcd_lds_driver/share/hls_lfcd_lds_driver/cmake/hls_lfcd_lds_driverConfig-version.cmake
[0.793s] -- Up-to-date symlink: /home/hassan/ros-tuts/partrolbot_ws/install/hls_lfcd_lds_driver/share/hls_lfcd_lds_driver/package.xml
[0.896s] Invoked command in '/home/hassan/ros-tuts/partrolbot_ws/build/hls_lfcd_lds_driver' returned '0': CMAKE_PREFIX_PATH=${CMAKE_PREFIX_PATH}:/opt/ros/humble /usr/bin/cmake --install /home/hassan/ros-tuts/partrolbot_ws/build/hls_lfcd_lds_driver
