[2.572s] Invoking command in '/home/hassan/ros-tuts/patrol_ws/build/turtlebot3_teleop': PYTHONPATH=/home/hassan/ros-tuts/patrol_ws/build/turtlebot3_teleop/prefix_override:/usr/lib/python3/dist-packages/colcon_core/task/python/colcon_distutils_commands:/home/hassan/ros-tuts/patrol_ws/install/turtlebot3_teleop/lib/python3.10/site-packages:${PYTHONPATH} /usr/bin/python3 -W ignore:setup.py install is deprecated setup.py develop --uninstall --editable --build-directory /home/hassan/ros-tuts/patrol_ws/build/turtlebot3_teleop/build
[3.426s] running develop
[3.427s] /usr/lib/python3/dist-packages/setuptools/command/easy_install.py:158: EasyInstallDeprecationWarning: easy_install command is deprecated. Use build and pip and other standards-based tools.
[3.427s]   warnings.warn(
[3.942s] Removing /home/hassan/ros-tuts/patrol_ws/install/turtlebot3_teleop/lib/python3.10/site-packages/turtlebot3-teleop.egg-link (link to .)
[4.015s] Invoked command in '/home/hassan/ros-tuts/patrol_ws/build/turtlebot3_teleop' returned '0': PYTHONPATH=/home/hassan/ros-tuts/patrol_ws/build/turtlebot3_teleop/prefix_override:/usr/lib/python3/dist-packages/colcon_core/task/python/colcon_distutils_commands:/home/hassan/ros-tuts/patrol_ws/install/turtlebot3_teleop/lib/python3.10/site-packages:${PYTHONPATH} /usr/bin/python3 -W ignore:setup.py install is deprecated setup.py develop --uninstall --editable --build-directory /home/hassan/ros-tuts/patrol_ws/build/turtlebot3_teleop/build
[4.019s] Invoking command in '/home/hassan/ros-tuts/patrol_ws/src/turtlebot3/turtlebot3/turtlebot3_teleop': PYTHONPATH=/home/hassan/ros-tuts/patrol_ws/build/turtlebot3_teleop/prefix_override:/usr/lib/python3/dist-packages/colcon_core/task/python/colcon_distutils_commands:/home/hassan/ros-tuts/patrol_ws/install/turtlebot3_teleop/lib/python3.10/site-packages:${PYTHONPATH} /usr/bin/python3 -W ignore:setup.py install is deprecated setup.py egg_info --egg-base ../../../../build/turtlebot3_teleop build --build-base /home/hassan/ros-tuts/patrol_ws/build/turtlebot3_teleop/build install --record /home/hassan/ros-tuts/patrol_ws/build/turtlebot3_teleop/install.log --single-version-externally-managed install_data --force
[4.702s] running egg_info
[4.703s] writing ../../../../build/turtlebot3_teleop/turtlebot3_teleop.egg-info/PKG-INFO
[4.703s] writing dependency_links to ../../../../build/turtlebot3_teleop/turtlebot3_teleop.egg-info/dependency_links.txt
[4.705s] writing entry points to ../../../../build/turtlebot3_teleop/turtlebot3_teleop.egg-info/entry_points.txt
[4.705s] writing requirements to ../../../../build/turtlebot3_teleop/turtlebot3_teleop.egg-info/requires.txt
[4.705s] writing top-level names to ../../../../build/turtlebot3_teleop/turtlebot3_teleop.egg-info/top_level.txt
[4.717s] reading manifest file '../../../../build/turtlebot3_teleop/turtlebot3_teleop.egg-info/SOURCES.txt'
[4.717s] writing manifest file '../../../../build/turtlebot3_teleop/turtlebot3_teleop.egg-info/SOURCES.txt'
[4.717s] running build
[4.717s] running build_py
[4.718s] creating /home/hassan/ros-tuts/patrol_ws/build/turtlebot3_teleop/build
[4.718s] creating /home/hassan/ros-tuts/patrol_ws/build/turtlebot3_teleop/build/lib
[4.718s] creating /home/hassan/ros-tuts/patrol_ws/build/turtlebot3_teleop/build/lib/turtlebot3_teleop
[4.718s] copying turtlebot3_teleop/__init__.py -> /home/hassan/ros-tuts/patrol_ws/build/turtlebot3_teleop/build/lib/turtlebot3_teleop
[4.719s] creating /home/hassan/ros-tuts/patrol_ws/build/turtlebot3_teleop/build/lib/turtlebot3_teleop/script
[4.719s] copying turtlebot3_teleop/script/__init__.py -> /home/hassan/ros-tuts/patrol_ws/build/turtlebot3_teleop/build/lib/turtlebot3_teleop/script
[4.719s] copying turtlebot3_teleop/script/teleop_keyboard.py -> /home/hassan/ros-tuts/patrol_ws/build/turtlebot3_teleop/build/lib/turtlebot3_teleop/script
[4.719s] running install
[4.719s] running install_lib
[4.727s] creating /home/hassan/ros-tuts/patrol_ws/install/turtlebot3_teleop/lib/python3.10/site-packages/turtlebot3_teleop
[4.727s] copying /home/hassan/ros-tuts/patrol_ws/build/turtlebot3_teleop/build/lib/turtlebot3_teleop/__init__.py -> /home/hassan/ros-tuts/patrol_ws/install/turtlebot3_teleop/lib/python3.10/site-packages/turtlebot3_teleop
[4.727s] creating /home/hassan/ros-tuts/patrol_ws/install/turtlebot3_teleop/lib/python3.10/site-packages/turtlebot3_teleop/script
[4.728s] copying /home/hassan/ros-tuts/patrol_ws/build/turtlebot3_teleop/build/lib/turtlebot3_teleop/script/__init__.py -> /home/hassan/ros-tuts/patrol_ws/install/turtlebot3_teleop/lib/python3.10/site-packages/turtlebot3_teleop/script
[4.728s] copying /home/hassan/ros-tuts/patrol_ws/build/turtlebot3_teleop/build/lib/turtlebot3_teleop/script/teleop_keyboard.py -> /home/hassan/ros-tuts/patrol_ws/install/turtlebot3_teleop/lib/python3.10/site-packages/turtlebot3_teleop/script
[4.731s] byte-compiling /home/hassan/ros-tuts/patrol_ws/install/turtlebot3_teleop/lib/python3.10/site-packages/turtlebot3_teleop/__init__.py to __init__.cpython-310.pyc
[4.731s] byte-compiling /home/hassan/ros-tuts/patrol_ws/install/turtlebot3_teleop/lib/python3.10/site-packages/turtlebot3_teleop/script/__init__.py to __init__.cpython-310.pyc
[4.732s] byte-compiling /home/hassan/ros-tuts/patrol_ws/install/turtlebot3_teleop/lib/python3.10/site-packages/turtlebot3_teleop/script/teleop_keyboard.py to teleop_keyboard.cpython-310.pyc
[4.736s] running install_data
[4.741s] copying resource/turtlebot3_teleop -> /home/hassan/ros-tuts/patrol_ws/install/turtlebot3_teleop/share/ament_index/resource_index/packages
[4.742s] copying package.xml -> /home/hassan/ros-tuts/patrol_ws/install/turtlebot3_teleop/share/turtlebot3_teleop
[4.742s] running install_egg_info
[4.742s] Copying ../../../../build/turtlebot3_teleop/turtlebot3_teleop.egg-info to /home/hassan/ros-tuts/patrol_ws/install/turtlebot3_teleop/lib/python3.10/site-packages/turtlebot3_teleop-2.1.5-py3.10.egg-info
[4.743s] running install_scripts
[4.821s] Installing teleop_keyboard script to /home/hassan/ros-tuts/patrol_ws/install/turtlebot3_teleop/lib/turtlebot3_teleop
[4.822s] writing list of installed files to '/home/hassan/ros-tuts/patrol_ws/build/turtlebot3_teleop/install.log'
[5.476s] Invoked command in '/home/hassan/ros-tuts/patrol_ws/src/turtlebot3/turtlebot3/turtlebot3_teleop' returned '0': PYTHONPATH=/home/hassan/ros-tuts/patrol_ws/build/turtlebot3_teleop/prefix_override:/usr/lib/python3/dist-packages/colcon_core/task/python/colcon_distutils_commands:/home/hassan/ros-tuts/patrol_ws/install/turtlebot3_teleop/lib/python3.10/site-packages:${PYTHONPATH} /usr/bin/python3 -W ignore:setup.py install is deprecated setup.py egg_info --egg-base ../../../../build/turtlebot3_teleop build --build-base /home/hassan/ros-tuts/patrol_ws/build/turtlebot3_teleop/build install --record /home/hassan/ros-tuts/patrol_ws/build/turtlebot3_teleop/install.log --single-version-externally-managed install_data --force
