[2.092s] Invoking command in '/home/hassan/ros-tuts/patrol_ws/build/turtlebot3_example': AMENT_PREFIX_PATH=/home/hassan/ros-tuts/patrol_ws/install/turtlebot3_msgs:${AMENT_PREFIX_PATH} CMAKE_PREFIX_PATH=/home/hassan/ros-tuts/patrol_ws/install/turtlebot3_msgs:${CMAKE_PREFIX_PATH} LD_LIBRARY_PATH=/home/hassan/ros-tuts/patrol_ws/install/turtlebot3_msgs/lib:${LD_LIBRARY_PATH} PYTHONPATH=/home/hassan/ros-tuts/patrol_ws/build/turtlebot3_example/prefix_override:/usr/lib/python3/dist-packages/colcon_core/task/python/colcon_distutils_commands:/home/hassan/ros-tuts/patrol_ws/install/turtlebot3_example/lib/python3.10/site-packages:/home/hassan/ros-tuts/patrol_ws/install/turtlebot3_msgs/local/lib/python3.10/dist-packages:${PYTHONPATH} /usr/bin/python3 -W ignore:setup.py install is deprecated setup.py develop --editable --build-directory /home/hassan/ros-tuts/patrol_ws/build/turtlebot3_example/build --no-deps symlink_data
[2.987s] running develop
[2.988s] /usr/lib/python3/dist-packages/setuptools/command/easy_install.py:158: EasyInstallDeprecationWarning: easy_install command is deprecated. Use build and pip and other standards-based tools.
[2.988s]   warnings.warn(
[3.545s] running egg_info
[3.546s] creating turtlebot3_example.egg-info
[3.547s] writing turtlebot3_example.egg-info/PKG-INFO
[3.547s] writing dependency_links to turtlebot3_example.egg-info/dependency_links.txt
[3.547s] writing entry points to turtlebot3_example.egg-info/entry_points.txt
[3.547s] writing requirements to turtlebot3_example.egg-info/requires.txt
[3.551s] writing top-level names to turtlebot3_example.egg-info/top_level.txt
[3.551s] writing manifest file 'turtlebot3_example.egg-info/SOURCES.txt'
[3.554s] reading manifest file 'turtlebot3_example.egg-info/SOURCES.txt'
[3.556s] writing manifest file 'turtlebot3_example.egg-info/SOURCES.txt'
[3.560s] running build_ext
[3.561s] Creating /home/hassan/ros-tuts/patrol_ws/install/turtlebot3_example/lib/python3.10/site-packages/turtlebot3-example.egg-link (link to .)
[3.563s] Installing turtlebot3_obstacle_detection script to /home/hassan/ros-tuts/patrol_ws/install/turtlebot3_example/lib/turtlebot3_example
[3.564s] Installing turtlebot3_patrol_client script to /home/hassan/ros-tuts/patrol_ws/install/turtlebot3_example/lib/turtlebot3_example
[3.564s] Installing turtlebot3_patrol_server script to /home/hassan/ros-tuts/patrol_ws/install/turtlebot3_example/lib/turtlebot3_example
[3.564s] Installing turtlebot3_position_control script to /home/hassan/ros-tuts/patrol_ws/install/turtlebot3_example/lib/turtlebot3_example
[3.565s] 
[3.567s] Installed /home/hassan/ros-tuts/patrol_ws/build/turtlebot3_example
[3.567s] running symlink_data
[3.567s] creating /home/hassan/ros-tuts/patrol_ws/install/turtlebot3_example/share/ament_index
[3.567s] creating /home/hassan/ros-tuts/patrol_ws/install/turtlebot3_example/share/ament_index/resource_index
[3.567s] creating /home/hassan/ros-tuts/patrol_ws/install/turtlebot3_example/share/ament_index/resource_index/packages
[3.568s] symbolically linking /home/hassan/ros-tuts/patrol_ws/build/turtlebot3_example/resource/turtlebot3_example -> /home/hassan/ros-tuts/patrol_ws/install/turtlebot3_example/share/ament_index/resource_index/packages
[3.570s] symbolically linking /home/hassan/ros-tuts/patrol_ws/build/turtlebot3_example/package.xml -> /home/hassan/ros-tuts/patrol_ws/install/turtlebot3_example/share/turtlebot3_example
[3.642s] Invoked command in '/home/hassan/ros-tuts/patrol_ws/build/turtlebot3_example' returned '0': AMENT_PREFIX_PATH=/home/hassan/ros-tuts/patrol_ws/install/turtlebot3_msgs:${AMENT_PREFIX_PATH} CMAKE_PREFIX_PATH=/home/hassan/ros-tuts/patrol_ws/install/turtlebot3_msgs:${CMAKE_PREFIX_PATH} LD_LIBRARY_PATH=/home/hassan/ros-tuts/patrol_ws/install/turtlebot3_msgs/lib:${LD_LIBRARY_PATH} PYTHONPATH=/home/hassan/ros-tuts/patrol_ws/build/turtlebot3_example/prefix_override:/usr/lib/python3/dist-packages/colcon_core/task/python/colcon_distutils_commands:/home/hassan/ros-tuts/patrol_ws/install/turtlebot3_example/lib/python3.10/site-packages:/home/hassan/ros-tuts/patrol_ws/install/turtlebot3_msgs/local/lib/python3.10/dist-packages:${PYTHONPATH} /usr/bin/python3 -W ignore:setup.py install is deprecated setup.py develop --editable --build-directory /home/hassan/ros-tuts/patrol_ws/build/turtlebot3_example/build --no-deps symlink_data
