[0.056s] Invoking command in '/home/hassan/ros-tuts/patrol_ws/build/dynamixel_sdk': CMAKE_PREFIX_PATH=${CMAKE_PREFIX_PATH}:/opt/ros/humble /usr/bin/cmake /home/hassan/ros-tuts/patrol_ws/src/utils/DynamixelSDK/dynamixel_sdk -DAMENT_CMAKE_SYMLINK_INSTALL=1 -DCMAKE_INSTALL_PREFIX=/home/hassan/ros-tuts/patrol_ws/install/dynamixel_sdk
[0.288s] -- The C compiler identification is GNU 11.4.0
[0.507s] -- The CXX compiler identification is GNU 11.4.0
[0.528s] -- Detecting C compiler ABI info
[0.701s] -- Detecting C compiler ABI info - done
[0.730s] -- Check for working C compiler: /usr/bin/cc - skipped
[0.737s] -- Detecting C compile features
[0.740s] -- Detecting C compile features - done
[0.750s] -- Detecting CXX compiler ABI info
[0.956s] -- Detecting CXX compiler ABI info - done
[0.991s] -- Check for working CXX compiler: /usr/bin/c++ - skipped
[0.991s] -- Detecting CXX compile features
[0.992s] -- Detecting CXX compile features - done
[1.004s] -- Found ament_cmake: 1.3.10 (/opt/ros/humble/share/ament_cmake/cmake)
[1.474s] -- Found Python3: /usr/bin/python3 (found version "3.10.12") found components: Interpreter 
[1.663s] -- Override CMake install command with custom implementation using symlinks instead of copying resources
[1.955s] -- Configuring done
[1.976s] -- Generating done
[1.977s] -- Build files have been written to: /home/hassan/ros-tuts/patrol_ws/build/dynamixel_sdk
[1.999s] Invoked command in '/home/hassan/ros-tuts/patrol_ws/build/dynamixel_sdk' returned '0': CMAKE_PREFIX_PATH=${CMAKE_PREFIX_PATH}:/opt/ros/humble /usr/bin/cmake /home/hassan/ros-tuts/patrol_ws/src/utils/DynamixelSDK/dynamixel_sdk -DAMENT_CMAKE_SYMLINK_INSTALL=1 -DCMAKE_INSTALL_PREFIX=/home/hassan/ros-tuts/patrol_ws/install/dynamixel_sdk
[2.000s] Invoking command in '/home/hassan/ros-tuts/patrol_ws/build/dynamixel_sdk': CMAKE_PREFIX_PATH=${CMAKE_PREFIX_PATH}:/opt/ros/humble /usr/bin/cmake --build /home/hassan/ros-tuts/patrol_ws/build/dynamixel_sdk -- -j8 -l8
[2.122s] [ 10%] [32mBuilding CXX object CMakeFiles/dynamixel_sdk.dir/src/dynamixel_sdk/protocol1_packet_handler.cpp.o[0m
[2.123s] [ 20%] [32mBuilding CXX object CMakeFiles/dynamixel_sdk.dir/src/dynamixel_sdk/packet_handler.cpp.o[0m
[2.127s] [ 30%] [32mBuilding CXX object CMakeFiles/dynamixel_sdk.dir/src/dynamixel_sdk/group_sync_write.cpp.o[0m
[2.139s] [ 40%] [32mBuilding CXX object CMakeFiles/dynamixel_sdk.dir/src/dynamixel_sdk/protocol2_packet_handler.cpp.o[0m
[2.155s] [ 50%] [32mBuilding CXX object CMakeFiles/dynamixel_sdk.dir/src/dynamixel_sdk/group_bulk_read.cpp.o[0m
[2.155s] [ 60%] [32mBuilding CXX object CMakeFiles/dynamixel_sdk.dir/src/dynamixel_sdk/group_bulk_write.cpp.o[0m
[2.155s] [ 70%] [32mBuilding CXX object CMakeFiles/dynamixel_sdk.dir/src/dynamixel_sdk/group_sync_read.cpp.o[0m
[2.155s] [ 80%] [32mBuilding CXX object CMakeFiles/dynamixel_sdk.dir/src/dynamixel_sdk/port_handler.cpp.o[0m
[2.316s] [ 90%] [32mBuilding CXX object CMakeFiles/dynamixel_sdk.dir/src/dynamixel_sdk/port_handler_linux.cpp.o[0m
[4.119s] [100%] [32m[1mLinking CXX shared library libdynamixel_sdk.so[0m
[4.326s] [100%] Built target dynamixel_sdk
[4.380s] Invoked command in '/home/hassan/ros-tuts/patrol_ws/build/dynamixel_sdk' returned '0': CMAKE_PREFIX_PATH=${CMAKE_PREFIX_PATH}:/opt/ros/humble /usr/bin/cmake --build /home/hassan/ros-tuts/patrol_ws/build/dynamixel_sdk -- -j8 -l8
[4.511s] Invoking command in '/home/hassan/ros-tuts/patrol_ws/build/dynamixel_sdk': CMAKE_PREFIX_PATH=${CMAKE_PREFIX_PATH}:/opt/ros/humble /usr/bin/cmake --install /home/hassan/ros-tuts/patrol_ws/build/dynamixel_sdk
[4.529s] -- Install configuration: ""
[4.529s] -- Execute custom install script
[4.530s] -- Symlinking: /home/hassan/ros-tuts/patrol_ws/install/dynamixel_sdk/include//dynamixel_sdk/dynamixel_sdk.h
[4.552s] -- Symlinking: /home/hassan/ros-tuts/patrol_ws/install/dynamixel_sdk/include//dynamixel_sdk/group_bulk_read.h
[4.580s] -- Symlinking: /home/hassan/ros-tuts/patrol_ws/install/dynamixel_sdk/include//dynamixel_sdk/group_bulk_write.h
[4.604s] -- Symlinking: /home/hassan/ros-tuts/patrol_ws/install/dynamixel_sdk/include//dynamixel_sdk/group_sync_read.h
[4.629s] -- Symlinking: /home/hassan/ros-tuts/patrol_ws/install/dynamixel_sdk/include//dynamixel_sdk/group_sync_write.h
[4.650s] -- Symlinking: /home/hassan/ros-tuts/patrol_ws/install/dynamixel_sdk/include//dynamixel_sdk/packet_handler.h
[4.675s] -- Symlinking: /home/hassan/ros-tuts/patrol_ws/install/dynamixel_sdk/include//dynamixel_sdk/port_handler.h
[4.699s] -- Symlinking: /home/hassan/ros-tuts/patrol_ws/install/dynamixel_sdk/include//dynamixel_sdk/port_handler_arduino.h
[4.719s] -- Symlinking: /home/hassan/ros-tuts/patrol_ws/install/dynamixel_sdk/include//dynamixel_sdk/port_handler_linux.h
[4.742s] -- Symlinking: /home/hassan/ros-tuts/patrol_ws/install/dynamixel_sdk/include//dynamixel_sdk/port_handler_mac.h
[4.762s] -- Symlinking: /home/hassan/ros-tuts/patrol_ws/install/dynamixel_sdk/include//dynamixel_sdk/port_handler_windows.h
[4.783s] -- Symlinking: /home/hassan/ros-tuts/patrol_ws/install/dynamixel_sdk/include//dynamixel_sdk/protocol1_packet_handler.h
[4.802s] -- Symlinking: /home/hassan/ros-tuts/patrol_ws/install/dynamixel_sdk/include//dynamixel_sdk/protocol2_packet_handler.h
[4.818s] -- Symlinking: /home/hassan/ros-tuts/patrol_ws/install/dynamixel_sdk/lib/libdynamixel_sdk.so
[4.837s] -- Symlinking: /home/hassan/ros-tuts/patrol_ws/install/dynamixel_sdk/share/dynamixel_sdk/environment/library_path.sh
[4.851s] -- Symlinking: /home/hassan/ros-tuts/patrol_ws/install/dynamixel_sdk/share/dynamixel_sdk/environment/library_path.dsv
[4.871s] -- Symlinking: /home/hassan/ros-tuts/patrol_ws/install/dynamixel_sdk/share/ament_index/resource_index/package_run_dependencies/dynamixel_sdk
[4.894s] -- Symlinking: /home/hassan/ros-tuts/patrol_ws/install/dynamixel_sdk/share/ament_index/resource_index/parent_prefix_path/dynamixel_sdk
[4.914s] -- Symlinking: /home/hassan/ros-tuts/patrol_ws/install/dynamixel_sdk/share/dynamixel_sdk/environment/ament_prefix_path.sh
[4.935s] -- Symlinking: /home/hassan/ros-tuts/patrol_ws/install/dynamixel_sdk/share/dynamixel_sdk/environment/ament_prefix_path.dsv
[4.952s] -- Symlinking: /home/hassan/ros-tuts/patrol_ws/install/dynamixel_sdk/share/dynamixel_sdk/environment/path.sh
[4.976s] -- Symlinking: /home/hassan/ros-tuts/patrol_ws/install/dynamixel_sdk/share/dynamixel_sdk/environment/path.dsv
[4.993s] -- Symlinking: /home/hassan/ros-tuts/patrol_ws/install/dynamixel_sdk/share/dynamixel_sdk/local_setup.bash
[5.008s] -- Symlinking: /home/hassan/ros-tuts/patrol_ws/install/dynamixel_sdk/share/dynamixel_sdk/local_setup.sh
[5.023s] -- Symlinking: /home/hassan/ros-tuts/patrol_ws/install/dynamixel_sdk/share/dynamixel_sdk/local_setup.zsh
[5.038s] -- Symlinking: /home/hassan/ros-tuts/patrol_ws/install/dynamixel_sdk/share/dynamixel_sdk/local_setup.dsv
[5.055s] -- Symlinking: /home/hassan/ros-tuts/patrol_ws/install/dynamixel_sdk/share/dynamixel_sdk/package.dsv
[5.074s] -- Symlinking: /home/hassan/ros-tuts/patrol_ws/install/dynamixel_sdk/share/ament_index/resource_index/packages/dynamixel_sdk
[5.094s] -- Symlinking: /home/hassan/ros-tuts/patrol_ws/install/dynamixel_sdk/share/dynamixel_sdk/cmake/ament_cmake_export_include_directories-extras.cmake
[5.109s] -- Symlinking: /home/hassan/ros-tuts/patrol_ws/install/dynamixel_sdk/share/dynamixel_sdk/cmake/ament_cmake_export_libraries-extras.cmake
[5.125s] -- Symlinking: /home/hassan/ros-tuts/patrol_ws/install/dynamixel_sdk/share/dynamixel_sdk/cmake/dynamixel_sdkConfig.cmake
[5.142s] -- Symlinking: /home/hassan/ros-tuts/patrol_ws/install/dynamixel_sdk/share/dynamixel_sdk/cmake/dynamixel_sdkConfig-version.cmake
[5.163s] -- Symlinking: /home/hassan/ros-tuts/patrol_ws/install/dynamixel_sdk/share/dynamixel_sdk/package.xml
[5.188s] Invoked command in '/home/hassan/ros-tuts/patrol_ws/build/dynamixel_sdk' returned '0': CMAKE_PREFIX_PATH=${CMAKE_PREFIX_PATH}:/opt/ros/humble /usr/bin/cmake --install /home/hassan/ros-tuts/patrol_ws/build/dynamixel_sdk
