[0.052s] Invoking command in '/home/hassan/ros-tuts/patrol_ws/build/turtlebot3_gazebo': CMAKE_PREFIX_PATH=${CMAKE_PREFIX_PATH}:/opt/ros/humble /usr/bin/cmake /home/hassan/ros-tuts/patrol_ws/src/turtlebot3/turtlebot3_simulations/turtlebot3_gazebo -DAMENT_CMAKE_SYMLINK_INSTALL=1 -DCMAKE_INSTALL_PREFIX=/home/hassan/ros-tuts/patrol_ws/install/turtlebot3_gazebo
[1.929s] -- The C compiler identification is GNU 11.4.0
[1.930s] -- The CXX compiler identification is GNU 11.4.0
[1.930s] -- Detecting C compiler ABI info
[1.930s] -- Detecting C compiler ABI info - done
[1.930s] -- Check for working C compiler: /usr/bin/cc - skipped
[1.930s] -- Detecting C compile features
[1.930s] -- Detecting C compile features - done
[1.931s] -- Detecting CXX compiler ABI info
[1.931s] -- Detecting CXX compiler ABI info - done
[1.931s] -- Check for working CXX compiler: /usr/bin/c++ - skipped
[1.931s] -- Detecting CXX compile features
[1.931s] -- Detecting CXX compile features - done
[1.932s] -- Found ament_cmake: 1.3.10 (/opt/ros/humble/share/ament_cmake/cmake)
[1.932s] -- Found Python3: /usr/bin/python3 (found version "3.10.12") found components: Interpreter 
[1.932s] -- Override CMake install command with custom implementation using symlinks instead of copying resources
[1.933s] -- Found PkgConfig: /usr/bin/pkg-config (found version "0.29.2") 
[1.934s] -- Checking for module 'bullet>=2.82'
[1.934s] --   Found bullet, version 3.05
[1.938s] [33mCMake Warning (dev) at /usr/share/cmake-3.22/Modules/FindPackageHandleStandardArgs.cmake:438 (message):
[1.938s]   The package name passed to `find_package_handle_standard_args` (PkgConfig)
[1.938s]   does not match the name of the calling package (gazebo).  This can lead to
[1.939s]   problems in calling code that expects `find_package` result variables
[1.939s]   (e.g., `_FOUND`) to follow a certain pattern.
[1.939s] Call Stack (most recent call first):
[1.939s]   /usr/share/cmake-3.22/Modules/FindPkgConfig.cmake:99 (find_package_handle_standard_args)
[1.939s]   /usr/lib/x86_64-linux-gnu/cmake/gazebo/gazebo-config.cmake:72 (include)
[1.939s]   CMakeLists.txt:23 (find_package)
[1.940s] This warning is for project developers.  Use -Wno-dev to suppress it.
[1.940s] [0m
[2.160s] -- Found fcl: /usr/include (found suitable version "0.7.0", minimum required is "0.5.0") 
[2.381s] -- Found assimp: /usr/include (found version "5.2.0") 
[2.555s] -- Found DART: /usr/include (Required is at least version "6.6") found components: dart 
[3.619s] -- Found Boost: /usr/lib/x86_64-linux-gnu/cmake/Boost-1.74.0/BoostConfig.cmake (found suitable version "1.74.0", minimum required is "1.40.0") found components: thread system filesystem program_options regex iostreams date_time 
[3.743s] -- Found Protobuf: /usr/lib/x86_64-linux-gnu/libprotobuf.so (found version "3.12.4") 
[3.762s] -- Looking for ignition-math6 -- found version 6.15.1
[3.805s] -- Searching for dependencies of ignition-math6
[3.816s] -- Looking for OGRE...
[3.817s] -- OGRE_PREFIX_WATCH changed.
[3.828s] -- Checking for module 'OGRE'
[3.882s] --   Found OGRE, version 1.9.0
[3.968s] -- Found Ogre Ghadamon (1.9.0)
[3.994s] -- Found OGRE: optimized;/usr/lib/x86_64-linux-gnu/libOgreMain.so;debug;/usr/lib/x86_64-linux-gnu/libOgreMain.so
[4.023s] -- Looking for OGRE_Paging...
[4.038s] -- Found OGRE_Paging: optimized;/usr/lib/x86_64-linux-gnu/libOgrePaging.so;debug;/usr/lib/x86_64-linux-gnu/libOgrePaging.so
[4.038s] -- Looking for OGRE_Terrain...
[4.053s] -- Found OGRE_Terrain: optimized;/usr/lib/x86_64-linux-gnu/libOgreTerrain.so;debug;/usr/lib/x86_64-linux-gnu/libOgreTerrain.so
[4.053s] -- Looking for OGRE_Property...
[4.072s] -- Found OGRE_Property: optimized;/usr/lib/x86_64-linux-gnu/libOgreProperty.so;debug;/usr/lib/x86_64-linux-gnu/libOgreProperty.so
[4.072s] -- Looking for OGRE_RTShaderSystem...
[4.083s] -- Found OGRE_RTShaderSystem: optimized;/usr/lib/x86_64-linux-gnu/libOgreRTShaderSystem.so;debug;/usr/lib/x86_64-linux-gnu/libOgreRTShaderSystem.so
[4.083s] -- Looking for OGRE_Volume...
[4.097s] -- Found OGRE_Volume: optimized;/usr/lib/x86_64-linux-gnu/libOgreVolume.so;debug;/usr/lib/x86_64-linux-gnu/libOgreVolume.so
[4.097s] -- Looking for OGRE_Overlay...
[4.112s] -- Found OGRE_Overlay: optimized;/usr/lib/x86_64-linux-gnu/libOgreOverlay.so;debug;/usr/lib/x86_64-linux-gnu/libOgreOverlay.so
[4.529s] -- Looking for ignition-math6 -- found version 6.15.1
[4.540s] -- Looking for ignition-transport8 -- found version 8.2.1
[4.541s] -- Searching for dependencies of ignition-transport8
[4.592s] -- Found Protobuf: /usr/lib/x86_64-linux-gnu/libprotobuf.so (found suitable version "3.12.4", minimum required is "3") 
[4.628s] -- Config-file not installed for ZeroMQ -- checking for pkg-config
[4.640s] -- Checking for module 'libzmq >= 4'
[4.683s] --   Found libzmq , version 4.3.4
[4.777s] -- Found ZeroMQ: TRUE (Required is at least version "4") 
[4.792s] -- Checking for module 'uuid'
[4.823s] --   Found uuid, version 2.37.2
[4.896s] -- Found UUID: TRUE  
[4.903s] -- Looking for ignition-msgs5 -- found version 5.8.1
[4.904s] -- Searching for dependencies of ignition-msgs5
[4.945s] -- Looking for ignition-math6 -- found version 6.15.1
[4.954s] -- Checking for module 'tinyxml2'
[4.978s] --   Found tinyxml2, version 9.0.0
[5.037s] -- Looking for ignition-msgs5 -- found version 5.8.1
[5.042s] -- Looking for ignition-common3 -- found version 3.14.0
[5.044s] -- Searching for dependencies of ignition-common3
[5.045s] -- Looking for dlfcn.h - found
[5.047s] -- Looking for libdl - found
[5.052s] -- Found DL: TRUE  
[5.083s] -- Found tinyobjloader: /usr/lib/x86_64-linux-gnu/cmake/tinyobjloader/tinyobjloader-config.cmake (found version "2.0.0") 
[5.088s] -- Searching for <ignition-common3> component [graphics]
[5.092s] -- Looking for ignition-common3-graphics -- found version 3.14.0
[5.095s] -- Searching for dependencies of ignition-common3-graphics
[5.095s] -- Looking for ignition-math6 -- found version 6.15.1
[5.103s] -- Looking for ignition-fuel_tools4 -- found version 4.4.0
[5.105s] -- Searching for dependencies of ignition-fuel_tools4
[5.283s] -- Found CURL: /usr/lib/x86_64-linux-gnu/libcurl.so (found version "7.81.0")  
[5.305s] -- Checking for module 'jsoncpp'
[5.332s] --   Found jsoncpp, version 1.9.5
[5.405s] -- Found JSONCPP: TRUE  
[5.422s] -- Checking for module 'libzip'
[5.452s] --   Found libzip, version 1.7.3
[5.527s] -- Found ZIP: TRUE  
[5.527s] -- Looking for ignition-common3 -- found version 3.14.0
[5.528s] -- Looking for ignition-math6 -- found version 6.15.1
[5.528s] -- Looking for ignition-msgs5 -- found version 5.8.1
[5.548s] -- Found gazebo_ros_pkgs: 3.7.0 (/opt/ros/humble/share/gazebo_ros_pkgs/cmake)
[5.552s] -- Found geometry_msgs: 4.2.4 (/opt/ros/humble/share/geometry_msgs/cmake)
[5.644s] -- Found rosidl_generator_c: 3.1.5 (/opt/ros/humble/share/rosidl_generator_c/cmake)
[5.661s] -- Found rosidl_adapter: 3.1.5 (/opt/ros/humble/share/rosidl_adapter/cmake)
[5.686s] -- Found rosidl_generator_cpp: 3.1.5 (/opt/ros/humble/share/rosidl_generator_cpp/cmake)
[5.722s] -- Using all available rosidl_typesupport_c: rosidl_typesupport_fastrtps_c;rosidl_typesupport_introspection_c
[5.776s] -- Using all available rosidl_typesupport_cpp: rosidl_typesupport_fastrtps_cpp;rosidl_typesupport_introspection_cpp
[5.912s] -- Found nav_msgs: 4.2.4 (/opt/ros/humble/share/nav_msgs/cmake)
[6.015s] -- Found rclcpp: 16.0.10 (/opt/ros/humble/share/rclcpp/cmake)
[6.162s] -- Found rmw_implementation_cmake: 6.1.2 (/opt/ros/humble/share/rmw_implementation_cmake/cmake)
[6.173s] -- Found rmw_fastrtps_cpp: 6.2.7 (/opt/ros/humble/share/rmw_fastrtps_cpp/cmake)
[6.551s] -- Found OpenSSL: /usr/lib/x86_64-linux-gnu/libcrypto.so (found version "3.0.2")  
[6.651s] -- Found FastRTPS: /opt/ros/humble/include  
[6.867s] -- Using RMW implementation 'rmw_fastrtps_cpp' as default
[6.901s] -- Found Threads: TRUE  
[7.053s] -- Found sensor_msgs: 4.2.4 (/opt/ros/humble/share/sensor_msgs/cmake)
[7.141s] -- Found tf2: 0.25.8 (/opt/ros/humble/share/tf2/cmake)
[7.494s] -- Configuring done
[7.687s] -- Generating done
[7.704s] -- Build files have been written to: /home/hassan/ros-tuts/patrol_ws/build/turtlebot3_gazebo
[7.760s] Invoked command in '/home/hassan/ros-tuts/patrol_ws/build/turtlebot3_gazebo' returned '0': CMAKE_PREFIX_PATH=${CMAKE_PREFIX_PATH}:/opt/ros/humble /usr/bin/cmake /home/hassan/ros-tuts/patrol_ws/src/turtlebot3/turtlebot3_simulations/turtlebot3_gazebo -DAMENT_CMAKE_SYMLINK_INSTALL=1 -DCMAKE_INSTALL_PREFIX=/home/hassan/ros-tuts/patrol_ws/install/turtlebot3_gazebo
[7.763s] Invoking command in '/home/hassan/ros-tuts/patrol_ws/build/turtlebot3_gazebo': CMAKE_PREFIX_PATH=${CMAKE_PREFIX_PATH}:/opt/ros/humble /usr/bin/cmake --build /home/hassan/ros-tuts/patrol_ws/build/turtlebot3_gazebo -- -j8 -l8
[8.011s] [ 12%] [32mBuilding CXX object CMakeFiles/turtlebot3_drive.dir/src/turtlebot3_drive.cpp.o[0m
[8.023s] [ 25%] [32mBuilding CXX object CMakeFiles/obstacle1.dir/models/turtlebot3_dqn_world/obstacle_plugin/obstacle1.cc.o[0m
[8.034s] [ 37%] [32mBuilding CXX object CMakeFiles/obstacle2.dir/models/turtlebot3_dqn_world/obstacle_plugin/obstacle2.cc.o[0m
[8.062s] [ 50%] [32mBuilding CXX object CMakeFiles/obstacles.dir/models/turtlebot3_dqn_world/obstacle_plugin/obstacles.cc.o[0m
[61.459s] [ 62%] [32m[1mLinking CXX shared library libobstacle1.so[0m
[63.197s] [ 62%] Built target obstacle1
[68.440s] [ 75%] [32m[1mLinking CXX shared library libobstacles.so[0m
[68.802s] [ 87%] [32m[1mLinking CXX shared library libobstacle2.so[0m
[69.121s] [ 87%] Built target obstacles
[69.410s] [ 87%] Built target obstacle2
[73.602s] [100%] [32m[1mLinking CXX executable turtlebot3_drive[0m
[74.845s] [100%] Built target turtlebot3_drive
[74.881s] Invoked command in '/home/hassan/ros-tuts/patrol_ws/build/turtlebot3_gazebo' returned '0': CMAKE_PREFIX_PATH=${CMAKE_PREFIX_PATH}:/opt/ros/humble /usr/bin/cmake --build /home/hassan/ros-tuts/patrol_ws/build/turtlebot3_gazebo -- -j8 -l8
[74.941s] Invoking command in '/home/hassan/ros-tuts/patrol_ws/build/turtlebot3_gazebo': CMAKE_PREFIX_PATH=${CMAKE_PREFIX_PATH}:/opt/ros/humble /usr/bin/cmake --install /home/hassan/ros-tuts/patrol_ws/build/turtlebot3_gazebo
[74.952s] -- Install configuration: ""
[74.953s] -- Execute custom install script
[74.954s] -- Symlinking: /home/hassan/ros-tuts/patrol_ws/install/turtlebot3_gazebo/lib/turtlebot3_gazebo/turtlebot3_drive
[74.969s] -- Symlinking: /home/hassan/ros-tuts/patrol_ws/install/turtlebot3_gazebo/share/turtlebot3_gazebo//launch/empty_world.launch.py
[74.982s] -- Symlinking: /home/hassan/ros-tuts/patrol_ws/install/turtlebot3_gazebo/share/turtlebot3_gazebo//launch/robot_state_publisher.launch.py
[74.996s] -- Symlinking: /home/hassan/ros-tuts/patrol_ws/install/turtlebot3_gazebo/share/turtlebot3_gazebo//launch/spawn_turtlebot3.launch.py
[75.010s] -- Symlinking: /home/hassan/ros-tuts/patrol_ws/install/turtlebot3_gazebo/share/turtlebot3_gazebo//launch/turtlebot3_dqn_stage1.launch.py
[75.024s] -- Symlinking: /home/hassan/ros-tuts/patrol_ws/install/turtlebot3_gazebo/share/turtlebot3_gazebo//launch/turtlebot3_dqn_stage2.launch.py
[75.037s] -- Symlinking: /home/hassan/ros-tuts/patrol_ws/install/turtlebot3_gazebo/share/turtlebot3_gazebo//launch/turtlebot3_dqn_stage3.launch.py
[75.050s] -- Symlinking: /home/hassan/ros-tuts/patrol_ws/install/turtlebot3_gazebo/share/turtlebot3_gazebo//launch/turtlebot3_dqn_stage4.launch.py
[75.064s] -- Symlinking: /home/hassan/ros-tuts/patrol_ws/install/turtlebot3_gazebo/share/turtlebot3_gazebo//launch/turtlebot3_house.launch.py
[75.078s] -- Symlinking: /home/hassan/ros-tuts/patrol_ws/install/turtlebot3_gazebo/share/turtlebot3_gazebo//launch/turtlebot3_world.launch.py
[75.101s] -- Symlinking: /home/hassan/ros-tuts/patrol_ws/install/turtlebot3_gazebo/share/turtlebot3_gazebo//models/turtlebot3_burger/model-1_4.sdf
[75.115s] -- Symlinking: /home/hassan/ros-tuts/patrol_ws/install/turtlebot3_gazebo/share/turtlebot3_gazebo//models/turtlebot3_burger/model.config
[75.129s] -- Symlinking: /home/hassan/ros-tuts/patrol_ws/install/turtlebot3_gazebo/share/turtlebot3_gazebo//models/turtlebot3_burger/model.sdf
[75.143s] -- Symlinking: /home/hassan/ros-tuts/patrol_ws/install/turtlebot3_gazebo/share/turtlebot3_gazebo//models/turtlebot3_common/meshes/burger_base.dae
[75.156s] -- Symlinking: /home/hassan/ros-tuts/patrol_ws/install/turtlebot3_gazebo/share/turtlebot3_gazebo//models/turtlebot3_common/meshes/lds.dae
[75.170s] -- Symlinking: /home/hassan/ros-tuts/patrol_ws/install/turtlebot3_gazebo/share/turtlebot3_gazebo//models/turtlebot3_common/meshes/r200.dae
[75.184s] -- Symlinking: /home/hassan/ros-tuts/patrol_ws/install/turtlebot3_gazebo/share/turtlebot3_gazebo//models/turtlebot3_common/meshes/tire.dae
[75.198s] -- Symlinking: /home/hassan/ros-tuts/patrol_ws/install/turtlebot3_gazebo/share/turtlebot3_gazebo//models/turtlebot3_common/meshes/waffle_base.dae
[75.212s] -- Symlinking: /home/hassan/ros-tuts/patrol_ws/install/turtlebot3_gazebo/share/turtlebot3_gazebo//models/turtlebot3_common/meshes/waffle_pi_base.dae
[75.225s] -- Symlinking: /home/hassan/ros-tuts/patrol_ws/install/turtlebot3_gazebo/share/turtlebot3_gazebo//models/turtlebot3_common/model.config
[75.239s] -- Symlinking: /home/hassan/ros-tuts/patrol_ws/install/turtlebot3_gazebo/share/turtlebot3_gazebo//models/turtlebot3_dqn_world/goal_box/model.config
[75.253s] -- Symlinking: /home/hassan/ros-tuts/patrol_ws/install/turtlebot3_gazebo/share/turtlebot3_gazebo//models/turtlebot3_dqn_world/goal_box/model.sdf
[75.267s] -- Symlinking: /home/hassan/ros-tuts/patrol_ws/install/turtlebot3_gazebo/share/turtlebot3_gazebo//models/turtlebot3_dqn_world/inner_walls/model.config
[75.282s] -- Symlinking: /home/hassan/ros-tuts/patrol_ws/install/turtlebot3_gazebo/share/turtlebot3_gazebo//models/turtlebot3_dqn_world/inner_walls/model.sdf
[75.297s] -- Symlinking: /home/hassan/ros-tuts/patrol_ws/install/turtlebot3_gazebo/share/turtlebot3_gazebo//models/turtlebot3_dqn_world/model.config
[75.311s] -- Symlinking: /home/hassan/ros-tuts/patrol_ws/install/turtlebot3_gazebo/share/turtlebot3_gazebo//models/turtlebot3_dqn_world/model.sdf
[75.324s] -- Symlinking: /home/hassan/ros-tuts/patrol_ws/install/turtlebot3_gazebo/share/turtlebot3_gazebo//models/turtlebot3_dqn_world/obstacle1/model.config
[75.337s] -- Symlinking: /home/hassan/ros-tuts/patrol_ws/install/turtlebot3_gazebo/share/turtlebot3_gazebo//models/turtlebot3_dqn_world/obstacle1/model.sdf
[75.351s] -- Symlinking: /home/hassan/ros-tuts/patrol_ws/install/turtlebot3_gazebo/share/turtlebot3_gazebo//models/turtlebot3_dqn_world/obstacle2/model.config
[75.364s] -- Symlinking: /home/hassan/ros-tuts/patrol_ws/install/turtlebot3_gazebo/share/turtlebot3_gazebo//models/turtlebot3_dqn_world/obstacle2/model.sdf
[75.378s] -- Symlinking: /home/hassan/ros-tuts/patrol_ws/install/turtlebot3_gazebo/share/turtlebot3_gazebo//models/turtlebot3_dqn_world/obstacle_plugin/CMakeLists.txt
[75.394s] -- Symlinking: /home/hassan/ros-tuts/patrol_ws/install/turtlebot3_gazebo/share/turtlebot3_gazebo//models/turtlebot3_dqn_world/obstacle_plugin/obstacle1.cc
[75.409s] -- Symlinking: /home/hassan/ros-tuts/patrol_ws/install/turtlebot3_gazebo/share/turtlebot3_gazebo//models/turtlebot3_dqn_world/obstacle_plugin/obstacle2.cc
[75.423s] -- Symlinking: /home/hassan/ros-tuts/patrol_ws/install/turtlebot3_gazebo/share/turtlebot3_gazebo//models/turtlebot3_dqn_world/obstacle_plugin/obstacles.cc
[75.438s] -- Symlinking: /home/hassan/ros-tuts/patrol_ws/install/turtlebot3_gazebo/share/turtlebot3_gazebo//models/turtlebot3_dqn_world/obstacles/model.config
[75.454s] -- Symlinking: /home/hassan/ros-tuts/patrol_ws/install/turtlebot3_gazebo/share/turtlebot3_gazebo//models/turtlebot3_dqn_world/obstacles/model.sdf
[75.470s] -- Symlinking: /home/hassan/ros-tuts/patrol_ws/install/turtlebot3_gazebo/share/turtlebot3_gazebo//models/turtlebot3_house/model.config
[75.489s] -- Symlinking: /home/hassan/ros-tuts/patrol_ws/install/turtlebot3_gazebo/share/turtlebot3_gazebo//models/turtlebot3_house/model.sdf
[75.505s] -- Symlinking: /home/hassan/ros-tuts/patrol_ws/install/turtlebot3_gazebo/share/turtlebot3_gazebo//models/turtlebot3_waffle/model-1_4.sdf
[75.520s] -- Symlinking: /home/hassan/ros-tuts/patrol_ws/install/turtlebot3_gazebo/share/turtlebot3_gazebo//models/turtlebot3_waffle/model.config
[75.535s] -- Symlinking: /home/hassan/ros-tuts/patrol_ws/install/turtlebot3_gazebo/share/turtlebot3_gazebo//models/turtlebot3_waffle/model.sdf
[75.549s] -- Symlinking: /home/hassan/ros-tuts/patrol_ws/install/turtlebot3_gazebo/share/turtlebot3_gazebo//models/turtlebot3_waffle_pi/model-1_4_.sdf
[75.564s] -- Symlinking: /home/hassan/ros-tuts/patrol_ws/install/turtlebot3_gazebo/share/turtlebot3_gazebo//models/turtlebot3_waffle_pi/model.config
[75.578s] -- Symlinking: /home/hassan/ros-tuts/patrol_ws/install/turtlebot3_gazebo/share/turtlebot3_gazebo//models/turtlebot3_waffle_pi/model.sdf
[75.592s] -- Symlinking: /home/hassan/ros-tuts/patrol_ws/install/turtlebot3_gazebo/share/turtlebot3_gazebo//models/turtlebot3_world/meshes/hexagon.dae
[75.607s] -- Symlinking: /home/hassan/ros-tuts/patrol_ws/install/turtlebot3_gazebo/share/turtlebot3_gazebo//models/turtlebot3_world/meshes/wall.dae
[75.622s] -- Symlinking: /home/hassan/ros-tuts/patrol_ws/install/turtlebot3_gazebo/share/turtlebot3_gazebo//models/turtlebot3_world/model-1_4.sdf
[75.636s] -- Symlinking: /home/hassan/ros-tuts/patrol_ws/install/turtlebot3_gazebo/share/turtlebot3_gazebo//models/turtlebot3_world/model.config
[75.651s] -- Symlinking: /home/hassan/ros-tuts/patrol_ws/install/turtlebot3_gazebo/share/turtlebot3_gazebo//models/turtlebot3_world/model.sdf
[75.672s] -- Symlinking: /home/hassan/ros-tuts/patrol_ws/install/turtlebot3_gazebo/share/turtlebot3_gazebo//rviz/tb3_gazebo.rviz
[75.688s] -- Symlinking: /home/hassan/ros-tuts/patrol_ws/install/turtlebot3_gazebo/share/turtlebot3_gazebo//urdf/common_properties.urdf
[75.705s] -- Symlinking: /home/hassan/ros-tuts/patrol_ws/install/turtlebot3_gazebo/share/turtlebot3_gazebo//urdf/turtlebot3_burger.urdf
[75.723s] -- Symlinking: /home/hassan/ros-tuts/patrol_ws/install/turtlebot3_gazebo/share/turtlebot3_gazebo//urdf/turtlebot3_waffle.urdf
[75.744s] -- Symlinking: /home/hassan/ros-tuts/patrol_ws/install/turtlebot3_gazebo/share/turtlebot3_gazebo//urdf/turtlebot3_waffle_pi.urdf
[75.760s] -- Symlinking: /home/hassan/ros-tuts/patrol_ws/install/turtlebot3_gazebo/share/turtlebot3_gazebo//worlds/empty_world.world
[75.775s] -- Symlinking: /home/hassan/ros-tuts/patrol_ws/install/turtlebot3_gazebo/share/turtlebot3_gazebo//worlds/turtlebot3_dqn_stage1.world
[75.796s] -- Symlinking: /home/hassan/ros-tuts/patrol_ws/install/turtlebot3_gazebo/share/turtlebot3_gazebo//worlds/turtlebot3_dqn_stage2.world
[75.818s] -- Symlinking: /home/hassan/ros-tuts/patrol_ws/install/turtlebot3_gazebo/share/turtlebot3_gazebo//worlds/turtlebot3_dqn_stage3.world
[75.838s] -- Symlinking: /home/hassan/ros-tuts/patrol_ws/install/turtlebot3_gazebo/share/turtlebot3_gazebo//worlds/turtlebot3_dqn_stage4.world
[75.855s] -- Symlinking: /home/hassan/ros-tuts/patrol_ws/install/turtlebot3_gazebo/share/turtlebot3_gazebo//worlds/turtlebot3_house.world
[75.877s] -- Symlinking: /home/hassan/ros-tuts/patrol_ws/install/turtlebot3_gazebo/share/turtlebot3_gazebo//worlds/turtlebot3_world.world
[75.900s] -- Symlinking: /home/hassan/ros-tuts/patrol_ws/install/turtlebot3_gazebo/include//turtlebot3_gazebo/turtlebot3_drive.hpp
[75.922s] -- Symlinking: /home/hassan/ros-tuts/patrol_ws/install/turtlebot3_gazebo/share/ament_index/resource_index/package_run_dependencies/turtlebot3_gazebo
[75.939s] -- Symlinking: /home/hassan/ros-tuts/patrol_ws/install/turtlebot3_gazebo/share/ament_index/resource_index/parent_prefix_path/turtlebot3_gazebo
[75.956s] -- Symlinking: /home/hassan/ros-tuts/patrol_ws/install/turtlebot3_gazebo/share/turtlebot3_gazebo/environment/ament_prefix_path.sh
[75.973s] -- Symlinking: /home/hassan/ros-tuts/patrol_ws/install/turtlebot3_gazebo/share/turtlebot3_gazebo/environment/ament_prefix_path.dsv
[75.992s] -- Symlinking: /home/hassan/ros-tuts/patrol_ws/install/turtlebot3_gazebo/share/turtlebot3_gazebo/environment/path.sh
[76.010s] -- Symlinking: /home/hassan/ros-tuts/patrol_ws/install/turtlebot3_gazebo/share/turtlebot3_gazebo/environment/path.dsv
[76.031s] -- Symlinking: /home/hassan/ros-tuts/patrol_ws/install/turtlebot3_gazebo/share/turtlebot3_gazebo/local_setup.bash
[76.049s] -- Symlinking: /home/hassan/ros-tuts/patrol_ws/install/turtlebot3_gazebo/share/turtlebot3_gazebo/local_setup.sh
[76.067s] -- Symlinking: /home/hassan/ros-tuts/patrol_ws/install/turtlebot3_gazebo/share/turtlebot3_gazebo/local_setup.zsh
[76.088s] -- Symlinking: /home/hassan/ros-tuts/patrol_ws/install/turtlebot3_gazebo/share/turtlebot3_gazebo/local_setup.dsv
[76.108s] -- Symlinking: /home/hassan/ros-tuts/patrol_ws/install/turtlebot3_gazebo/share/turtlebot3_gazebo/package.dsv
[76.132s] -- Symlinking: /home/hassan/ros-tuts/patrol_ws/install/turtlebot3_gazebo/share/ament_index/resource_index/packages/turtlebot3_gazebo
[76.155s] -- Symlinking: /home/hassan/ros-tuts/patrol_ws/install/turtlebot3_gazebo/share/turtlebot3_gazebo/cmake/ament_cmake_export_include_directories-extras.cmake
[76.176s] -- Symlinking: /home/hassan/ros-tuts/patrol_ws/install/turtlebot3_gazebo/share/turtlebot3_gazebo/cmake/ament_cmake_export_dependencies-extras.cmake
[76.195s] -- Symlinking: /home/hassan/ros-tuts/patrol_ws/install/turtlebot3_gazebo/share/turtlebot3_gazebo/cmake/turtlebot3_gazeboConfig.cmake
[76.213s] -- Symlinking: /home/hassan/ros-tuts/patrol_ws/install/turtlebot3_gazebo/share/turtlebot3_gazebo/cmake/turtlebot3_gazeboConfig-version.cmake
[76.230s] -- Symlinking: /home/hassan/ros-tuts/patrol_ws/install/turtlebot3_gazebo/share/turtlebot3_gazebo/package.xml
[76.256s] Invoked command in '/home/hassan/ros-tuts/patrol_ws/build/turtlebot3_gazebo' returned '0': CMAKE_PREFIX_PATH=${CMAKE_PREFIX_PATH}:/opt/ros/humble /usr/bin/cmake --install /home/hassan/ros-tuts/patrol_ws/build/turtlebot3_gazebo
