[0.023s] Invoking command in '/home/hassan/ros-tuts/partrolbot_ws/build/turtlebot3_gazebo': CMAKE_PREFIX_PATH=${CMAKE_PREFIX_PATH}:/home/hassan/ros-tuts/partrolbot_ws/install/turtlebot3_teleop:/home/hassan/ros-tuts/partrolbot_ws/install/turtlebot3_example:/home/hassan/ros-tuts/partrolbot_ws/install/tb3_sim:/opt/ros/humble /usr/bin/cmake /home/hassan/ros-tuts/partrolbot_ws/src/turtlebot3/turtlebot3_simulations/turtlebot3_gazebo -DAMENT_CMAKE_SYMLINK_INSTALL=1 -DCMAKE_INSTALL_PREFIX=/home/hassan/ros-tuts/partrolbot_ws/install/turtlebot3_gazebo
[1.087s] -- The C compiler identification is GNU 11.4.0
[1.087s] -- The CXX compiler identification is GNU 11.4.0
[1.087s] -- Detecting C compiler ABI info
[1.087s] -- Detecting C compiler ABI info - done
[1.087s] -- Check for working C compiler: /usr/bin/cc - skipped
[1.088s] -- Detecting C compile features
[1.088s] -- Detecting C compile features - done
[1.088s] -- Detecting CXX compiler ABI info
[1.088s] -- Detecting CXX compiler ABI info - done
[1.088s] -- Check for working CXX compiler: /usr/bin/c++ - skipped
[1.088s] -- Detecting CXX compile features
[1.088s] -- Detecting CXX compile features - done
[1.088s] -- Found ament_cmake: 1.3.10 (/opt/ros/humble/share/ament_cmake/cmake)
[1.088s] -- Found Python3: /usr/bin/python3 (found version "3.10.12") found components: Interpreter 
[1.088s] -- Override CMake install command with custom implementation using symlinks instead of copying resources
[1.088s] -- Found PkgConfig: /usr/bin/pkg-config (found version "0.29.2") 
[1.088s] -- Checking for module 'bullet>=2.82'
[1.088s] --   Found bullet, version 3.05
[1.089s] [33mCMake Warning (dev) at /usr/share/cmake-3.22/Modules/FindPackageHandleStandardArgs.cmake:438 (message):
[1.089s]   The package name passed to `find_package_handle_standard_args` (PkgConfig)
[1.089s]   does not match the name of the calling package (gazebo).  This can lead to
[1.089s]   problems in calling code that expects `find_package` result variables
[1.089s]   (e.g., `_FOUND`) to follow a certain pattern.
[1.089s] Call Stack (most recent call first):
[1.089s]   /usr/share/cmake-3.22/Modules/FindPkgConfig.cmake:99 (find_package_handle_standard_args)
[1.089s]   /usr/lib/x86_64-linux-gnu/cmake/gazebo/gazebo-config.cmake:72 (include)
[1.089s]   CMakeLists.txt:23 (find_package)
[1.089s] This warning is for project developers.  Use -Wno-dev to suppress it.
[1.089s] [0m
[1.251s] -- Found fcl: /usr/include (found suitable version "0.7.0", minimum required is "0.5.0") 
[1.436s] -- Found assimp: /usr/include (found version "5.2.0") 
[1.530s] -- Found DART: /usr/include (Required is at least version "6.6") found components: dart 
[2.075s] -- Found Boost: /usr/lib/x86_64-linux-gnu/cmake/Boost-1.74.0/BoostConfig.cmake (found suitable version "1.74.0", minimum required is "1.40.0") found components: thread system filesystem program_options regex iostreams date_time 
[2.145s] -- Found Protobuf: /usr/lib/x86_64-linux-gnu/libprotobuf.so (found version "3.12.4") 
[2.157s] -- Looking for ignition-math6 -- found version 6.15.1
[2.176s] -- Searching for dependencies of ignition-math6
[2.179s] -- Looking for OGRE...
[2.179s] -- OGRE_PREFIX_WATCH changed.
[2.190s] -- Checking for module 'OGRE'
[2.212s] --   Found OGRE, version 1.9.0
[2.276s] -- Found Ogre Ghadamon (1.9.0)
[2.296s] -- Found OGRE: optimized;/usr/lib/x86_64-linux-gnu/libOgreMain.so;debug;/usr/lib/x86_64-linux-gnu/libOgreMain.so
[2.318s] -- Looking for OGRE_Paging...
[2.350s] -- Found OGRE_Paging: optimized;/usr/lib/x86_64-linux-gnu/libOgrePaging.so;debug;/usr/lib/x86_64-linux-gnu/libOgrePaging.so
[2.351s] -- Looking for OGRE_Terrain...
[2.378s] -- Found OGRE_Terrain: optimized;/usr/lib/x86_64-linux-gnu/libOgreTerrain.so;debug;/usr/lib/x86_64-linux-gnu/libOgreTerrain.so
[2.380s] -- Looking for OGRE_Property...
[2.399s] -- Found OGRE_Property: optimized;/usr/lib/x86_64-linux-gnu/libOgreProperty.so;debug;/usr/lib/x86_64-linux-gnu/libOgreProperty.so
[2.400s] -- Looking for OGRE_RTShaderSystem...
[2.417s] -- Found OGRE_RTShaderSystem: optimized;/usr/lib/x86_64-linux-gnu/libOgreRTShaderSystem.so;debug;/usr/lib/x86_64-linux-gnu/libOgreRTShaderSystem.so
[2.417s] -- Looking for OGRE_Volume...
[2.439s] -- Found OGRE_Volume: optimized;/usr/lib/x86_64-linux-gnu/libOgreVolume.so;debug;/usr/lib/x86_64-linux-gnu/libOgreVolume.so
[2.439s] -- Looking for OGRE_Overlay...
[2.453s] -- Found OGRE_Overlay: optimized;/usr/lib/x86_64-linux-gnu/libOgreOverlay.so;debug;/usr/lib/x86_64-linux-gnu/libOgreOverlay.so
[2.709s] -- Looking for ignition-math6 -- found version 6.15.1
[2.713s] -- Looking for ignition-transport8 -- found version 8.2.1
[2.714s] -- Searching for dependencies of ignition-transport8
[2.727s] -- Found Protobuf: /usr/lib/x86_64-linux-gnu/libprotobuf.so (found suitable version "3.12.4", minimum required is "3") 
[2.736s] -- Config-file not installed for ZeroMQ -- checking for pkg-config
[2.740s] -- Checking for module 'libzmq >= 4'
[2.775s] --   Found libzmq , version 4.3.4
[2.848s] -- Found ZeroMQ: TRUE (Required is at least version "4") 
[2.872s] -- Checking for module 'uuid'
[2.911s] --   Found uuid, version 2.37.2
[2.984s] -- Found UUID: TRUE  
[2.989s] -- Looking for ignition-msgs5 -- found version 5.8.1
[2.989s] -- Searching for dependencies of ignition-msgs5
[3.011s] -- Looking for ignition-math6 -- found version 6.15.1
[3.020s] -- Checking for module 'tinyxml2'
[3.058s] --   Found tinyxml2, version 9.0.0
[3.126s] -- Looking for ignition-msgs5 -- found version 5.8.1
[3.131s] -- Looking for ignition-common3 -- found version 3.14.0
[3.132s] -- Searching for dependencies of ignition-common3
[3.132s] -- Looking for dlfcn.h - found
[3.135s] -- Looking for libdl - found
[3.135s] -- Found DL: TRUE  
[3.155s] -- Found tinyobjloader: /usr/lib/x86_64-linux-gnu/cmake/tinyobjloader/tinyobjloader-config.cmake (found version "2.0.0") 
[3.156s] -- Searching for <ignition-common3> component [graphics]
[3.161s] -- Looking for ignition-common3-graphics -- found version 3.14.0
[3.161s] -- Searching for dependencies of ignition-common3-graphics
[3.161s] -- Looking for ignition-math6 -- found version 6.15.1
[3.176s] -- Looking for ignition-fuel_tools4 -- found version 4.4.0
[3.176s] -- Searching for dependencies of ignition-fuel_tools4
[3.359s] -- Found CURL: /usr/lib/x86_64-linux-gnu/libcurl.so (found version "7.81.0")  
[3.386s] -- Checking for module 'jsoncpp'
[3.422s] --   Found jsoncpp, version 1.9.5
[3.483s] -- Found JSONCPP: TRUE  
[3.489s] -- Checking for module 'libzip'
[3.513s] --   Found libzip, version 1.7.3
[3.592s] -- Found ZIP: TRUE  
[3.593s] -- Looking for ignition-common3 -- found version 3.14.0
[3.593s] -- Looking for ignition-math6 -- found version 6.15.1
[3.594s] -- Looking for ignition-msgs5 -- found version 5.8.1
[3.613s] -- Found gazebo_ros_pkgs: 3.7.0 (/opt/ros/humble/share/gazebo_ros_pkgs/cmake)
[3.620s] -- Found geometry_msgs: 4.2.4 (/opt/ros/humble/share/geometry_msgs/cmake)
[3.704s] -- Found rosidl_generator_c: 3.1.5 (/opt/ros/humble/share/rosidl_generator_c/cmake)
[3.724s] -- Found rosidl_adapter: 3.1.5 (/opt/ros/humble/share/rosidl_adapter/cmake)
[3.739s] -- Found rosidl_generator_cpp: 3.1.5 (/opt/ros/humble/share/rosidl_generator_cpp/cmake)
[3.765s] -- Using all available rosidl_typesupport_c: rosidl_typesupport_fastrtps_c;rosidl_typesupport_introspection_c
[3.793s] -- Using all available rosidl_typesupport_cpp: rosidl_typesupport_fastrtps_cpp;rosidl_typesupport_introspection_cpp
[3.852s] -- Found nav_msgs: 4.2.4 (/opt/ros/humble/share/nav_msgs/cmake)
[3.891s] -- Found rclcpp: 16.0.10 (/opt/ros/humble/share/rclcpp/cmake)
[4.005s] -- Found rmw_implementation_cmake: 6.1.2 (/opt/ros/humble/share/rmw_implementation_cmake/cmake)
[4.018s] -- Found rmw_fastrtps_cpp: 6.2.7 (/opt/ros/humble/share/rmw_fastrtps_cpp/cmake)
[4.291s] -- Found OpenSSL: /usr/lib/x86_64-linux-gnu/libcrypto.so (found version "3.0.2")  
[4.373s] -- Found FastRTPS: /opt/ros/humble/include  
[4.489s] -- Using RMW implementation 'rmw_fastrtps_cpp' as default
[4.530s] -- Found Threads: TRUE  
[4.720s] -- Found sensor_msgs: 4.2.4 (/opt/ros/humble/share/sensor_msgs/cmake)
[4.798s] -- Found tf2: 0.25.8 (/opt/ros/humble/share/tf2/cmake)
[4.982s] -- Configuring done
[5.128s] -- Generating done
[5.144s] -- Build files have been written to: /home/hassan/ros-tuts/partrolbot_ws/build/turtlebot3_gazebo
[5.210s] Invoked command in '/home/hassan/ros-tuts/partrolbot_ws/build/turtlebot3_gazebo' returned '0': CMAKE_PREFIX_PATH=${CMAKE_PREFIX_PATH}:/home/hassan/ros-tuts/partrolbot_ws/install/turtlebot3_teleop:/home/hassan/ros-tuts/partrolbot_ws/install/turtlebot3_example:/home/hassan/ros-tuts/partrolbot_ws/install/tb3_sim:/opt/ros/humble /usr/bin/cmake /home/hassan/ros-tuts/partrolbot_ws/src/turtlebot3/turtlebot3_simulations/turtlebot3_gazebo -DAMENT_CMAKE_SYMLINK_INSTALL=1 -DCMAKE_INSTALL_PREFIX=/home/hassan/ros-tuts/partrolbot_ws/install/turtlebot3_gazebo
[5.211s] Invoking command in '/home/hassan/ros-tuts/partrolbot_ws/build/turtlebot3_gazebo': CMAKE_PREFIX_PATH=${CMAKE_PREFIX_PATH}:/home/hassan/ros-tuts/partrolbot_ws/install/turtlebot3_teleop:/home/hassan/ros-tuts/partrolbot_ws/install/turtlebot3_example:/home/hassan/ros-tuts/partrolbot_ws/install/tb3_sim:/opt/ros/humble /usr/bin/cmake --build /home/hassan/ros-tuts/partrolbot_ws/build/turtlebot3_gazebo -- -j8 -l8
[5.306s] [ 12%] [32mBuilding CXX object CMakeFiles/turtlebot3_drive.dir/src/turtlebot3_drive.cpp.o[0m
[5.311s] [ 25%] [32mBuilding CXX object CMakeFiles/obstacle1.dir/models/turtlebot3_dqn_world/obstacle_plugin/obstacle1.cc.o[0m
[5.323s] [ 37%] [32mBuilding CXX object CMakeFiles/obstacle2.dir/models/turtlebot3_dqn_world/obstacle_plugin/obstacle2.cc.o[0m
[5.333s] [ 50%] [32mBuilding CXX object CMakeFiles/obstacles.dir/models/turtlebot3_dqn_world/obstacle_plugin/obstacles.cc.o[0m
[26.821s] [ 62%] [32m[1mLinking CXX executable turtlebot3_drive[0m
[28.713s] [ 62%] Built target turtlebot3_drive
