[0.043s] Invoking command in '/home/hassan/ros-tuts/patrol_ws/build/turtlebot3_node': AMENT_PREFIX_PATH=/home/hassan/ros-tuts/patrol_ws/install/turtlebot3_msgs:/home/hassan/ros-tuts/patrol_ws/install/dynamixel_sdk:${AMENT_PREFIX_PATH} CMAKE_PREFIX_PATH=/home/hassan/ros-tuts/patrol_ws/install/turtlebot3_msgs:/home/hassan/ros-tuts/patrol_ws/install/dynamixel_sdk:/home/hassan/rosbot_ws/install/ros_bot:/opt/ros/humble LD_LIBRARY_PATH=/home/hassan/ros-tuts/patrol_ws/install/turtlebot3_msgs/lib:/home/hassan/ros-tuts/patrol_ws/install/dynamixel_sdk/lib:${LD_LIBRARY_PATH} PYTHONPATH=/home/hassan/ros-tuts/patrol_ws/install/turtlebot3_msgs/local/lib/python3.10/dist-packages:${PYTHONPATH} /usr/bin/cmake --build /home/hassan/ros-tuts/patrol_ws/build/turtlebot3_node -- -j8 -l8
[0.598s] [35m[1mConsolidate compiler generated dependencies of target turtlebot3_node_lib[0m
[0.598s] [ 85%] Built target turtlebot3_node_lib
[0.599s] [35m[1mConsolidate compiler generated dependencies of target turtlebot3_ros[0m
[0.599s] [100%] Built target turtlebot3_ros
[0.623s] Invoked command in '/home/hassan/ros-tuts/patrol_ws/build/turtlebot3_node' returned '0': AMENT_PREFIX_PATH=/home/hassan/ros-tuts/patrol_ws/install/turtlebot3_msgs:/home/hassan/ros-tuts/patrol_ws/install/dynamixel_sdk:${AMENT_PREFIX_PATH} CMAKE_PREFIX_PATH=/home/hassan/ros-tuts/patrol_ws/install/turtlebot3_msgs:/home/hassan/ros-tuts/patrol_ws/install/dynamixel_sdk:/home/hassan/rosbot_ws/install/ros_bot:/opt/ros/humble LD_LIBRARY_PATH=/home/hassan/ros-tuts/patrol_ws/install/turtlebot3_msgs/lib:/home/hassan/ros-tuts/patrol_ws/install/dynamixel_sdk/lib:${LD_LIBRARY_PATH} PYTHONPATH=/home/hassan/ros-tuts/patrol_ws/install/turtlebot3_msgs/local/lib/python3.10/dist-packages:${PYTHONPATH} /usr/bin/cmake --build /home/hassan/ros-tuts/patrol_ws/build/turtlebot3_node -- -j8 -l8
[0.767s] Invoking command in '/home/hassan/ros-tuts/patrol_ws/build/turtlebot3_node': AMENT_PREFIX_PATH=/home/hassan/ros-tuts/patrol_ws/install/turtlebot3_msgs:/home/hassan/ros-tuts/patrol_ws/install/dynamixel_sdk:${AMENT_PREFIX_PATH} CMAKE_PREFIX_PATH=/home/hassan/ros-tuts/patrol_ws/install/turtlebot3_msgs:/home/hassan/ros-tuts/patrol_ws/install/dynamixel_sdk:/home/hassan/rosbot_ws/install/ros_bot:/opt/ros/humble LD_LIBRARY_PATH=/home/hassan/ros-tuts/patrol_ws/install/turtlebot3_msgs/lib:/home/hassan/ros-tuts/patrol_ws/install/dynamixel_sdk/lib:${LD_LIBRARY_PATH} PYTHONPATH=/home/hassan/ros-tuts/patrol_ws/install/turtlebot3_msgs/local/lib/python3.10/dist-packages:${PYTHONPATH} /usr/bin/cmake --install /home/hassan/ros-tuts/patrol_ws/build/turtlebot3_node
[0.787s] -- Install configuration: ""
[0.795s] -- Execute custom install script
[0.796s] -- Up-to-date symlink: /home/hassan/ros-tuts/patrol_ws/install/turtlebot3_node/share/turtlebot3_node/param/burger.yaml
[0.797s] -- Up-to-date symlink: /home/hassan/ros-tuts/patrol_ws/install/turtlebot3_node/share/turtlebot3_node/param/waffle.yaml
[0.797s] -- Up-to-date symlink: /home/hassan/ros-tuts/patrol_ws/install/turtlebot3_node/share/turtlebot3_node/param/waffle_pi.yaml
[0.798s] -- Up-to-date symlink: /home/hassan/ros-tuts/patrol_ws/install/turtlebot3_node/lib/turtlebot3_node/turtlebot3_ros
[0.799s] -- Up-to-date symlink: /home/hassan/ros-tuts/patrol_ws/install/turtlebot3_node/share/ament_index/resource_index/package_run_dependencies/turtlebot3_node
[0.800s] -- Up-to-date symlink: /home/hassan/ros-tuts/patrol_ws/install/turtlebot3_node/share/ament_index/resource_index/parent_prefix_path/turtlebot3_node
[0.800s] -- Up-to-date symlink: /home/hassan/ros-tuts/patrol_ws/install/turtlebot3_node/share/turtlebot3_node/environment/ament_prefix_path.sh
[0.801s] -- Up-to-date symlink: /home/hassan/ros-tuts/patrol_ws/install/turtlebot3_node/share/turtlebot3_node/environment/ament_prefix_path.dsv
[0.803s] -- Up-to-date symlink: /home/hassan/ros-tuts/patrol_ws/install/turtlebot3_node/share/turtlebot3_node/environment/path.sh
[0.803s] -- Up-to-date symlink: /home/hassan/ros-tuts/patrol_ws/install/turtlebot3_node/share/turtlebot3_node/environment/path.dsv
[0.803s] -- Up-to-date symlink: /home/hassan/ros-tuts/patrol_ws/install/turtlebot3_node/share/turtlebot3_node/local_setup.bash
[0.804s] -- Up-to-date symlink: /home/hassan/ros-tuts/patrol_ws/install/turtlebot3_node/share/turtlebot3_node/local_setup.sh
[0.804s] -- Up-to-date symlink: /home/hassan/ros-tuts/patrol_ws/install/turtlebot3_node/share/turtlebot3_node/local_setup.zsh
[0.804s] -- Up-to-date symlink: /home/hassan/ros-tuts/patrol_ws/install/turtlebot3_node/share/turtlebot3_node/local_setup.dsv
[0.805s] -- Symlinking: /home/hassan/ros-tuts/patrol_ws/install/turtlebot3_node/share/turtlebot3_node/package.dsv
[0.830s] -- Up-to-date symlink: /home/hassan/ros-tuts/patrol_ws/install/turtlebot3_node/share/ament_index/resource_index/packages/turtlebot3_node
[0.831s] -- Up-to-date symlink: /home/hassan/ros-tuts/patrol_ws/install/turtlebot3_node/share/turtlebot3_node/cmake/ament_cmake_export_include_directories-extras.cmake
[0.832s] -- Up-to-date symlink: /home/hassan/ros-tuts/patrol_ws/install/turtlebot3_node/share/turtlebot3_node/cmake/turtlebot3_nodeConfig.cmake
[0.833s] -- Up-to-date symlink: /home/hassan/ros-tuts/patrol_ws/install/turtlebot3_node/share/turtlebot3_node/cmake/turtlebot3_nodeConfig-version.cmake
[0.834s] -- Up-to-date symlink: /home/hassan/ros-tuts/patrol_ws/install/turtlebot3_node/share/turtlebot3_node/package.xml
[0.840s] Invoked command in '/home/hassan/ros-tuts/patrol_ws/build/turtlebot3_node' returned '0': AMENT_PREFIX_PATH=/home/hassan/ros-tuts/patrol_ws/install/turtlebot3_msgs:/home/hassan/ros-tuts/patrol_ws/install/dynamixel_sdk:${AMENT_PREFIX_PATH} CMAKE_PREFIX_PATH=/home/hassan/ros-tuts/patrol_ws/install/turtlebot3_msgs:/home/hassan/ros-tuts/patrol_ws/install/dynamixel_sdk:/home/hassan/rosbot_ws/install/ros_bot:/opt/ros/humble LD_LIBRARY_PATH=/home/hassan/ros-tuts/patrol_ws/install/turtlebot3_msgs/lib:/home/hassan/ros-tuts/patrol_ws/install/dynamixel_sdk/lib:${LD_LIBRARY_PATH} PYTHONPATH=/home/hassan/ros-tuts/patrol_ws/install/turtlebot3_msgs/local/lib/python3.10/dist-packages:${PYTHONPATH} /usr/bin/cmake --install /home/hassan/ros-tuts/patrol_ws/build/turtlebot3_node
