[1.036s] Invoking command in '/home/hassan/ros-tuts/partrolbot_ws/build/turtlebot3_teleop': PYTHONPATH=/home/hassan/ros-tuts/partrolbot_ws/build/turtlebot3_teleop/prefix_override:/usr/lib/python3/dist-packages/colcon_core/task/python/colcon_distutils_commands:/home/hassan/ros-tuts/partrolbot_ws/install/turtlebot3_teleop/lib/python3.10/site-packages:${PYTHONPATH} /usr/bin/python3 -W ignore:setup.py install is deprecated setup.py develop --editable --build-directory /home/hassan/ros-tuts/partrolbot_ws/build/turtlebot3_teleop/build --no-deps symlink_data
[1.435s] running develop
[1.436s] /usr/lib/python3/dist-packages/setuptools/command/easy_install.py:158: EasyInstallDeprecationWarning: easy_install command is deprecated. Use build and pip and other standards-based tools.
[1.436s]   warnings.warn(
[1.718s] running egg_info
[1.718s] creating turtlebot3_teleop.egg-info
[1.719s] writing turtlebot3_teleop.egg-info/PKG-INFO
[1.719s] writing dependency_links to turtlebot3_teleop.egg-info/dependency_links.txt
[1.720s] writing entry points to turtlebot3_teleop.egg-info/entry_points.txt
[1.720s] writing requirements to turtlebot3_teleop.egg-info/requires.txt
[1.721s] writing top-level names to turtlebot3_teleop.egg-info/top_level.txt
[1.722s] writing manifest file 'turtlebot3_teleop.egg-info/SOURCES.txt'
[1.724s] reading manifest file 'turtlebot3_teleop.egg-info/SOURCES.txt'
[1.726s] writing manifest file 'turtlebot3_teleop.egg-info/SOURCES.txt'
[1.728s] running build_ext
[1.729s] Creating /home/hassan/ros-tuts/partrolbot_ws/install/turtlebot3_teleop/lib/python3.10/site-packages/turtlebot3-teleop.egg-link (link to .)
[1.730s] Installing teleop_keyboard script to /home/hassan/ros-tuts/partrolbot_ws/install/turtlebot3_teleop/lib/turtlebot3_teleop
[1.731s] 
[1.731s] Installed /home/hassan/ros-tuts/partrolbot_ws/build/turtlebot3_teleop
[1.731s] running symlink_data
[1.733s] creating /home/hassan/ros-tuts/partrolbot_ws/install/turtlebot3_teleop/share/ament_index
[1.733s] creating /home/hassan/ros-tuts/partrolbot_ws/install/turtlebot3_teleop/share/ament_index/resource_index
[1.733s] creating /home/hassan/ros-tuts/partrolbot_ws/install/turtlebot3_teleop/share/ament_index/resource_index/packages
[1.733s] symbolically linking /home/hassan/ros-tuts/partrolbot_ws/build/turtlebot3_teleop/resource/turtlebot3_teleop -> /home/hassan/ros-tuts/partrolbot_ws/install/turtlebot3_teleop/share/ament_index/resource_index/packages
[1.733s] symbolically linking /home/hassan/ros-tuts/partrolbot_ws/build/turtlebot3_teleop/package.xml -> /home/hassan/ros-tuts/partrolbot_ws/install/turtlebot3_teleop/share/turtlebot3_teleop
[1.776s] Invoked command in '/home/hassan/ros-tuts/partrolbot_ws/build/turtlebot3_teleop' returned '0': PYTHONPATH=/home/hassan/ros-tuts/partrolbot_ws/build/turtlebot3_teleop/prefix_override:/usr/lib/python3/dist-packages/colcon_core/task/python/colcon_distutils_commands:/home/hassan/ros-tuts/partrolbot_ws/install/turtlebot3_teleop/lib/python3.10/site-packages:${PYTHONPATH} /usr/bin/python3 -W ignore:setup.py install is deprecated setup.py develop --editable --build-directory /home/hassan/ros-tuts/partrolbot_ws/build/turtlebot3_teleop/build --no-deps symlink_data
