[0.306s] Invoking command in '/home/hassan/ros-tuts/partrolbot_ws/build/turtlebot3_node': CMAKE_PREFIX_PATH=/home/hassan/ros-tuts/partrolbot_ws/install/turtlebot3_msgs:/home/hassan/ros-tuts/partrolbot_ws/install/dynamixel_sdk:/home/hassan/ros-tuts/partrolbot_ws/install/turtlebot3:/home/hassan/ros-tuts/partrolbot_ws/install/turtlebot3_simulations:/home/hassan/ros-tuts/partrolbot_ws/install/turtlebot3_bringup:/home/hassan/ros-tuts/partrolbot_ws/install/turtlebot3_node:/home/hassan/ros-tuts/partrolbot_ws/install/turtlebot3_navigation2:/home/hassan/ros-tuts/partrolbot_ws/install/turtlebot3_fake_node:/home/hassan/ros-tuts/partrolbot_ws/install/turtlebot3_gazebo:/home/hassan/ros-tuts/partrolbot_ws/install/turtlebot3_description:/home/hassan/ros-tuts/partrolbot_ws/install/turtlebot3_cartographer:/home/hassan/ros-tuts/partrolbot_ws/install/hls_lfcd_lds_driver:/home/hassan/ros-tuts/partrolbot_ws/install/dynamixel_sdk_examples:/home/hassan/ros-tuts/partrolbot_ws/install/dynamixel_sdk_custom_interfaces:/home/hassan/rosbot_ws/install/ros_bot:/home/hassan/ros-tuts/partrolbot_ws/install/turtlebot3_teleop:/home/hassan/ros-tuts/partrolbot_ws/install/turtlebot3_example:/home/hassan/ros-tuts/partrolbot_ws/install/tb3_sim:/opt/ros/humble LD_LIBRARY_PATH=/home/hassan/ros-tuts/partrolbot_ws/install/turtlebot3_msgs/lib:/home/hassan/ros-tuts/partrolbot_ws/install/dynamixel_sdk/lib:/home/hassan/ros-tuts/partrolbot_ws/install/dynamixel_sdk_custom_interfaces/lib:/usr/lib/x86_64-linux-gnu/gazebo-11/plugins:/opt/ros/humble/opt/rviz_ogre_vendor/lib:/opt/ros/humble/lib/x86_64-linux-gnu:/opt/ros/humble/lib /usr/bin/cmake /home/hassan/ros-tuts/partrolbot_ws/src/turtlebot3/turtlebot3/turtlebot3_node -DAMENT_CMAKE_SYMLINK_INSTALL=1 -DCMAKE_INSTALL_PREFIX=/home/hassan/ros-tuts/partrolbot_ws/install/turtlebot3_node
[7.057s] -- The C compiler identification is GNU 11.4.0
[7.057s] -- The CXX compiler identification is GNU 11.4.0
[7.057s] -- Detecting C compiler ABI info
[7.057s] -- Detecting C compiler ABI info - done
[7.057s] -- Check for working C compiler: /usr/bin/cc - skipped
[7.057s] -- Detecting C compile features
[7.057s] -- Detecting C compile features - done
[7.058s] -- Detecting CXX compiler ABI info
[7.058s] -- Detecting CXX compiler ABI info - done
[7.058s] -- Check for working CXX compiler: /usr/bin/c++ - skipped
[7.058s] -- Detecting CXX compile features
[7.058s] -- Detecting CXX compile features - done
[7.058s] -- Found ament_cmake: 1.3.10 (/opt/ros/humble/share/ament_cmake/cmake)
[7.058s] -- Found Python3: /usr/bin/python3 (found version "3.10.12") found components: Interpreter 
[7.058s] -- Override CMake install command with custom implementation using symlinks instead of copying resources
[7.058s] -- Found dynamixel_sdk: 3.7.60 (/home/hassan/ros-tuts/partrolbot_ws/install/dynamixel_sdk/share/dynamixel_sdk/cmake)
[7.058s] -- Found geometry_msgs: 4.2.4 (/opt/ros/humble/share/geometry_msgs/cmake)
[7.058s] -- Found rosidl_generator_c: 3.1.5 (/opt/ros/humble/share/rosidl_generator_c/cmake)
[7.058s] -- Found rosidl_adapter: 3.1.5 (/opt/ros/humble/share/rosidl_adapter/cmake)
[7.058s] -- Found rosidl_generator_cpp: 3.1.5 (/opt/ros/humble/share/rosidl_generator_cpp/cmake)
[7.061s] -- Using all available rosidl_typesupport_c: rosidl_typesupport_fastrtps_c;rosidl_typesupport_introspection_c
[7.061s] -- Using all available rosidl_typesupport_cpp: rosidl_typesupport_fastrtps_cpp;rosidl_typesupport_introspection_cpp
[7.061s] -- Found message_filters: 4.3.5 (/opt/ros/humble/share/message_filters/cmake)
[7.108s] -- Found rmw_implementation_cmake: 6.1.2 (/opt/ros/humble/share/rmw_implementation_cmake/cmake)
[7.120s] -- Found rmw_fastrtps_cpp: 6.2.7 (/opt/ros/humble/share/rmw_fastrtps_cpp/cmake)
[7.403s] -- Found OpenSSL: /usr/lib/x86_64-linux-gnu/libcrypto.so (found version "3.0.2")  
[7.446s] -- Found FastRTPS: /opt/ros/humble/include  
[7.559s] -- Using RMW implementation 'rmw_fastrtps_cpp' as default
[7.621s] -- Looking for pthread.h
[7.788s] -- Looking for pthread.h - found
[7.788s] -- Performing Test CMAKE_HAVE_LIBC_PTHREAD
[7.888s] -- Performing Test CMAKE_HAVE_LIBC_PTHREAD - Success
[7.892s] -- Found Threads: TRUE  
[7.980s] -- Found nav_msgs: 4.2.4 (/opt/ros/humble/share/nav_msgs/cmake)
[8.027s] -- Found sensor_msgs: 4.2.4 (/opt/ros/humble/share/sensor_msgs/cmake)
[8.082s] -- Found std_srvs: 4.2.4 (/opt/ros/humble/share/std_srvs/cmake)
[8.142s] -- Found tf2: 0.25.8 (/opt/ros/humble/share/tf2/cmake)
[8.177s] -- Found tf2_ros: 0.25.8 (/opt/ros/humble/share/tf2_ros/cmake)
[8.450s] -- Found turtlebot3_msgs: 2.2.3 (/home/hassan/ros-tuts/partrolbot_ws/install/turtlebot3_msgs/share/turtlebot3_msgs/cmake)
[8.742s] -- Configuring done
[8.806s] -- Generating done
[8.806s] -- Build files have been written to: /home/hassan/ros-tuts/partrolbot_ws/build/turtlebot3_node
[8.826s] Invoked command in '/home/hassan/ros-tuts/partrolbot_ws/build/turtlebot3_node' returned '0': CMAKE_PREFIX_PATH=/home/hassan/ros-tuts/partrolbot_ws/install/turtlebot3_msgs:/home/hassan/ros-tuts/partrolbot_ws/install/dynamixel_sdk:/home/hassan/ros-tuts/partrolbot_ws/install/turtlebot3:/home/hassan/ros-tuts/partrolbot_ws/install/turtlebot3_simulations:/home/hassan/ros-tuts/partrolbot_ws/install/turtlebot3_bringup:/home/hassan/ros-tuts/partrolbot_ws/install/turtlebot3_node:/home/hassan/ros-tuts/partrolbot_ws/install/turtlebot3_navigation2:/home/hassan/ros-tuts/partrolbot_ws/install/turtlebot3_fake_node:/home/hassan/ros-tuts/partrolbot_ws/install/turtlebot3_gazebo:/home/hassan/ros-tuts/partrolbot_ws/install/turtlebot3_description:/home/hassan/ros-tuts/partrolbot_ws/install/turtlebot3_cartographer:/home/hassan/ros-tuts/partrolbot_ws/install/hls_lfcd_lds_driver:/home/hassan/ros-tuts/partrolbot_ws/install/dynamixel_sdk_examples:/home/hassan/ros-tuts/partrolbot_ws/install/dynamixel_sdk_custom_interfaces:/home/hassan/rosbot_ws/install/ros_bot:/home/hassan/ros-tuts/partrolbot_ws/install/turtlebot3_teleop:/home/hassan/ros-tuts/partrolbot_ws/install/turtlebot3_example:/home/hassan/ros-tuts/partrolbot_ws/install/tb3_sim:/opt/ros/humble LD_LIBRARY_PATH=/home/hassan/ros-tuts/partrolbot_ws/install/turtlebot3_msgs/lib:/home/hassan/ros-tuts/partrolbot_ws/install/dynamixel_sdk/lib:/home/hassan/ros-tuts/partrolbot_ws/install/dynamixel_sdk_custom_interfaces/lib:/usr/lib/x86_64-linux-gnu/gazebo-11/plugins:/opt/ros/humble/opt/rviz_ogre_vendor/lib:/opt/ros/humble/lib/x86_64-linux-gnu:/opt/ros/humble/lib /usr/bin/cmake /home/hassan/ros-tuts/partrolbot_ws/src/turtlebot3/turtlebot3/turtlebot3_node -DAMENT_CMAKE_SYMLINK_INSTALL=1 -DCMAKE_INSTALL_PREFIX=/home/hassan/ros-tuts/partrolbot_ws/install/turtlebot3_node
[8.827s] Invoking command in '/home/hassan/ros-tuts/partrolbot_ws/build/turtlebot3_node': CMAKE_PREFIX_PATH=/home/hassan/ros-tuts/partrolbot_ws/install/turtlebot3_msgs:/home/hassan/ros-tuts/partrolbot_ws/install/dynamixel_sdk:/home/hassan/ros-tuts/partrolbot_ws/install/turtlebot3:/home/hassan/ros-tuts/partrolbot_ws/install/turtlebot3_simulations:/home/hassan/ros-tuts/partrolbot_ws/install/turtlebot3_bringup:/home/hassan/ros-tuts/partrolbot_ws/install/turtlebot3_node:/home/hassan/ros-tuts/partrolbot_ws/install/turtlebot3_navigation2:/home/hassan/ros-tuts/partrolbot_ws/install/turtlebot3_fake_node:/home/hassan/ros-tuts/partrolbot_ws/install/turtlebot3_gazebo:/home/hassan/ros-tuts/partrolbot_ws/install/turtlebot3_description:/home/hassan/ros-tuts/partrolbot_ws/install/turtlebot3_cartographer:/home/hassan/ros-tuts/partrolbot_ws/install/hls_lfcd_lds_driver:/home/hassan/ros-tuts/partrolbot_ws/install/dynamixel_sdk_examples:/home/hassan/ros-tuts/partrolbot_ws/install/dynamixel_sdk_custom_interfaces:/home/hassan/rosbot_ws/install/ros_bot:/home/hassan/ros-tuts/partrolbot_ws/install/turtlebot3_teleop:/home/hassan/ros-tuts/partrolbot_ws/install/turtlebot3_example:/home/hassan/ros-tuts/partrolbot_ws/install/tb3_sim:/opt/ros/humble LD_LIBRARY_PATH=/home/hassan/ros-tuts/partrolbot_ws/install/turtlebot3_msgs/lib:/home/hassan/ros-tuts/partrolbot_ws/install/dynamixel_sdk/lib:/home/hassan/ros-tuts/partrolbot_ws/install/dynamixel_sdk_custom_interfaces/lib:/usr/lib/x86_64-linux-gnu/gazebo-11/plugins:/opt/ros/humble/opt/rviz_ogre_vendor/lib:/opt/ros/humble/lib/x86_64-linux-gnu:/opt/ros/humble/lib /usr/bin/cmake --build /home/hassan/ros-tuts/partrolbot_ws/build/turtlebot3_node -- -j8 -l8
[8.906s] [  7%] [32mBuilding CXX object CMakeFiles/turtlebot3_node_lib.dir/src/devices/motor_power.cpp.o[0m
[8.915s] [ 21%] [32mBuilding CXX object CMakeFiles/turtlebot3_node_lib.dir/src/diff_drive_controller.cpp.o[0m
[8.924s] [ 21%] [32mBuilding CXX object CMakeFiles/turtlebot3_node_lib.dir/src/devices/sound.cpp.o[0m
[8.926s] [ 42%] [32mBuilding CXX object CMakeFiles/turtlebot3_node_lib.dir/src/turtlebot3.cpp.o[0m
[8.932s] [ 28%] [32mBuilding CXX object CMakeFiles/turtlebot3_node_lib.dir/src/devices/reset.cpp.o[0m
[8.932s] [ 35%] [32mBuilding CXX object CMakeFiles/turtlebot3_node_lib.dir/src/dynamixel_sdk_wrapper.cpp.o[0m
[8.935s] [ 50%] [32mBuilding CXX object CMakeFiles/turtlebot3_node_lib.dir/src/odometry.cpp.o[0m
[8.946s] [ 57%] [32mBuilding CXX object CMakeFiles/turtlebot3_node_lib.dir/src/sensors/battery_state.cpp.o[0m
[10.930s] [ 64%] [32mBuilding CXX object CMakeFiles/turtlebot3_node_lib.dir/src/sensors/imu.cpp.o[0m
