[0.093s] Invoking command in '/home/hassan/ros-tuts/patrol_ws/build/dynamixel_sdk': CMAKE_PREFIX_PATH=${CMAKE_PREFIX_PATH}:/home/hassan/ros-tuts/patrol_ws/install/turtlebot3_teleop:/home/hassan/ros-tuts/patrol_ws/install/turtlebot3_example:/home/hassan/ros-tuts/patrol_ws/install/tb3_sim:/opt/ros/humble /usr/bin/cmake /home/hassan/ros-tuts/patrol_ws/src/utils/DynamixelSDK/dynamixel_sdk -DAMENT_CMAKE_SYMLINK_INSTALL=1 -DCMAKE_INSTALL_PREFIX=/home/hassan/ros-tuts/patrol_ws/install/dynamixel_sdk
[0.178s] -- Found ament_cmake: 1.3.10 (/opt/ros/humble/share/ament_cmake/cmake)
[0.740s] -- Override CMake install command with custom implementation using symlinks instead of copying resources
[1.245s] -- Configuring done
[1.257s] -- Generating done
[1.275s] -- Build files have been written to: /home/hassan/ros-tuts/patrol_ws/build/dynamixel_sdk
[1.276s] Invoked command in '/home/hassan/ros-tuts/patrol_ws/build/dynamixel_sdk' returned '0': CMAKE_PREFIX_PATH=${CMAKE_PREFIX_PATH}:/home/hassan/ros-tuts/patrol_ws/install/turtlebot3_teleop:/home/hassan/ros-tuts/patrol_ws/install/turtlebot3_example:/home/hassan/ros-tuts/patrol_ws/install/tb3_sim:/opt/ros/humble /usr/bin/cmake /home/hassan/ros-tuts/patrol_ws/src/utils/DynamixelSDK/dynamixel_sdk -DAMENT_CMAKE_SYMLINK_INSTALL=1 -DCMAKE_INSTALL_PREFIX=/home/hassan/ros-tuts/patrol_ws/install/dynamixel_sdk
[1.277s] Invoking command in '/home/hassan/ros-tuts/patrol_ws/build/dynamixel_sdk': CMAKE_PREFIX_PATH=${CMAKE_PREFIX_PATH}:/home/hassan/ros-tuts/patrol_ws/install/turtlebot3_teleop:/home/hassan/ros-tuts/patrol_ws/install/turtlebot3_example:/home/hassan/ros-tuts/patrol_ws/install/tb3_sim:/opt/ros/humble /usr/bin/cmake --build /home/hassan/ros-tuts/patrol_ws/build/dynamixel_sdk -- -j8 -l8
[1.519s] [35m[1mConsolidate compiler generated dependencies of target dynamixel_sdk[0m
[1.564s] [100%] Built target dynamixel_sdk
[1.594s] Invoked command in '/home/hassan/ros-tuts/patrol_ws/build/dynamixel_sdk' returned '0': CMAKE_PREFIX_PATH=${CMAKE_PREFIX_PATH}:/home/hassan/ros-tuts/patrol_ws/install/turtlebot3_teleop:/home/hassan/ros-tuts/patrol_ws/install/turtlebot3_example:/home/hassan/ros-tuts/patrol_ws/install/tb3_sim:/opt/ros/humble /usr/bin/cmake --build /home/hassan/ros-tuts/patrol_ws/build/dynamixel_sdk -- -j8 -l8
[1.834s] Invoking command in '/home/hassan/ros-tuts/patrol_ws/build/dynamixel_sdk': CMAKE_PREFIX_PATH=${CMAKE_PREFIX_PATH}:/home/hassan/ros-tuts/patrol_ws/install/turtlebot3_teleop:/home/hassan/ros-tuts/patrol_ws/install/turtlebot3_example:/home/hassan/ros-tuts/patrol_ws/install/tb3_sim:/opt/ros/humble /usr/bin/cmake --install /home/hassan/ros-tuts/patrol_ws/build/dynamixel_sdk
[1.926s] -- Install configuration: ""
[1.927s] -- Execute custom install script
[1.927s] -- Up-to-date symlink: /home/hassan/ros-tuts/patrol_ws/install/dynamixel_sdk/include//dynamixel_sdk/dynamixel_sdk.h
[1.927s] -- Up-to-date symlink: /home/hassan/ros-tuts/patrol_ws/install/dynamixel_sdk/include//dynamixel_sdk/group_bulk_read.h
[1.928s] -- Up-to-date symlink: /home/hassan/ros-tuts/patrol_ws/install/dynamixel_sdk/include//dynamixel_sdk/group_bulk_write.h
[1.928s] -- Up-to-date symlink: /home/hassan/ros-tuts/patrol_ws/install/dynamixel_sdk/include//dynamixel_sdk/group_sync_read.h
[1.928s] -- Up-to-date symlink: /home/hassan/ros-tuts/patrol_ws/install/dynamixel_sdk/include//dynamixel_sdk/group_sync_write.h
[1.928s] -- Up-to-date symlink: /home/hassan/ros-tuts/patrol_ws/install/dynamixel_sdk/include//dynamixel_sdk/packet_handler.h
[1.929s] -- Up-to-date symlink: /home/hassan/ros-tuts/patrol_ws/install/dynamixel_sdk/include//dynamixel_sdk/port_handler.h
[1.929s] -- Up-to-date symlink: /home/hassan/ros-tuts/patrol_ws/install/dynamixel_sdk/include//dynamixel_sdk/port_handler_arduino.h
[1.929s] -- Up-to-date symlink: /home/hassan/ros-tuts/patrol_ws/install/dynamixel_sdk/include//dynamixel_sdk/port_handler_linux.h
[1.929s] -- Up-to-date symlink: /home/hassan/ros-tuts/patrol_ws/install/dynamixel_sdk/include//dynamixel_sdk/port_handler_mac.h
[1.930s] -- Up-to-date symlink: /home/hassan/ros-tuts/patrol_ws/install/dynamixel_sdk/include//dynamixel_sdk/port_handler_windows.h
[1.930s] -- Up-to-date symlink: /home/hassan/ros-tuts/patrol_ws/install/dynamixel_sdk/include//dynamixel_sdk/protocol1_packet_handler.h
[1.930s] -- Up-to-date symlink: /home/hassan/ros-tuts/patrol_ws/install/dynamixel_sdk/include//dynamixel_sdk/protocol2_packet_handler.h
[1.930s] -- Up-to-date symlink: /home/hassan/ros-tuts/patrol_ws/install/dynamixel_sdk/lib/libdynamixel_sdk.so
[1.930s] -- Up-to-date symlink: /home/hassan/ros-tuts/patrol_ws/install/dynamixel_sdk/share/dynamixel_sdk/environment/library_path.sh
[1.931s] -- Up-to-date symlink: /home/hassan/ros-tuts/patrol_ws/install/dynamixel_sdk/share/dynamixel_sdk/environment/library_path.dsv
[1.931s] -- Up-to-date symlink: /home/hassan/ros-tuts/patrol_ws/install/dynamixel_sdk/share/ament_index/resource_index/package_run_dependencies/dynamixel_sdk
[1.932s] -- Up-to-date symlink: /home/hassan/ros-tuts/patrol_ws/install/dynamixel_sdk/share/ament_index/resource_index/parent_prefix_path/dynamixel_sdk
[1.932s] -- Up-to-date symlink: /home/hassan/ros-tuts/patrol_ws/install/dynamixel_sdk/share/dynamixel_sdk/environment/ament_prefix_path.sh
[1.932s] -- Up-to-date symlink: /home/hassan/ros-tuts/patrol_ws/install/dynamixel_sdk/share/dynamixel_sdk/environment/ament_prefix_path.dsv
[1.934s] -- Up-to-date symlink: /home/hassan/ros-tuts/patrol_ws/install/dynamixel_sdk/share/dynamixel_sdk/environment/path.sh
[1.934s] -- Up-to-date symlink: /home/hassan/ros-tuts/patrol_ws/install/dynamixel_sdk/share/dynamixel_sdk/environment/path.dsv
[1.934s] -- Up-to-date symlink: /home/hassan/ros-tuts/patrol_ws/install/dynamixel_sdk/share/dynamixel_sdk/local_setup.bash
[1.935s] -- Up-to-date symlink: /home/hassan/ros-tuts/patrol_ws/install/dynamixel_sdk/share/dynamixel_sdk/local_setup.sh
[1.935s] -- Up-to-date symlink: /home/hassan/ros-tuts/patrol_ws/install/dynamixel_sdk/share/dynamixel_sdk/local_setup.zsh
[1.935s] -- Up-to-date symlink: /home/hassan/ros-tuts/patrol_ws/install/dynamixel_sdk/share/dynamixel_sdk/local_setup.dsv
[1.935s] -- Symlinking: /home/hassan/ros-tuts/patrol_ws/install/dynamixel_sdk/share/dynamixel_sdk/package.dsv
[1.953s] -- Up-to-date symlink: /home/hassan/ros-tuts/patrol_ws/install/dynamixel_sdk/share/ament_index/resource_index/packages/dynamixel_sdk
[1.953s] -- Up-to-date symlink: /home/hassan/ros-tuts/patrol_ws/install/dynamixel_sdk/share/dynamixel_sdk/cmake/ament_cmake_export_include_directories-extras.cmake
[1.953s] -- Up-to-date symlink: /home/hassan/ros-tuts/patrol_ws/install/dynamixel_sdk/share/dynamixel_sdk/cmake/ament_cmake_export_libraries-extras.cmake
[1.954s] -- Up-to-date symlink: /home/hassan/ros-tuts/patrol_ws/install/dynamixel_sdk/share/dynamixel_sdk/cmake/dynamixel_sdkConfig.cmake
[1.954s] -- Up-to-date symlink: /home/hassan/ros-tuts/patrol_ws/install/dynamixel_sdk/share/dynamixel_sdk/cmake/dynamixel_sdkConfig-version.cmake
[1.954s] -- Up-to-date symlink: /home/hassan/ros-tuts/patrol_ws/install/dynamixel_sdk/share/dynamixel_sdk/package.xml
[2.642s] Invoked command in '/home/hassan/ros-tuts/patrol_ws/build/dynamixel_sdk' returned '0': CMAKE_PREFIX_PATH=${CMAKE_PREFIX_PATH}:/home/hassan/ros-tuts/patrol_ws/install/turtlebot3_teleop:/home/hassan/ros-tuts/patrol_ws/install/turtlebot3_example:/home/hassan/ros-tuts/patrol_ws/install/tb3_sim:/opt/ros/humble /usr/bin/cmake --install /home/hassan/ros-tuts/patrol_ws/build/dynamixel_sdk
