-- Found ament_cmake: 2.5.2 (/opt/ros/jazzy/share/ament_cmake/cmake)
-- Found rosidl_default_generators: 1.6.0 (/opt/ros/jazzy/share/rosidl_default_generators/cmake)
-- Using all available rosidl_typesupport_c: rosidl_typesupport_fastrtps_c;rosidl_typesupport_introspection_c
-- Using all available rosidl_typesupport_cpp: rosidl_typesupport_fastrtps_cpp;rosidl_typesupport_introspection_cpp
-- Found rosidl_adapter: 4.6.4 (/opt/ros/jazzy/share/rosidl_adapter/cmake)
-- Found ament_cmake_ros: 0.12.0 (/opt/ros/jazzy/share/ament_cmake_ros/cmake)
-- Using all available rosidl_typesupport_c: rosidl_typesupport_fastrtps_c;rosidl_typesupport_introspection_c
-- Using all available rosidl_typesupport_cpp: rosidl_typesupport_fastrtps_cpp;rosidl_typesupport_introspection_cpp
-- Found python_cmake_module: 0.11.1 (/opt/ros/jazzy/share/python_cmake_module/cmake)
-- Found PythonExtra: /usr/bin/python3  
-- Found Python3: /usr/bin/python3 (found version "3.12.3") found components: Interpreter Development NumPy Development.Module Development.Embed 
-- Found ament_lint_auto: 0.17.1 (/opt/ros/jazzy/share/ament_lint_auto/cmake)
-- Added test 'cppcheck' to perform static code analysis on C / C++ code
-- Configured cppcheck include dirs: 
-- Configured cppcheck exclude dirs and/or files: 
-- Added test 'lint_cmake' to check CMake code style
-- Added test 'uncrustify' to check C / C++ code style
-- Configured uncrustify additional arguments: 
-- Added test 'xmllint' to check XML markup files
-- Configuring done (1.9s)
-- Generating done (0.0s)
-- Build files have been written to: /home/hassaan/ros2_ws_p2/build/custom_interfaces
[  2%] [34m[1mGenerating type hashes for ROS interfaces[0m
[  2%] Built target ament_cmake_python_copy_custom_interfaces
[  2%] Built target custom_interfaces__rosidl_generator_type_description
[  5%] [34m[1mGenerating C code for ROS interfaces[0m
[  8%] [34m[1mGenerating C++ code for ROS interfaces[0m
running egg_info
creating custom_interfaces.egg-info
writing custom_interfaces.egg-info/PKG-INFO
writing dependency_links to custom_interfaces.egg-info/dependency_links.txt
writing top-level names to custom_interfaces.egg-info/top_level.txt
writing manifest file 'custom_interfaces.egg-info/SOURCES.txt'
reading manifest file 'custom_interfaces.egg-info/SOURCES.txt'
writing manifest file 'custom_interfaces.egg-info/SOURCES.txt'
[  8%] Built target ament_cmake_python_build_custom_interfaces_egg
[  8%] Built target custom_interfaces__cpp
[ 17%] [32mBuilding C object CMakeFiles/custom_interfaces__rosidl_generator_c.dir/rosidl_generator_c/custom_interfaces/srv/detail/add_two_ints__functions.c.o[0m
[ 17%] [32mBuilding C object CMakeFiles/custom_interfaces__rosidl_generator_c.dir/rosidl_generator_c/custom_interfaces/srv/detail/add_two_ints__type_support.c.o[0m
[ 17%] [32mBuilding C object CMakeFiles/custom_interfaces__rosidl_generator_c.dir/rosidl_generator_c/custom_interfaces/srv/detail/add_two_ints__description.c.o[0m
[ 20%] [32m[1mLinking C shared library libcustom_interfaces__rosidl_generator_c.so[0m
[ 20%] Built target custom_interfaces__rosidl_generator_c
[ 26%] [34m[1mGenerating C introspection for ROS interfaces[0m
[ 26%] [34m[1mGenerating C++ type support dispatch for ROS interfaces[0m
[ 29%] [34m[1mGenerating C type support dispatch for ROS interfaces[0m
[ 35%] [34m[1mGenerating C++ introspection for ROS interfaces[0m
[ 35%] [34m[1mGenerating C++ type support for eProsima Fast-RTPS[0m
[ 38%] [34m[1mGenerating C type support for eProsima Fast-RTPS[0m
[ 41%] [32mBuilding CXX object CMakeFiles/custom_interfaces__rosidl_typesupport_introspection_cpp.dir/rosidl_typesupport_introspection_cpp/custom_interfaces/srv/detail/add_two_ints__type_support.cpp.o[0m
[ 44%] [32mBuilding CXX object CMakeFiles/custom_interfaces__rosidl_typesupport_fastrtps_c.dir/rosidl_typesupport_fastrtps_c/custom_interfaces/srv/detail/add_two_ints__type_support_c.cpp.o[0m
[ 47%] [32mBuilding CXX object CMakeFiles/custom_interfaces__rosidl_typesupport_cpp.dir/rosidl_typesupport_cpp/custom_interfaces/srv/add_two_ints__type_support.cpp.o[0m
[ 50%] [32mBuilding CXX object CMakeFiles/custom_interfaces__rosidl_typesupport_c.dir/rosidl_typesupport_c/custom_interfaces/srv/add_two_ints__type_support.cpp.o[0m
[ 52%] [32mBuilding C object CMakeFiles/custom_interfaces__rosidl_typesupport_introspection_c.dir/rosidl_typesupport_introspection_c/custom_interfaces/srv/detail/add_two_ints__type_support.c.o[0m
[ 55%] [32mBuilding CXX object CMakeFiles/custom_interfaces__rosidl_typesupport_fastrtps_cpp.dir/rosidl_typesupport_fastrtps_cpp/custom_interfaces/srv/detail/dds_fastrtps/add_two_ints__type_support.cpp.o[0m
[ 58%] [32m[1mLinking CXX shared library libcustom_interfaces__rosidl_typesupport_c.so[0m
[ 61%] [32m[1mLinking C shared library libcustom_interfaces__rosidl_typesupport_introspection_c.so[0m
[ 61%] Built target custom_interfaces__rosidl_typesupport_introspection_c
[ 61%] Built target custom_interfaces__rosidl_typesupport_c
[ 64%] [32m[1mLinking CXX shared library libcustom_interfaces__rosidl_typesupport_introspection_cpp.so[0m
[ 64%] Built target custom_interfaces__rosidl_typesupport_introspection_cpp
[ 67%] [32m[1mLinking CXX shared library libcustom_interfaces__rosidl_typesupport_cpp.so[0m
[ 70%] [32m[1mLinking CXX shared library libcustom_interfaces__rosidl_typesupport_fastrtps_c.so[0m
[ 70%] Built target custom_interfaces__rosidl_typesupport_cpp
[ 70%] Built target custom_interfaces__rosidl_typesupport_fastrtps_c
[ 73%] [32m[1mLinking CXX shared library libcustom_interfaces__rosidl_typesupport_fastrtps_cpp.so[0m
[ 73%] Built target custom_interfaces__rosidl_typesupport_fastrtps_cpp
[ 73%] Built target custom_interfaces
[ 76%] [34m[1mGenerating Python code for ROS interfaces[0m
[ 76%] Built target custom_interfaces__py
[ 79%] [32mBuilding C object CMakeFiles/custom_interfaces__rosidl_generator_py.dir/rosidl_generator_py/custom_interfaces/srv/_add_two_ints_s.c.o[0m
[ 82%] [32m[1mLinking C shared library libcustom_interfaces__rosidl_generator_py.so[0m
[ 82%] Built target custom_interfaces__rosidl_generator_py
[ 91%] [32mBuilding C object CMakeFiles/custom_interfaces_s__rosidl_typesupport_c.dir/rosidl_generator_py/custom_interfaces/_custom_interfaces_s.ep.rosidl_typesupport_c.c.o[0m
[ 91%] [32mBuilding C object CMakeFiles/custom_interfaces_s__rosidl_typesupport_fastrtps_c.dir/rosidl_generator_py/custom_interfaces/_custom_interfaces_s.ep.rosidl_typesupport_fastrtps_c.c.o[0m
[ 91%] [32mBuilding C object CMakeFiles/custom_interfaces_s__rosidl_typesupport_introspection_c.dir/rosidl_generator_py/custom_interfaces/_custom_interfaces_s.ep.rosidl_typesupport_introspection_c.c.o[0m
[ 94%] [32m[1mLinking C shared module rosidl_generator_py/custom_interfaces/custom_interfaces_s__rosidl_typesupport_c.so[0m
[ 97%] [32m[1mLinking C shared module rosidl_generator_py/custom_interfaces/custom_interfaces_s__rosidl_typesupport_introspection_c.so[0m
[100%] [32m[1mLinking C shared module rosidl_generator_py/custom_interfaces/custom_interfaces_s__rosidl_typesupport_fastrtps_c.so[0m
[100%] Built target custom_interfaces_s__rosidl_typesupport_c
[100%] Built target custom_interfaces_s__rosidl_typesupport_introspection_c
[100%] Built target custom_interfaces_s__rosidl_typesupport_fastrtps_c
-- Install configuration: ""
-- Installing: /home/hassaan/ros2_ws_p2/install/custom_interfaces/share/ament_index/resource_index/rosidl_interfaces/custom_interfaces
-- Installing: /home/hassaan/ros2_ws_p2/install/custom_interfaces/share/custom_interfaces/srv/AddTwoInts.json
-- Installing: /home/hassaan/ros2_ws_p2/install/custom_interfaces/include/custom_interfaces/custom_interfaces
-- Installing: /home/hassaan/ros2_ws_p2/install/custom_interfaces/include/custom_interfaces/custom_interfaces/msg
-- Installing: /home/hassaan/ros2_ws_p2/install/custom_interfaces/include/custom_interfaces/custom_interfaces/msg/rosidl_generator_c__visibility_control.h
-- Installing: /home/hassaan/ros2_ws_p2/install/custom_interfaces/include/custom_interfaces/custom_interfaces/srv
-- Installing: /home/hassaan/ros2_ws_p2/install/custom_interfaces/include/custom_interfaces/custom_interfaces/srv/add_two_ints.h
-- Installing: /home/hassaan/ros2_ws_p2/install/custom_interfaces/include/custom_interfaces/custom_interfaces/srv/detail
-- Installing: /home/hassaan/ros2_ws_p2/install/custom_interfaces/include/custom_interfaces/custom_interfaces/srv/detail/add_two_ints__functions.h
-- Installing: /home/hassaan/ros2_ws_p2/install/custom_interfaces/include/custom_interfaces/custom_interfaces/srv/detail/add_two_ints__functions.c
-- Installing: /home/hassaan/ros2_ws_p2/install/custom_interfaces/include/custom_interfaces/custom_interfaces/srv/detail/add_two_ints__struct.h
-- Installing: /home/hassaan/ros2_ws_p2/install/custom_interfaces/include/custom_interfaces/custom_interfaces/srv/detail/add_two_ints__description.c
-- Installing: /home/hassaan/ros2_ws_p2/install/custom_interfaces/include/custom_interfaces/custom_interfaces/srv/detail/add_two_ints__type_support.h
-- Installing: /home/hassaan/ros2_ws_p2/install/custom_interfaces/include/custom_interfaces/custom_interfaces/srv/detail/add_two_ints__type_support.c
-- Installing: /home/hassaan/ros2_ws_p2/install/custom_interfaces/share/custom_interfaces/environment/library_path.sh
-- Installing: /home/hassaan/ros2_ws_p2/install/custom_interfaces/share/custom_interfaces/environment/library_path.dsv
-- Installing: /home/hassaan/ros2_ws_p2/install/custom_interfaces/lib/libcustom_interfaces__rosidl_generator_c.so
-- Set non-toolchain portion of runtime path of "/home/hassaan/ros2_ws_p2/install/custom_interfaces/lib/libcustom_interfaces__rosidl_generator_c.so" to ""
-- Up-to-date: /home/hassaan/ros2_ws_p2/install/custom_interfaces/include/custom_interfaces/custom_interfaces
-- Up-to-date: /home/hassaan/ros2_ws_p2/install/custom_interfaces/include/custom_interfaces/custom_interfaces/msg
-- Installing: /home/hassaan/ros2_ws_p2/install/custom_interfaces/include/custom_interfaces/custom_interfaces/msg/rosidl_typesupport_fastrtps_c__visibility_control.h
-- Up-to-date: /home/hassaan/ros2_ws_p2/install/custom_interfaces/include/custom_interfaces/custom_interfaces/srv
-- Up-to-date: /home/hassaan/ros2_ws_p2/install/custom_interfaces/include/custom_interfaces/custom_interfaces/srv/detail
-- Installing: /home/hassaan/ros2_ws_p2/install/custom_interfaces/include/custom_interfaces/custom_interfaces/srv/detail/add_two_ints__rosidl_typesupport_fastrtps_c.h
-- Installing: /home/hassaan/ros2_ws_p2/install/custom_interfaces/lib/libcustom_interfaces__rosidl_typesupport_fastrtps_c.so
-- Set non-toolchain portion of runtime path of "/home/hassaan/ros2_ws_p2/install/custom_interfaces/lib/libcustom_interfaces__rosidl_typesupport_fastrtps_c.so" to ""
-- Up-to-date: /home/hassaan/ros2_ws_p2/install/custom_interfaces/include/custom_interfaces/custom_interfaces
-- Up-to-date: /home/hassaan/ros2_ws_p2/install/custom_interfaces/include/custom_interfaces/custom_interfaces/msg
-- Installing: /home/hassaan/ros2_ws_p2/install/custom_interfaces/include/custom_interfaces/custom_interfaces/msg/rosidl_typesupport_introspection_c__visibility_control.h
-- Up-to-date: /home/hassaan/ros2_ws_p2/install/custom_interfaces/include/custom_interfaces/custom_interfaces/srv
-- Up-to-date: /home/hassaan/ros2_ws_p2/install/custom_interfaces/include/custom_interfaces/custom_interfaces/srv/detail
-- Installing: /home/hassaan/ros2_ws_p2/install/custom_interfaces/include/custom_interfaces/custom_interfaces/srv/detail/add_two_ints__rosidl_typesupport_introspection_c.h
-- Installing: /home/hassaan/ros2_ws_p2/install/custom_interfaces/include/custom_interfaces/custom_interfaces/srv/detail/add_two_ints__type_support.c
-- Installing: /home/hassaan/ros2_ws_p2/install/custom_interfaces/lib/libcustom_interfaces__rosidl_typesupport_introspection_c.so
-- Set non-toolchain portion of runtime path of "/home/hassaan/ros2_ws_p2/install/custom_interfaces/lib/libcustom_interfaces__rosidl_typesupport_introspection_c.so" to ""
-- Installing: /home/hassaan/ros2_ws_p2/install/custom_interfaces/lib/libcustom_interfaces__rosidl_typesupport_c.so
-- Set non-toolchain portion of runtime path of "/home/hassaan/ros2_ws_p2/install/custom_interfaces/lib/libcustom_interfaces__rosidl_typesupport_c.so" to ""
-- Up-to-date: /home/hassaan/ros2_ws_p2/install/custom_interfaces/include/custom_interfaces/custom_interfaces
-- Up-to-date: /home/hassaan/ros2_ws_p2/install/custom_interfaces/include/custom_interfaces/custom_interfaces/msg
-- Installing: /home/hassaan/ros2_ws_p2/install/custom_interfaces/include/custom_interfaces/custom_interfaces/msg/rosidl_generator_cpp__visibility_control.hpp
-- Up-to-date: /home/hassaan/ros2_ws_p2/install/custom_interfaces/include/custom_interfaces/custom_interfaces/srv
-- Up-to-date: /home/hassaan/ros2_ws_p2/install/custom_interfaces/include/custom_interfaces/custom_interfaces/srv/detail
-- Installing: /home/hassaan/ros2_ws_p2/install/custom_interfaces/include/custom_interfaces/custom_interfaces/srv/detail/add_two_ints__struct.hpp
-- Installing: /home/hassaan/ros2_ws_p2/install/custom_interfaces/include/custom_interfaces/custom_interfaces/srv/detail/add_two_ints__type_support.hpp
-- Installing: /home/hassaan/ros2_ws_p2/install/custom_interfaces/include/custom_interfaces/custom_interfaces/srv/detail/add_two_ints__traits.hpp
-- Installing: /home/hassaan/ros2_ws_p2/install/custom_interfaces/include/custom_interfaces/custom_interfaces/srv/detail/add_two_ints__builder.hpp
-- Installing: /home/hassaan/ros2_ws_p2/install/custom_interfaces/include/custom_interfaces/custom_interfaces/srv/add_two_ints.hpp
-- Up-to-date: /home/hassaan/ros2_ws_p2/install/custom_interfaces/include/custom_interfaces/custom_interfaces
-- Up-to-date: /home/hassaan/ros2_ws_p2/install/custom_interfaces/include/custom_interfaces/custom_interfaces/msg
-- Installing: /home/hassaan/ros2_ws_p2/install/custom_interfaces/include/custom_interfaces/custom_interfaces/msg/rosidl_typesupport_fastrtps_cpp__visibility_control.h
-- Up-to-date: /home/hassaan/ros2_ws_p2/install/custom_interfaces/include/custom_interfaces/custom_interfaces/srv
-- Up-to-date: /home/hassaan/ros2_ws_p2/install/custom_interfaces/include/custom_interfaces/custom_interfaces/srv/detail
-- Installing: /home/hassaan/ros2_ws_p2/install/custom_interfaces/include/custom_interfaces/custom_interfaces/srv/detail/add_two_ints__rosidl_typesupport_fastrtps_cpp.hpp
-- Installing: /home/hassaan/ros2_ws_p2/install/custom_interfaces/include/custom_interfaces/custom_interfaces/srv/detail/dds_fastrtps
-- Installing: /home/hassaan/ros2_ws_p2/install/custom_interfaces/lib/libcustom_interfaces__rosidl_typesupport_fastrtps_cpp.so
-- Set non-toolchain portion of runtime path of "/home/hassaan/ros2_ws_p2/install/custom_interfaces/lib/libcustom_interfaces__rosidl_typesupport_fastrtps_cpp.so" to ""
-- Up-to-date: /home/hassaan/ros2_ws_p2/install/custom_interfaces/include/custom_interfaces/custom_interfaces
-- Up-to-date: /home/hassaan/ros2_ws_p2/install/custom_interfaces/include/custom_interfaces/custom_interfaces/srv
-- Up-to-date: /home/hassaan/ros2_ws_p2/install/custom_interfaces/include/custom_interfaces/custom_interfaces/srv/detail
-- Installing: /home/hassaan/ros2_ws_p2/install/custom_interfaces/include/custom_interfaces/custom_interfaces/srv/detail/add_two_ints__type_support.cpp
-- Installing: /home/hassaan/ros2_ws_p2/install/custom_interfaces/include/custom_interfaces/custom_interfaces/srv/detail/add_two_ints__rosidl_typesupport_introspection_cpp.hpp
-- Installing: /home/hassaan/ros2_ws_p2/install/custom_interfaces/lib/libcustom_interfaces__rosidl_typesupport_introspection_cpp.so
-- Set non-toolchain portion of runtime path of "/home/hassaan/ros2_ws_p2/install/custom_interfaces/lib/libcustom_interfaces__rosidl_typesupport_introspection_cpp.so" to ""
-- Installing: /home/hassaan/ros2_ws_p2/install/custom_interfaces/lib/libcustom_interfaces__rosidl_typesupport_cpp.so
-- Set non-toolchain portion of runtime path of "/home/hassaan/ros2_ws_p2/install/custom_interfaces/lib/libcustom_interfaces__rosidl_typesupport_cpp.so" to ""
-- Installing: /home/hassaan/ros2_ws_p2/install/custom_interfaces/share/custom_interfaces/environment/pythonpath.sh
-- Installing: /home/hassaan/ros2_ws_p2/install/custom_interfaces/share/custom_interfaces/environment/pythonpath.dsv
-- Installing: /home/hassaan/ros2_ws_p2/install/custom_interfaces/lib/python3.12/site-packages/custom_interfaces-0.0.0-py3.12.egg-info
-- Installing: /home/hassaan/ros2_ws_p2/install/custom_interfaces/lib/python3.12/site-packages/custom_interfaces-0.0.0-py3.12.egg-info/dependency_links.txt
-- Installing: /home/hassaan/ros2_ws_p2/install/custom_interfaces/lib/python3.12/site-packages/custom_interfaces-0.0.0-py3.12.egg-info/top_level.txt
-- Installing: /home/hassaan/ros2_ws_p2/install/custom_interfaces/lib/python3.12/site-packages/custom_interfaces-0.0.0-py3.12.egg-info/PKG-INFO
-- Installing: /home/hassaan/ros2_ws_p2/install/custom_interfaces/lib/python3.12/site-packages/custom_interfaces-0.0.0-py3.12.egg-info/SOURCES.txt
-- Installing: /home/hassaan/ros2_ws_p2/install/custom_interfaces/lib/python3.12/site-packages/custom_interfaces
-- Installing: /home/hassaan/ros2_ws_p2/install/custom_interfaces/lib/python3.12/site-packages/custom_interfaces/custom_interfaces_s__rosidl_typesupport_fastrtps_c.so
-- Installing: /home/hassaan/ros2_ws_p2/install/custom_interfaces/lib/python3.12/site-packages/custom_interfaces/_custom_interfaces_s.ep.rosidl_typesupport_fastrtps_c.c
-- Installing: /home/hassaan/ros2_ws_p2/install/custom_interfaces/lib/python3.12/site-packages/custom_interfaces/custom_interfaces_s__rosidl_typesupport_c.so
-- Installing: /home/hassaan/ros2_ws_p2/install/custom_interfaces/lib/python3.12/site-packages/custom_interfaces/_custom_interfaces_s.ep.rosidl_typesupport_c.c
-- Installing: /home/hassaan/ros2_ws_p2/install/custom_interfaces/lib/python3.12/site-packages/custom_interfaces/__init__.py
-- Installing: /home/hassaan/ros2_ws_p2/install/custom_interfaces/lib/python3.12/site-packages/custom_interfaces/custom_interfaces_s__rosidl_typesupport_introspection_c.so
-- Installing: /home/hassaan/ros2_ws_p2/install/custom_interfaces/lib/python3.12/site-packages/custom_interfaces/_custom_interfaces_s.ep.rosidl_typesupport_introspection_c.c
-- Installing: /home/hassaan/ros2_ws_p2/install/custom_interfaces/lib/python3.12/site-packages/custom_interfaces/srv
-- Installing: /home/hassaan/ros2_ws_p2/install/custom_interfaces/lib/python3.12/site-packages/custom_interfaces/srv/_add_two_ints.py
-- Installing: /home/hassaan/ros2_ws_p2/install/custom_interfaces/lib/python3.12/site-packages/custom_interfaces/srv/_add_two_ints_s.c
-- Installing: /home/hassaan/ros2_ws_p2/install/custom_interfaces/lib/python3.12/site-packages/custom_interfaces/srv/__init__.py
Listing '/home/hassaan/ros2_ws_p2/install/custom_interfaces/lib/python3.12/site-packages/custom_interfaces'...
Compiling '/home/hassaan/ros2_ws_p2/install/custom_interfaces/lib/python3.12/site-packages/custom_interfaces/__init__.py'...
Listing '/home/hassaan/ros2_ws_p2/install/custom_interfaces/lib/python3.12/site-packages/custom_interfaces/srv'...
Compiling '/home/hassaan/ros2_ws_p2/install/custom_interfaces/lib/python3.12/site-packages/custom_interfaces/srv/__init__.py'...
Compiling '/home/hassaan/ros2_ws_p2/install/custom_interfaces/lib/python3.12/site-packages/custom_interfaces/srv/_add_two_ints.py'...
-- Installing: /home/hassaan/ros2_ws_p2/install/custom_interfaces/lib/python3.12/site-packages/custom_interfaces/custom_interfaces_s__rosidl_typesupport_fastrtps_c.so
-- Set non-toolchain portion of runtime path of "/home/hassaan/ros2_ws_p2/install/custom_interfaces/lib/python3.12/site-packages/custom_interfaces/custom_interfaces_s__rosidl_typesupport_fastrtps_c.so" to ""
-- Installing: /home/hassaan/ros2_ws_p2/install/custom_interfaces/lib/python3.12/site-packages/custom_interfaces/custom_interfaces_s__rosidl_typesupport_introspection_c.so
-- Set non-toolchain portion of runtime path of "/home/hassaan/ros2_ws_p2/install/custom_interfaces/lib/python3.12/site-packages/custom_interfaces/custom_interfaces_s__rosidl_typesupport_introspection_c.so" to ""
-- Installing: /home/hassaan/ros2_ws_p2/install/custom_interfaces/lib/python3.12/site-packages/custom_interfaces/custom_interfaces_s__rosidl_typesupport_c.so
-- Set non-toolchain portion of runtime path of "/home/hassaan/ros2_ws_p2/install/custom_interfaces/lib/python3.12/site-packages/custom_interfaces/custom_interfaces_s__rosidl_typesupport_c.so" to ""
-- Installing: /home/hassaan/ros2_ws_p2/install/custom_interfaces/lib/libcustom_interfaces__rosidl_generator_py.so
-- Set non-toolchain portion of runtime path of "/home/hassaan/ros2_ws_p2/install/custom_interfaces/lib/libcustom_interfaces__rosidl_generator_py.so" to ""
-- Installing: /home/hassaan/ros2_ws_p2/install/custom_interfaces/share/custom_interfaces/srv/AddTwoInts.idl
-- Installing: /home/hassaan/ros2_ws_p2/install/custom_interfaces/share/custom_interfaces/srv/AddTwoInts.srv
-- Installing: /home/hassaan/ros2_ws_p2/install/custom_interfaces/share/ament_index/resource_index/package_run_dependencies/custom_interfaces
-- Installing: /home/hassaan/ros2_ws_p2/install/custom_interfaces/share/ament_index/resource_index/parent_prefix_path/custom_interfaces
-- Installing: /home/hassaan/ros2_ws_p2/install/custom_interfaces/share/custom_interfaces/environment/ament_prefix_path.sh
-- Installing: /home/hassaan/ros2_ws_p2/install/custom_interfaces/share/custom_interfaces/environment/ament_prefix_path.dsv
-- Installing: /home/hassaan/ros2_ws_p2/install/custom_interfaces/share/custom_interfaces/environment/path.sh
-- Installing: /home/hassaan/ros2_ws_p2/install/custom_interfaces/share/custom_interfaces/environment/path.dsv
-- Installing: /home/hassaan/ros2_ws_p2/install/custom_interfaces/share/custom_interfaces/local_setup.bash
-- Installing: /home/hassaan/ros2_ws_p2/install/custom_interfaces/share/custom_interfaces/local_setup.sh
-- Installing: /home/hassaan/ros2_ws_p2/install/custom_interfaces/share/custom_interfaces/local_setup.zsh
-- Installing: /home/hassaan/ros2_ws_p2/install/custom_interfaces/share/custom_interfaces/local_setup.dsv
-- Installing: /home/hassaan/ros2_ws_p2/install/custom_interfaces/share/custom_interfaces/package.dsv
-- Installing: /home/hassaan/ros2_ws_p2/install/custom_interfaces/share/ament_index/resource_index/packages/custom_interfaces
-- Installing: /home/hassaan/ros2_ws_p2/install/custom_interfaces/share/custom_interfaces/cmake/export_custom_interfaces__rosidl_generator_cExport.cmake
-- Installing: /home/hassaan/ros2_ws_p2/install/custom_interfaces/share/custom_interfaces/cmake/export_custom_interfaces__rosidl_generator_cExport-noconfig.cmake
-- Installing: /home/hassaan/ros2_ws_p2/install/custom_interfaces/share/custom_interfaces/cmake/export_custom_interfaces__rosidl_typesupport_fastrtps_cExport.cmake
-- Installing: /home/hassaan/ros2_ws_p2/install/custom_interfaces/share/custom_interfaces/cmake/export_custom_interfaces__rosidl_typesupport_fastrtps_cExport-noconfig.cmake
-- Installing: /home/hassaan/ros2_ws_p2/install/custom_interfaces/share/custom_interfaces/cmake/custom_interfaces__rosidl_typesupport_introspection_cExport.cmake
-- Installing: /home/hassaan/ros2_ws_p2/install/custom_interfaces/share/custom_interfaces/cmake/custom_interfaces__rosidl_typesupport_introspection_cExport-noconfig.cmake
-- Installing: /home/hassaan/ros2_ws_p2/install/custom_interfaces/share/custom_interfaces/cmake/custom_interfaces__rosidl_typesupport_cExport.cmake
-- Installing: /home/hassaan/ros2_ws_p2/install/custom_interfaces/share/custom_interfaces/cmake/custom_interfaces__rosidl_typesupport_cExport-noconfig.cmake
-- Installing: /home/hassaan/ros2_ws_p2/install/custom_interfaces/share/custom_interfaces/cmake/export_custom_interfaces__rosidl_generator_cppExport.cmake
-- Installing: /home/hassaan/ros2_ws_p2/install/custom_interfaces/share/custom_interfaces/cmake/export_custom_interfaces__rosidl_typesupport_fastrtps_cppExport.cmake
-- Installing: /home/hassaan/ros2_ws_p2/install/custom_interfaces/share/custom_interfaces/cmake/export_custom_interfaces__rosidl_typesupport_fastrtps_cppExport-noconfig.cmake
-- Installing: /home/hassaan/ros2_ws_p2/install/custom_interfaces/share/custom_interfaces/cmake/custom_interfaces__rosidl_typesupport_introspection_cppExport.cmake
-- Installing: /home/hassaan/ros2_ws_p2/install/custom_interfaces/share/custom_interfaces/cmake/custom_interfaces__rosidl_typesupport_introspection_cppExport-noconfig.cmake
-- Installing: /home/hassaan/ros2_ws_p2/install/custom_interfaces/share/custom_interfaces/cmake/custom_interfaces__rosidl_typesupport_cppExport.cmake
-- Installing: /home/hassaan/ros2_ws_p2/install/custom_interfaces/share/custom_interfaces/cmake/custom_interfaces__rosidl_typesupport_cppExport-noconfig.cmake
-- Installing: /home/hassaan/ros2_ws_p2/install/custom_interfaces/share/custom_interfaces/cmake/export_custom_interfaces__rosidl_generator_pyExport.cmake
-- Installing: /home/hassaan/ros2_ws_p2/install/custom_interfaces/share/custom_interfaces/cmake/export_custom_interfaces__rosidl_generator_pyExport-noconfig.cmake
-- Installing: /home/hassaan/ros2_ws_p2/install/custom_interfaces/share/custom_interfaces/cmake/rosidl_cmake-extras.cmake
-- Installing: /home/hassaan/ros2_ws_p2/install/custom_interfaces/share/custom_interfaces/cmake/ament_cmake_export_dependencies-extras.cmake
-- Installing: /home/hassaan/ros2_ws_p2/install/custom_interfaces/share/custom_interfaces/cmake/ament_cmake_export_include_directories-extras.cmake
-- Installing: /home/hassaan/ros2_ws_p2/install/custom_interfaces/share/custom_interfaces/cmake/ament_cmake_export_libraries-extras.cmake
-- Installing: /home/hassaan/ros2_ws_p2/install/custom_interfaces/share/custom_interfaces/cmake/ament_cmake_export_targets-extras.cmake
-- Installing: /home/hassaan/ros2_ws_p2/install/custom_interfaces/share/custom_interfaces/cmake/rosidl_cmake_export_typesupport_targets-extras.cmake
-- Installing: /home/hassaan/ros2_ws_p2/install/custom_interfaces/share/custom_interfaces/cmake/rosidl_cmake_export_typesupport_libraries-extras.cmake
-- Installing: /home/hassaan/ros2_ws_p2/install/custom_interfaces/share/custom_interfaces/cmake/custom_interfacesConfig.cmake
-- Installing: /home/hassaan/ros2_ws_p2/install/custom_interfaces/share/custom_interfaces/cmake/custom_interfacesConfig-version.cmake
-- Installing: /home/hassaan/ros2_ws_p2/install/custom_interfaces/share/custom_interfaces/package.xml
