[0.007s] Invoking command in '/home/hassaan/ros2_ws_p2/build/custom_interfaces': CMAKE_PREFIX_PATH=${CMAKE_PREFIX_PATH}:/opt/ros/jazzy DEBUGINFOD_URLS=https://debuginfod.ubuntu.com /usr/bin/cmake /home/hassaan/ros2_ws_p2/src/custom_interfaces -DCMAKE_INSTALL_PREFIX=/home/hassaan/ros2_ws_p2/install/custom_interfaces
[0.018s] -- Found ament_cmake: 2.5.2 (/opt/ros/jazzy/share/ament_cmake/cmake)
[0.173s] -- Found rosidl_default_generators: 1.6.0 (/opt/ros/jazzy/share/rosidl_default_generators/cmake)
[0.175s] -- Using all available rosidl_typesupport_c: rosidl_typesupport_fastrtps_c;rosidl_typesupport_introspection_c
[0.199s] -- Using all available rosidl_typesupport_cpp: rosidl_typesupport_fastrtps_cpp;rosidl_typesupport_introspection_cpp
[0.222s] -- Found rosidl_adapter: 4.6.4 (/opt/ros/jazzy/share/rosidl_adapter/cmake)
[0.681s] -- Found ament_cmake_ros: 0.12.0 (/opt/ros/jazzy/share/ament_cmake_ros/cmake)
[0.998s] -- Using all available rosidl_typesupport_c: rosidl_typesupport_fastrtps_c;rosidl_typesupport_introspection_c
[1.408s] -- Using all available rosidl_typesupport_cpp: rosidl_typesupport_fastrtps_cpp;rosidl_typesupport_introspection_cpp
[1.410s] -- Found python_cmake_module: 0.11.1 (/opt/ros/jazzy/share/python_cmake_module/cmake)
[1.510s] -- Found PythonExtra: /usr/bin/python3  
[1.887s] -- Found Python3: /usr/bin/python3 (found version "3.12.3") found components: Interpreter Development NumPy Development.Module Development.Embed 
[1.915s] -- Found ament_lint_auto: 0.17.1 (/opt/ros/jazzy/share/ament_lint_auto/cmake)
[1.938s] -- Added test 'cppcheck' to perform static code analysis on C / C++ code
[1.938s] -- Configured cppcheck include dirs: 
[1.939s] -- Configured cppcheck exclude dirs and/or files: 
[1.940s] -- Added test 'lint_cmake' to check CMake code style
[1.941s] -- Added test 'uncrustify' to check C / C++ code style
[1.941s] -- Configured uncrustify additional arguments: 
[1.942s] -- Added test 'xmllint' to check XML markup files
[1.945s] -- Configuring done (1.9s)
[1.967s] -- Generating done (0.0s)
[1.968s] -- Build files have been written to: /home/hassaan/ros2_ws_p2/build/custom_interfaces
[1.974s] Invoked command in '/home/hassaan/ros2_ws_p2/build/custom_interfaces' returned '0': CMAKE_PREFIX_PATH=${CMAKE_PREFIX_PATH}:/opt/ros/jazzy DEBUGINFOD_URLS=https://debuginfod.ubuntu.com /usr/bin/cmake /home/hassaan/ros2_ws_p2/src/custom_interfaces -DCMAKE_INSTALL_PREFIX=/home/hassaan/ros2_ws_p2/install/custom_interfaces
[1.974s] Invoking command in '/home/hassaan/ros2_ws_p2/build/custom_interfaces': CMAKE_PREFIX_PATH=${CMAKE_PREFIX_PATH}:/opt/ros/jazzy DEBUGINFOD_URLS=https://debuginfod.ubuntu.com /usr/bin/cmake --build /home/hassaan/ros2_ws_p2/build/custom_interfaces -- -j8 -l8
[2.011s] [  2%] [34m[1mGenerating type hashes for ROS interfaces[0m
[2.017s] [  2%] Built target ament_cmake_python_copy_custom_interfaces
[2.165s] [  2%] Built target custom_interfaces__rosidl_generator_type_description
[2.172s] [  5%] [34m[1mGenerating C code for ROS interfaces[0m
[2.180s] [  8%] [34m[1mGenerating C++ code for ROS interfaces[0m
[2.182s] running egg_info
[2.183s] creating custom_interfaces.egg-info
[2.200s] writing custom_interfaces.egg-info/PKG-INFO
[2.200s] writing dependency_links to custom_interfaces.egg-info/dependency_links.txt
[2.200s] writing top-level names to custom_interfaces.egg-info/top_level.txt
[2.200s] writing manifest file 'custom_interfaces.egg-info/SOURCES.txt'
[2.246s] reading manifest file 'custom_interfaces.egg-info/SOURCES.txt'
[2.246s] writing manifest file 'custom_interfaces.egg-info/SOURCES.txt'
[2.268s] [  8%] Built target ament_cmake_python_build_custom_interfaces_egg
[2.399s] [  8%] Built target custom_interfaces__cpp
[2.416s] [ 17%] [32mBuilding C object CMakeFiles/custom_interfaces__rosidl_generator_c.dir/rosidl_generator_c/custom_interfaces/srv/detail/add_two_ints__functions.c.o[0m
[2.417s] [ 17%] [32mBuilding C object CMakeFiles/custom_interfaces__rosidl_generator_c.dir/rosidl_generator_c/custom_interfaces/srv/detail/add_two_ints__type_support.c.o[0m
[2.417s] [ 17%] [32mBuilding C object CMakeFiles/custom_interfaces__rosidl_generator_c.dir/rosidl_generator_c/custom_interfaces/srv/detail/add_two_ints__description.c.o[0m
[2.487s] [ 20%] [32m[1mLinking C shared library libcustom_interfaces__rosidl_generator_c.so[0m
[2.516s] [ 20%] Built target custom_interfaces__rosidl_generator_c
[2.523s] [ 26%] [34m[1mGenerating C introspection for ROS interfaces[0m
[2.523s] [ 26%] [34m[1mGenerating C++ type support dispatch for ROS interfaces[0m
[2.524s] [ 29%] [34m[1mGenerating C type support dispatch for ROS interfaces[0m
[2.524s] [ 35%] [34m[1mGenerating C++ introspection for ROS interfaces[0m
[2.525s] [ 35%] [34m[1mGenerating C++ type support for eProsima Fast-RTPS[0m
[2.525s] [ 38%] [34m[1mGenerating C type support for eProsima Fast-RTPS[0m
[2.758s] [ 41%] [32mBuilding CXX object CMakeFiles/custom_interfaces__rosidl_typesupport_introspection_cpp.dir/rosidl_typesupport_introspection_cpp/custom_interfaces/srv/detail/add_two_ints__type_support.cpp.o[0m
[2.797s] [ 44%] [32mBuilding CXX object CMakeFiles/custom_interfaces__rosidl_typesupport_fastrtps_c.dir/rosidl_typesupport_fastrtps_c/custom_interfaces/srv/detail/add_two_ints__type_support_c.cpp.o[0m
[2.864s] [ 47%] [32mBuilding CXX object CMakeFiles/custom_interfaces__rosidl_typesupport_cpp.dir/rosidl_typesupport_cpp/custom_interfaces/srv/add_two_ints__type_support.cpp.o[0m
[2.871s] [ 50%] [32mBuilding CXX object CMakeFiles/custom_interfaces__rosidl_typesupport_c.dir/rosidl_typesupport_c/custom_interfaces/srv/add_two_ints__type_support.cpp.o[0m
[2.899s] [ 52%] [32mBuilding C object CMakeFiles/custom_interfaces__rosidl_typesupport_introspection_c.dir/rosidl_typesupport_introspection_c/custom_interfaces/srv/detail/add_two_ints__type_support.c.o[0m
[2.931s] [ 55%] [32mBuilding CXX object CMakeFiles/custom_interfaces__rosidl_typesupport_fastrtps_cpp.dir/rosidl_typesupport_fastrtps_cpp/custom_interfaces/srv/detail/dds_fastrtps/add_two_ints__type_support.cpp.o[0m
[2.937s] [ 58%] [32m[1mLinking CXX shared library libcustom_interfaces__rosidl_typesupport_c.so[0m
[2.949s] [ 61%] [32m[1mLinking C shared library libcustom_interfaces__rosidl_typesupport_introspection_c.so[0m
[2.973s] [ 61%] Built target custom_interfaces__rosidl_typesupport_introspection_c
[2.981s] [ 61%] Built target custom_interfaces__rosidl_typesupport_c
[3.219s] [ 64%] [32m[1mLinking CXX shared library libcustom_interfaces__rosidl_typesupport_introspection_cpp.so[0m
[3.284s] [ 64%] Built target custom_interfaces__rosidl_typesupport_introspection_cpp
[3.292s] [ 67%] [32m[1mLinking CXX shared library libcustom_interfaces__rosidl_typesupport_cpp.so[0m
[3.335s] [ 70%] [32m[1mLinking CXX shared library libcustom_interfaces__rosidl_typesupport_fastrtps_c.so[0m
[3.353s] [ 70%] Built target custom_interfaces__rosidl_typesupport_cpp
[3.374s] [ 70%] Built target custom_interfaces__rosidl_typesupport_fastrtps_c
[3.483s] [ 73%] [32m[1mLinking CXX shared library libcustom_interfaces__rosidl_typesupport_fastrtps_cpp.so[0m
[3.540s] [ 73%] Built target custom_interfaces__rosidl_typesupport_fastrtps_cpp
[3.553s] [ 73%] Built target custom_interfaces
[3.567s] [ 76%] [34m[1mGenerating Python code for ROS interfaces[0m
[3.833s] [ 76%] Built target custom_interfaces__py
[3.847s] [ 79%] [32mBuilding C object CMakeFiles/custom_interfaces__rosidl_generator_py.dir/rosidl_generator_py/custom_interfaces/srv/_add_two_ints_s.c.o[0m
[3.984s] [ 82%] [32m[1mLinking C shared library libcustom_interfaces__rosidl_generator_py.so[0m
[4.016s] [ 82%] Built target custom_interfaces__rosidl_generator_py
[4.031s] [ 91%] [32mBuilding C object CMakeFiles/custom_interfaces_s__rosidl_typesupport_c.dir/rosidl_generator_py/custom_interfaces/_custom_interfaces_s.ep.rosidl_typesupport_c.c.o[0m
[4.031s] [ 91%] [32mBuilding C object CMakeFiles/custom_interfaces_s__rosidl_typesupport_fastrtps_c.dir/rosidl_generator_py/custom_interfaces/_custom_interfaces_s.ep.rosidl_typesupport_fastrtps_c.c.o[0m
[4.031s] [ 91%] [32mBuilding C object CMakeFiles/custom_interfaces_s__rosidl_typesupport_introspection_c.dir/rosidl_generator_py/custom_interfaces/_custom_interfaces_s.ep.rosidl_typesupport_introspection_c.c.o[0m
[4.118s] [ 94%] [32m[1mLinking C shared module rosidl_generator_py/custom_interfaces/custom_interfaces_s__rosidl_typesupport_c.so[0m
[4.120s] [ 97%] [32m[1mLinking C shared module rosidl_generator_py/custom_interfaces/custom_interfaces_s__rosidl_typesupport_introspection_c.so[0m
[4.122s] [100%] [32m[1mLinking C shared module rosidl_generator_py/custom_interfaces/custom_interfaces_s__rosidl_typesupport_fastrtps_c.so[0m
[4.142s] [100%] Built target custom_interfaces_s__rosidl_typesupport_c
[4.143s] [100%] Built target custom_interfaces_s__rosidl_typesupport_introspection_c
[4.145s] [100%] Built target custom_interfaces_s__rosidl_typesupport_fastrtps_c
[4.153s] Invoked command in '/home/hassaan/ros2_ws_p2/build/custom_interfaces' returned '0': CMAKE_PREFIX_PATH=${CMAKE_PREFIX_PATH}:/opt/ros/jazzy DEBUGINFOD_URLS=https://debuginfod.ubuntu.com /usr/bin/cmake --build /home/hassaan/ros2_ws_p2/build/custom_interfaces -- -j8 -l8
[4.196s] Invoking command in '/home/hassaan/ros2_ws_p2/build/custom_interfaces': CMAKE_PREFIX_PATH=${CMAKE_PREFIX_PATH}:/opt/ros/jazzy DEBUGINFOD_URLS=https://debuginfod.ubuntu.com /usr/bin/cmake --install /home/hassaan/ros2_ws_p2/build/custom_interfaces
[4.202s] -- Install configuration: ""
[4.202s] -- Installing: /home/hassaan/ros2_ws_p2/install/custom_interfaces/share/ament_index/resource_index/rosidl_interfaces/custom_interfaces
[4.202s] -- Installing: /home/hassaan/ros2_ws_p2/install/custom_interfaces/share/custom_interfaces/srv/AddTwoInts.json
[4.202s] -- Installing: /home/hassaan/ros2_ws_p2/install/custom_interfaces/include/custom_interfaces/custom_interfaces
[4.202s] -- Installing: /home/hassaan/ros2_ws_p2/install/custom_interfaces/include/custom_interfaces/custom_interfaces/msg
[4.202s] -- Installing: /home/hassaan/ros2_ws_p2/install/custom_interfaces/include/custom_interfaces/custom_interfaces/msg/rosidl_generator_c__visibility_control.h
[4.202s] -- Installing: /home/hassaan/ros2_ws_p2/install/custom_interfaces/include/custom_interfaces/custom_interfaces/srv
[4.203s] -- Installing: /home/hassaan/ros2_ws_p2/install/custom_interfaces/include/custom_interfaces/custom_interfaces/srv/add_two_ints.h
[4.203s] -- Installing: /home/hassaan/ros2_ws_p2/install/custom_interfaces/include/custom_interfaces/custom_interfaces/srv/detail
[4.203s] -- Installing: /home/hassaan/ros2_ws_p2/install/custom_interfaces/include/custom_interfaces/custom_interfaces/srv/detail/add_two_ints__functions.h
[4.203s] -- Installing: /home/hassaan/ros2_ws_p2/install/custom_interfaces/include/custom_interfaces/custom_interfaces/srv/detail/add_two_ints__functions.c
[4.203s] -- Installing: /home/hassaan/ros2_ws_p2/install/custom_interfaces/include/custom_interfaces/custom_interfaces/srv/detail/add_two_ints__struct.h
[4.203s] -- Installing: /home/hassaan/ros2_ws_p2/install/custom_interfaces/include/custom_interfaces/custom_interfaces/srv/detail/add_two_ints__description.c
[4.203s] -- Installing: /home/hassaan/ros2_ws_p2/install/custom_interfaces/include/custom_interfaces/custom_interfaces/srv/detail/add_two_ints__type_support.h
[4.203s] -- Installing: /home/hassaan/ros2_ws_p2/install/custom_interfaces/include/custom_interfaces/custom_interfaces/srv/detail/add_two_ints__type_support.c
[4.203s] -- Installing: /home/hassaan/ros2_ws_p2/install/custom_interfaces/share/custom_interfaces/environment/library_path.sh
[4.203s] -- Installing: /home/hassaan/ros2_ws_p2/install/custom_interfaces/share/custom_interfaces/environment/library_path.dsv
[4.203s] -- Installing: /home/hassaan/ros2_ws_p2/install/custom_interfaces/lib/libcustom_interfaces__rosidl_generator_c.so
[4.204s] -- Set non-toolchain portion of runtime path of "/home/hassaan/ros2_ws_p2/install/custom_interfaces/lib/libcustom_interfaces__rosidl_generator_c.so" to ""
[4.204s] -- Up-to-date: /home/hassaan/ros2_ws_p2/install/custom_interfaces/include/custom_interfaces/custom_interfaces
[4.204s] -- Up-to-date: /home/hassaan/ros2_ws_p2/install/custom_interfaces/include/custom_interfaces/custom_interfaces/msg
[4.204s] -- Installing: /home/hassaan/ros2_ws_p2/install/custom_interfaces/include/custom_interfaces/custom_interfaces/msg/rosidl_typesupport_fastrtps_c__visibility_control.h
[4.204s] -- Up-to-date: /home/hassaan/ros2_ws_p2/install/custom_interfaces/include/custom_interfaces/custom_interfaces/srv
[4.204s] -- Up-to-date: /home/hassaan/ros2_ws_p2/install/custom_interfaces/include/custom_interfaces/custom_interfaces/srv/detail
[4.204s] -- Installing: /home/hassaan/ros2_ws_p2/install/custom_interfaces/include/custom_interfaces/custom_interfaces/srv/detail/add_two_ints__rosidl_typesupport_fastrtps_c.h
[4.204s] -- Installing: /home/hassaan/ros2_ws_p2/install/custom_interfaces/lib/libcustom_interfaces__rosidl_typesupport_fastrtps_c.so
[4.204s] -- Set non-toolchain portion of runtime path of "/home/hassaan/ros2_ws_p2/install/custom_interfaces/lib/libcustom_interfaces__rosidl_typesupport_fastrtps_c.so" to ""
[4.204s] -- Up-to-date: /home/hassaan/ros2_ws_p2/install/custom_interfaces/include/custom_interfaces/custom_interfaces
[4.204s] -- Up-to-date: /home/hassaan/ros2_ws_p2/install/custom_interfaces/include/custom_interfaces/custom_interfaces/msg
[4.204s] -- Installing: /home/hassaan/ros2_ws_p2/install/custom_interfaces/include/custom_interfaces/custom_interfaces/msg/rosidl_typesupport_introspection_c__visibility_control.h
[4.204s] -- Up-to-date: /home/hassaan/ros2_ws_p2/install/custom_interfaces/include/custom_interfaces/custom_interfaces/srv
[4.204s] -- Up-to-date: /home/hassaan/ros2_ws_p2/install/custom_interfaces/include/custom_interfaces/custom_interfaces/srv/detail
[4.204s] -- Installing: /home/hassaan/ros2_ws_p2/install/custom_interfaces/include/custom_interfaces/custom_interfaces/srv/detail/add_two_ints__rosidl_typesupport_introspection_c.h
[4.205s] -- Installing: /home/hassaan/ros2_ws_p2/install/custom_interfaces/include/custom_interfaces/custom_interfaces/srv/detail/add_two_ints__type_support.c
[4.205s] -- Installing: /home/hassaan/ros2_ws_p2/install/custom_interfaces/lib/libcustom_interfaces__rosidl_typesupport_introspection_c.so
[4.205s] -- Set non-toolchain portion of runtime path of "/home/hassaan/ros2_ws_p2/install/custom_interfaces/lib/libcustom_interfaces__rosidl_typesupport_introspection_c.so" to ""
[4.205s] -- Installing: /home/hassaan/ros2_ws_p2/install/custom_interfaces/lib/libcustom_interfaces__rosidl_typesupport_c.so
[4.205s] -- Set non-toolchain portion of runtime path of "/home/hassaan/ros2_ws_p2/install/custom_interfaces/lib/libcustom_interfaces__rosidl_typesupport_c.so" to ""
[4.205s] -- Up-to-date: /home/hassaan/ros2_ws_p2/install/custom_interfaces/include/custom_interfaces/custom_interfaces
[4.205s] -- Up-to-date: /home/hassaan/ros2_ws_p2/install/custom_interfaces/include/custom_interfaces/custom_interfaces/msg
[4.205s] -- Installing: /home/hassaan/ros2_ws_p2/install/custom_interfaces/include/custom_interfaces/custom_interfaces/msg/rosidl_generator_cpp__visibility_control.hpp
[4.205s] -- Up-to-date: /home/hassaan/ros2_ws_p2/install/custom_interfaces/include/custom_interfaces/custom_interfaces/srv
[4.205s] -- Up-to-date: /home/hassaan/ros2_ws_p2/install/custom_interfaces/include/custom_interfaces/custom_interfaces/srv/detail
[4.205s] -- Installing: /home/hassaan/ros2_ws_p2/install/custom_interfaces/include/custom_interfaces/custom_interfaces/srv/detail/add_two_ints__struct.hpp
[4.205s] -- Installing: /home/hassaan/ros2_ws_p2/install/custom_interfaces/include/custom_interfaces/custom_interfaces/srv/detail/add_two_ints__type_support.hpp
[4.205s] -- Installing: /home/hassaan/ros2_ws_p2/install/custom_interfaces/include/custom_interfaces/custom_interfaces/srv/detail/add_two_ints__traits.hpp
[4.205s] -- Installing: /home/hassaan/ros2_ws_p2/install/custom_interfaces/include/custom_interfaces/custom_interfaces/srv/detail/add_two_ints__builder.hpp
[4.206s] -- Installing: /home/hassaan/ros2_ws_p2/install/custom_interfaces/include/custom_interfaces/custom_interfaces/srv/add_two_ints.hpp
[4.206s] -- Up-to-date: /home/hassaan/ros2_ws_p2/install/custom_interfaces/include/custom_interfaces/custom_interfaces
[4.206s] -- Up-to-date: /home/hassaan/ros2_ws_p2/install/custom_interfaces/include/custom_interfaces/custom_interfaces/msg
[4.206s] -- Installing: /home/hassaan/ros2_ws_p2/install/custom_interfaces/include/custom_interfaces/custom_interfaces/msg/rosidl_typesupport_fastrtps_cpp__visibility_control.h
[4.206s] -- Up-to-date: /home/hassaan/ros2_ws_p2/install/custom_interfaces/include/custom_interfaces/custom_interfaces/srv
[4.206s] -- Up-to-date: /home/hassaan/ros2_ws_p2/install/custom_interfaces/include/custom_interfaces/custom_interfaces/srv/detail
[4.206s] -- Installing: /home/hassaan/ros2_ws_p2/install/custom_interfaces/include/custom_interfaces/custom_interfaces/srv/detail/add_two_ints__rosidl_typesupport_fastrtps_cpp.hpp
[4.206s] -- Installing: /home/hassaan/ros2_ws_p2/install/custom_interfaces/include/custom_interfaces/custom_interfaces/srv/detail/dds_fastrtps
[4.206s] -- Installing: /home/hassaan/ros2_ws_p2/install/custom_interfaces/lib/libcustom_interfaces__rosidl_typesupport_fastrtps_cpp.so
[4.206s] -- Set non-toolchain portion of runtime path of "/home/hassaan/ros2_ws_p2/install/custom_interfaces/lib/libcustom_interfaces__rosidl_typesupport_fastrtps_cpp.so" to ""
[4.206s] -- Up-to-date: /home/hassaan/ros2_ws_p2/install/custom_interfaces/include/custom_interfaces/custom_interfaces
[4.206s] -- Up-to-date: /home/hassaan/ros2_ws_p2/install/custom_interfaces/include/custom_interfaces/custom_interfaces/srv
[4.206s] -- Up-to-date: /home/hassaan/ros2_ws_p2/install/custom_interfaces/include/custom_interfaces/custom_interfaces/srv/detail
[4.206s] -- Installing: /home/hassaan/ros2_ws_p2/install/custom_interfaces/include/custom_interfaces/custom_interfaces/srv/detail/add_two_ints__type_support.cpp
[4.206s] -- Installing: /home/hassaan/ros2_ws_p2/install/custom_interfaces/include/custom_interfaces/custom_interfaces/srv/detail/add_two_ints__rosidl_typesupport_introspection_cpp.hpp
[4.207s] -- Installing: /home/hassaan/ros2_ws_p2/install/custom_interfaces/lib/libcustom_interfaces__rosidl_typesupport_introspection_cpp.so
[4.207s] -- Set non-toolchain portion of runtime path of "/home/hassaan/ros2_ws_p2/install/custom_interfaces/lib/libcustom_interfaces__rosidl_typesupport_introspection_cpp.so" to ""
[4.207s] -- Installing: /home/hassaan/ros2_ws_p2/install/custom_interfaces/lib/libcustom_interfaces__rosidl_typesupport_cpp.so
[4.207s] -- Set non-toolchain portion of runtime path of "/home/hassaan/ros2_ws_p2/install/custom_interfaces/lib/libcustom_interfaces__rosidl_typesupport_cpp.so" to ""
[4.207s] -- Installing: /home/hassaan/ros2_ws_p2/install/custom_interfaces/share/custom_interfaces/environment/pythonpath.sh
[4.207s] -- Installing: /home/hassaan/ros2_ws_p2/install/custom_interfaces/share/custom_interfaces/environment/pythonpath.dsv
[4.207s] -- Installing: /home/hassaan/ros2_ws_p2/install/custom_interfaces/lib/python3.12/site-packages/custom_interfaces-0.0.0-py3.12.egg-info
[4.207s] -- Installing: /home/hassaan/ros2_ws_p2/install/custom_interfaces/lib/python3.12/site-packages/custom_interfaces-0.0.0-py3.12.egg-info/dependency_links.txt
[4.207s] -- Installing: /home/hassaan/ros2_ws_p2/install/custom_interfaces/lib/python3.12/site-packages/custom_interfaces-0.0.0-py3.12.egg-info/top_level.txt
[4.207s] -- Installing: /home/hassaan/ros2_ws_p2/install/custom_interfaces/lib/python3.12/site-packages/custom_interfaces-0.0.0-py3.12.egg-info/PKG-INFO
[4.207s] -- Installing: /home/hassaan/ros2_ws_p2/install/custom_interfaces/lib/python3.12/site-packages/custom_interfaces-0.0.0-py3.12.egg-info/SOURCES.txt
[4.208s] -- Installing: /home/hassaan/ros2_ws_p2/install/custom_interfaces/lib/python3.12/site-packages/custom_interfaces
[4.208s] -- Installing: /home/hassaan/ros2_ws_p2/install/custom_interfaces/lib/python3.12/site-packages/custom_interfaces/custom_interfaces_s__rosidl_typesupport_fastrtps_c.so
[4.208s] -- Installing: /home/hassaan/ros2_ws_p2/install/custom_interfaces/lib/python3.12/site-packages/custom_interfaces/_custom_interfaces_s.ep.rosidl_typesupport_fastrtps_c.c
[4.208s] -- Installing: /home/hassaan/ros2_ws_p2/install/custom_interfaces/lib/python3.12/site-packages/custom_interfaces/custom_interfaces_s__rosidl_typesupport_c.so
[4.208s] -- Installing: /home/hassaan/ros2_ws_p2/install/custom_interfaces/lib/python3.12/site-packages/custom_interfaces/_custom_interfaces_s.ep.rosidl_typesupport_c.c
[4.208s] -- Installing: /home/hassaan/ros2_ws_p2/install/custom_interfaces/lib/python3.12/site-packages/custom_interfaces/__init__.py
[4.208s] -- Installing: /home/hassaan/ros2_ws_p2/install/custom_interfaces/lib/python3.12/site-packages/custom_interfaces/custom_interfaces_s__rosidl_typesupport_introspection_c.so
[4.208s] -- Installing: /home/hassaan/ros2_ws_p2/install/custom_interfaces/lib/python3.12/site-packages/custom_interfaces/_custom_interfaces_s.ep.rosidl_typesupport_introspection_c.c
[4.208s] -- Installing: /home/hassaan/ros2_ws_p2/install/custom_interfaces/lib/python3.12/site-packages/custom_interfaces/srv
[4.208s] -- Installing: /home/hassaan/ros2_ws_p2/install/custom_interfaces/lib/python3.12/site-packages/custom_interfaces/srv/_add_two_ints.py
[4.208s] -- Installing: /home/hassaan/ros2_ws_p2/install/custom_interfaces/lib/python3.12/site-packages/custom_interfaces/srv/_add_two_ints_s.c
[4.208s] -- Installing: /home/hassaan/ros2_ws_p2/install/custom_interfaces/lib/python3.12/site-packages/custom_interfaces/srv/__init__.py
[4.240s] Listing '/home/hassaan/ros2_ws_p2/install/custom_interfaces/lib/python3.12/site-packages/custom_interfaces'...
[4.240s] Compiling '/home/hassaan/ros2_ws_p2/install/custom_interfaces/lib/python3.12/site-packages/custom_interfaces/__init__.py'...
[4.240s] Listing '/home/hassaan/ros2_ws_p2/install/custom_interfaces/lib/python3.12/site-packages/custom_interfaces/srv'...
[4.240s] Compiling '/home/hassaan/ros2_ws_p2/install/custom_interfaces/lib/python3.12/site-packages/custom_interfaces/srv/__init__.py'...
[4.240s] Compiling '/home/hassaan/ros2_ws_p2/install/custom_interfaces/lib/python3.12/site-packages/custom_interfaces/srv/_add_two_ints.py'...
[4.244s] -- Installing: /home/hassaan/ros2_ws_p2/install/custom_interfaces/lib/python3.12/site-packages/custom_interfaces/custom_interfaces_s__rosidl_typesupport_fastrtps_c.so
[4.244s] -- Set non-toolchain portion of runtime path of "/home/hassaan/ros2_ws_p2/install/custom_interfaces/lib/python3.12/site-packages/custom_interfaces/custom_interfaces_s__rosidl_typesupport_fastrtps_c.so" to ""
[4.244s] -- Installing: /home/hassaan/ros2_ws_p2/install/custom_interfaces/lib/python3.12/site-packages/custom_interfaces/custom_interfaces_s__rosidl_typesupport_introspection_c.so
[4.244s] -- Set non-toolchain portion of runtime path of "/home/hassaan/ros2_ws_p2/install/custom_interfaces/lib/python3.12/site-packages/custom_interfaces/custom_interfaces_s__rosidl_typesupport_introspection_c.so" to ""
[4.244s] -- Installing: /home/hassaan/ros2_ws_p2/install/custom_interfaces/lib/python3.12/site-packages/custom_interfaces/custom_interfaces_s__rosidl_typesupport_c.so
[4.244s] -- Set non-toolchain portion of runtime path of "/home/hassaan/ros2_ws_p2/install/custom_interfaces/lib/python3.12/site-packages/custom_interfaces/custom_interfaces_s__rosidl_typesupport_c.so" to ""
[4.244s] -- Installing: /home/hassaan/ros2_ws_p2/install/custom_interfaces/lib/libcustom_interfaces__rosidl_generator_py.so
[4.245s] -- Set non-toolchain portion of runtime path of "/home/hassaan/ros2_ws_p2/install/custom_interfaces/lib/libcustom_interfaces__rosidl_generator_py.so" to ""
[4.245s] -- Installing: /home/hassaan/ros2_ws_p2/install/custom_interfaces/share/custom_interfaces/srv/AddTwoInts.idl
[4.245s] -- Installing: /home/hassaan/ros2_ws_p2/install/custom_interfaces/share/custom_interfaces/srv/AddTwoInts.srv
[4.245s] -- Installing: /home/hassaan/ros2_ws_p2/install/custom_interfaces/share/ament_index/resource_index/package_run_dependencies/custom_interfaces
[4.245s] -- Installing: /home/hassaan/ros2_ws_p2/install/custom_interfaces/share/ament_index/resource_index/parent_prefix_path/custom_interfaces
[4.245s] -- Installing: /home/hassaan/ros2_ws_p2/install/custom_interfaces/share/custom_interfaces/environment/ament_prefix_path.sh
[4.245s] -- Installing: /home/hassaan/ros2_ws_p2/install/custom_interfaces/share/custom_interfaces/environment/ament_prefix_path.dsv
[4.245s] -- Installing: /home/hassaan/ros2_ws_p2/install/custom_interfaces/share/custom_interfaces/environment/path.sh
[4.245s] -- Installing: /home/hassaan/ros2_ws_p2/install/custom_interfaces/share/custom_interfaces/environment/path.dsv
[4.245s] -- Installing: /home/hassaan/ros2_ws_p2/install/custom_interfaces/share/custom_interfaces/local_setup.bash
[4.245s] -- Installing: /home/hassaan/ros2_ws_p2/install/custom_interfaces/share/custom_interfaces/local_setup.sh
[4.245s] -- Installing: /home/hassaan/ros2_ws_p2/install/custom_interfaces/share/custom_interfaces/local_setup.zsh
[4.246s] -- Installing: /home/hassaan/ros2_ws_p2/install/custom_interfaces/share/custom_interfaces/local_setup.dsv
[4.246s] -- Installing: /home/hassaan/ros2_ws_p2/install/custom_interfaces/share/custom_interfaces/package.dsv
[4.246s] -- Installing: /home/hassaan/ros2_ws_p2/install/custom_interfaces/share/ament_index/resource_index/packages/custom_interfaces
[4.246s] -- Installing: /home/hassaan/ros2_ws_p2/install/custom_interfaces/share/custom_interfaces/cmake/export_custom_interfaces__rosidl_generator_cExport.cmake
[4.246s] -- Installing: /home/hassaan/ros2_ws_p2/install/custom_interfaces/share/custom_interfaces/cmake/export_custom_interfaces__rosidl_generator_cExport-noconfig.cmake
[4.246s] -- Installing: /home/hassaan/ros2_ws_p2/install/custom_interfaces/share/custom_interfaces/cmake/export_custom_interfaces__rosidl_typesupport_fastrtps_cExport.cmake
[4.246s] -- Installing: /home/hassaan/ros2_ws_p2/install/custom_interfaces/share/custom_interfaces/cmake/export_custom_interfaces__rosidl_typesupport_fastrtps_cExport-noconfig.cmake
[4.246s] -- Installing: /home/hassaan/ros2_ws_p2/install/custom_interfaces/share/custom_interfaces/cmake/custom_interfaces__rosidl_typesupport_introspection_cExport.cmake
[4.246s] -- Installing: /home/hassaan/ros2_ws_p2/install/custom_interfaces/share/custom_interfaces/cmake/custom_interfaces__rosidl_typesupport_introspection_cExport-noconfig.cmake
[4.246s] -- Installing: /home/hassaan/ros2_ws_p2/install/custom_interfaces/share/custom_interfaces/cmake/custom_interfaces__rosidl_typesupport_cExport.cmake
[4.246s] -- Installing: /home/hassaan/ros2_ws_p2/install/custom_interfaces/share/custom_interfaces/cmake/custom_interfaces__rosidl_typesupport_cExport-noconfig.cmake
[4.247s] -- Installing: /home/hassaan/ros2_ws_p2/install/custom_interfaces/share/custom_interfaces/cmake/export_custom_interfaces__rosidl_generator_cppExport.cmake
[4.247s] -- Installing: /home/hassaan/ros2_ws_p2/install/custom_interfaces/share/custom_interfaces/cmake/export_custom_interfaces__rosidl_typesupport_fastrtps_cppExport.cmake
[4.247s] -- Installing: /home/hassaan/ros2_ws_p2/install/custom_interfaces/share/custom_interfaces/cmake/export_custom_interfaces__rosidl_typesupport_fastrtps_cppExport-noconfig.cmake
[4.247s] -- Installing: /home/hassaan/ros2_ws_p2/install/custom_interfaces/share/custom_interfaces/cmake/custom_interfaces__rosidl_typesupport_introspection_cppExport.cmake
[4.247s] -- Installing: /home/hassaan/ros2_ws_p2/install/custom_interfaces/share/custom_interfaces/cmake/custom_interfaces__rosidl_typesupport_introspection_cppExport-noconfig.cmake
[4.247s] -- Installing: /home/hassaan/ros2_ws_p2/install/custom_interfaces/share/custom_interfaces/cmake/custom_interfaces__rosidl_typesupport_cppExport.cmake
[4.247s] -- Installing: /home/hassaan/ros2_ws_p2/install/custom_interfaces/share/custom_interfaces/cmake/custom_interfaces__rosidl_typesupport_cppExport-noconfig.cmake
[4.247s] -- Installing: /home/hassaan/ros2_ws_p2/install/custom_interfaces/share/custom_interfaces/cmake/export_custom_interfaces__rosidl_generator_pyExport.cmake
[4.247s] -- Installing: /home/hassaan/ros2_ws_p2/install/custom_interfaces/share/custom_interfaces/cmake/export_custom_interfaces__rosidl_generator_pyExport-noconfig.cmake
[4.247s] -- Installing: /home/hassaan/ros2_ws_p2/install/custom_interfaces/share/custom_interfaces/cmake/rosidl_cmake-extras.cmake
[4.247s] -- Installing: /home/hassaan/ros2_ws_p2/install/custom_interfaces/share/custom_interfaces/cmake/ament_cmake_export_dependencies-extras.cmake
[4.248s] -- Installing: /home/hassaan/ros2_ws_p2/install/custom_interfaces/share/custom_interfaces/cmake/ament_cmake_export_include_directories-extras.cmake
[4.248s] -- Installing: /home/hassaan/ros2_ws_p2/install/custom_interfaces/share/custom_interfaces/cmake/ament_cmake_export_libraries-extras.cmake
[4.248s] -- Installing: /home/hassaan/ros2_ws_p2/install/custom_interfaces/share/custom_interfaces/cmake/ament_cmake_export_targets-extras.cmake
[4.248s] -- Installing: /home/hassaan/ros2_ws_p2/install/custom_interfaces/share/custom_interfaces/cmake/rosidl_cmake_export_typesupport_targets-extras.cmake
[4.248s] -- Installing: /home/hassaan/ros2_ws_p2/install/custom_interfaces/share/custom_interfaces/cmake/rosidl_cmake_export_typesupport_libraries-extras.cmake
[4.248s] -- Installing: /home/hassaan/ros2_ws_p2/install/custom_interfaces/share/custom_interfaces/cmake/custom_interfacesConfig.cmake
[4.248s] -- Installing: /home/hassaan/ros2_ws_p2/install/custom_interfaces/share/custom_interfaces/cmake/custom_interfacesConfig-version.cmake
[4.248s] -- Installing: /home/hassaan/ros2_ws_p2/install/custom_interfaces/share/custom_interfaces/package.xml
[4.250s] Invoked command in '/home/hassaan/ros2_ws_p2/build/custom_interfaces' returned '0': CMAKE_PREFIX_PATH=${CMAKE_PREFIX_PATH}:/opt/ros/jazzy DEBUGINFOD_URLS=https://debuginfod.ubuntu.com /usr/bin/cmake --install /home/hassaan/ros2_ws_p2/build/custom_interfaces
