[0.030s] Invoking command in '/home/hassan/ros-tuts/partrolbot_ws/build/turtlebot3_msgs': CMAKE_PREFIX_PATH=${CMAKE_PREFIX_PATH}:/home/hassan/ros-tuts/partrolbot_ws/install/turtlebot3_teleop:/home/hassan/ros-tuts/partrolbot_ws/install/turtlebot3_example:/home/hassan/ros-tuts/partrolbot_ws/install/tb3_sim:/opt/ros/humble /usr/bin/cmake /home/hassan/ros-tuts/partrolbot_ws/src/turtlebot3/turtlebot3_msgs -DAMENT_CMAKE_SYMLINK_INSTALL=1 -DCMAKE_INSTALL_PREFIX=/home/hassan/ros-tuts/partrolbot_ws/install/turtlebot3_msgs
[0.163s] -- The C compiler identification is GNU 11.4.0
[0.279s] -- The CXX compiler identification is GNU 11.4.0
[0.297s] -- Detecting C compiler ABI info
[0.434s] -- Detecting C compiler ABI info - done
[0.445s] -- Check for working C compiler: /usr/bin/cc - skipped
[0.445s] -- Detecting C compile features
[0.446s] -- Detecting C compile features - done
[0.449s] -- Detecting CXX compiler ABI info
[0.604s] -- Detecting CXX compiler ABI info - done
[0.617s] -- Check for working CXX compiler: /usr/bin/c++ - skipped
[0.617s] -- Detecting CXX compile features
[0.618s] -- Detecting CXX compile features - done
[0.624s] -- Found action_msgs: 1.2.1 (/opt/ros/humble/share/action_msgs/cmake)
[0.854s] -- Found Python3: /usr/bin/python3 (found version "3.10.12") found components: Interpreter 
[0.944s] -- Override CMake install command with custom implementation using symlinks instead of copying resources
[1.074s] -- Found rosidl_generator_c: 3.1.5 (/opt/ros/humble/share/rosidl_generator_c/cmake)
[1.081s] -- Found rosidl_adapter: 3.1.5 (/opt/ros/humble/share/rosidl_adapter/cmake)
[1.098s] -- Found rosidl_generator_cpp: 3.1.5 (/opt/ros/humble/share/rosidl_generator_cpp/cmake)
[1.132s] -- Using all available rosidl_typesupport_c: rosidl_typesupport_fastrtps_c;rosidl_typesupport_introspection_c
[1.159s] -- Using all available rosidl_typesupport_cpp: rosidl_typesupport_fastrtps_cpp;rosidl_typesupport_introspection_cpp
[1.308s] -- Found rosidl_default_generators: 1.2.0 (/opt/ros/humble/share/rosidl_default_generators/cmake)
[1.379s] -- Found std_msgs: 4.2.4 (/opt/ros/humble/share/std_msgs/cmake)
[2.171s] -- Found ament_cmake_cppcheck: 0.12.11 (/opt/ros/humble/share/ament_cmake_cppcheck/cmake)
[2.177s] -- Found ament_cmake_cpplint: 0.12.11 (/opt/ros/humble/share/ament_cmake_cpplint/cmake)
[2.186s] -- Found ament_cmake_uncrustify: 0.12.11 (/opt/ros/humble/share/ament_cmake_uncrustify/cmake)
[2.191s] -- Found ament_cmake_ros: 0.10.0 (/opt/ros/humble/share/ament_cmake_ros/cmake)
[2.797s] -- Using all available rosidl_typesupport_c: rosidl_typesupport_fastrtps_c;rosidl_typesupport_introspection_c
[3.049s] -- Using all available rosidl_typesupport_cpp: rosidl_typesupport_fastrtps_cpp;rosidl_typesupport_introspection_cpp
[3.094s] -- Found PythonInterp: /usr/bin/python3 (found suitable version "3.10.12", minimum required is "3.6") 
[3.098s] -- Found python_cmake_module: 0.10.0 (/opt/ros/humble/share/python_cmake_module/cmake)
[3.146s] -- Found PythonLibs: /usr/lib/x86_64-linux-gnu/libpython3.10.so (found suitable version "3.10.12", minimum required is "3.5") 
[3.146s] -- Using PYTHON_EXECUTABLE: /usr/bin/python3
[3.146s] -- Using PYTHON_INCLUDE_DIRS: /usr/include/python3.10
[3.146s] -- Using PYTHON_LIBRARIES: /usr/lib/x86_64-linux-gnu/libpython3.10.so
[3.187s] -- Found PythonExtra: .so  
[3.307s] -- Found ament_cmake_flake8: 0.12.11 (/opt/ros/humble/share/ament_cmake_flake8/cmake)
[3.315s] -- Found ament_cmake_pep257: 0.12.11 (/opt/ros/humble/share/ament_cmake_pep257/cmake)
[3.345s] -- Configuring done
[3.449s] -- Generating done
[3.453s] -- Build files have been written to: /home/hassan/ros-tuts/partrolbot_ws/build/turtlebot3_msgs
[3.479s] Invoked command in '/home/hassan/ros-tuts/partrolbot_ws/build/turtlebot3_msgs' returned '0': CMAKE_PREFIX_PATH=${CMAKE_PREFIX_PATH}:/home/hassan/ros-tuts/partrolbot_ws/install/turtlebot3_teleop:/home/hassan/ros-tuts/partrolbot_ws/install/turtlebot3_example:/home/hassan/ros-tuts/partrolbot_ws/install/tb3_sim:/opt/ros/humble /usr/bin/cmake /home/hassan/ros-tuts/partrolbot_ws/src/turtlebot3/turtlebot3_msgs -DAMENT_CMAKE_SYMLINK_INSTALL=1 -DCMAKE_INSTALL_PREFIX=/home/hassan/ros-tuts/partrolbot_ws/install/turtlebot3_msgs
[3.479s] Invoking command in '/home/hassan/ros-tuts/partrolbot_ws/build/turtlebot3_msgs': CMAKE_PREFIX_PATH=${CMAKE_PREFIX_PATH}:/home/hassan/ros-tuts/partrolbot_ws/install/turtlebot3_teleop:/home/hassan/ros-tuts/partrolbot_ws/install/turtlebot3_example:/home/hassan/ros-tuts/partrolbot_ws/install/tb3_sim:/opt/ros/humble /usr/bin/cmake --build /home/hassan/ros-tuts/partrolbot_ws/build/turtlebot3_msgs -- -j8 -l8
[3.548s] [  1%] [34m[1mGenerating C code for ROS interfaces[0m
[3.549s] [  2%] [34m[1mGenerating C++ code for ROS interfaces[0m
[3.585s] [  2%] Built target ament_cmake_python_symlink_turtlebot3_msgs
[4.158s] running egg_info
[4.162s] creating turtlebot3_msgs.egg-info
[4.164s] writing turtlebot3_msgs.egg-info/PKG-INFO
[4.166s] writing dependency_links to turtlebot3_msgs.egg-info/dependency_links.txt
[4.176s] writing top-level names to turtlebot3_msgs.egg-info/top_level.txt
[4.176s] writing manifest file 'turtlebot3_msgs.egg-info/SOURCES.txt'
[4.176s] reading manifest file 'turtlebot3_msgs.egg-info/SOURCES.txt'
[4.177s] writing manifest file 'turtlebot3_msgs.egg-info/SOURCES.txt'
[4.229s] [  2%] Built target ament_cmake_python_build_turtlebot3_msgs_egg
[5.405s] [  2%] Built target turtlebot3_msgs__cpp
[5.430s] [  4%] [34m[1mGenerating C++ introspection for ROS interfaces[0m
[5.433s] [  5%] [34m[1mGenerating C++ type support dispatch for ROS interfaces[0m
[5.441s] [  7%] [34m[1mGenerating C++ type support for eProsima Fast-RTPS[0m
[5.948s] [  8%] [32mBuilding C object CMakeFiles/turtlebot3_msgs__rosidl_generator_c.dir/rosidl_generator_c/turtlebot3_msgs/msg/detail/sensor_state__functions.c.o[0m
[5.955s] [  9%] [32mBuilding C object CMakeFiles/turtlebot3_msgs__rosidl_generator_c.dir/rosidl_generator_c/turtlebot3_msgs/msg/detail/sound__functions.c.o[0m
[5.961s] [ 11%] [32mBuilding C object CMakeFiles/turtlebot3_msgs__rosidl_generator_c.dir/rosidl_generator_c/turtlebot3_msgs/msg/detail/version_info__functions.c.o[0m
[5.966s] [ 12%] [32mBuilding C object CMakeFiles/turtlebot3_msgs__rosidl_generator_c.dir/rosidl_generator_c/turtlebot3_msgs/srv/detail/sound__functions.c.o[0m
[5.970s] [ 14%] [32mBuilding C object CMakeFiles/turtlebot3_msgs__rosidl_generator_c.dir/rosidl_generator_c/turtlebot3_msgs/srv/detail/dqn__functions.c.o[0m
[6.115s] [ 15%] [32mBuilding C object CMakeFiles/turtlebot3_msgs__rosidl_generator_c.dir/rosidl_generator_c/turtlebot3_msgs/action/detail/patrol__functions.c.o[0m
[6.343s] [ 16%] [32m[1mLinking C shared library libturtlebot3_msgs__rosidl_generator_c.so[0m
[6.458s] [ 16%] Built target turtlebot3_msgs__rosidl_generator_c
[6.481s] [ 18%] [34m[1mGenerating C introspection for ROS interfaces[0m
[6.484s] [ 19%] [34m[1mGenerating C type support dispatch for ROS interfaces[0m
[6.515s] [ 21%] [34m[1mGenerating C type support for eProsima Fast-RTPS[0m
[7.185s] [ 22%] [32mBuilding CXX object CMakeFiles/turtlebot3_msgs__rosidl_typesupport_introspection_cpp.dir/rosidl_typesupport_introspection_cpp/turtlebot3_msgs/msg/detail/sensor_state__type_support.cpp.o[0m
[7.189s] [ 23%] [32mBuilding CXX object CMakeFiles/turtlebot3_msgs__rosidl_typesupport_introspection_cpp.dir/rosidl_typesupport_introspection_cpp/turtlebot3_msgs/msg/detail/sound__type_support.cpp.o[0m
[7.197s] [ 25%] [32mBuilding CXX object CMakeFiles/turtlebot3_msgs__rosidl_typesupport_introspection_cpp.dir/rosidl_typesupport_introspection_cpp/turtlebot3_msgs/msg/detail/version_info__type_support.cpp.o[0m
[7.449s] [ 26%] [32mBuilding CXX object CMakeFiles/turtlebot3_msgs__rosidl_typesupport_cpp.dir/rosidl_typesupport_cpp/turtlebot3_msgs/msg/sensor_state__type_support.cpp.o[0m
[7.599s] [ 28%] [32mBuilding CXX object CMakeFiles/turtlebot3_msgs__rosidl_typesupport_fastrtps_cpp.dir/rosidl_typesupport_fastrtps_cpp/turtlebot3_msgs/msg/detail/dds_fastrtps/sensor_state__type_support.cpp.o[0m
[7.787s] [ 29%] [32mBuilding CXX object CMakeFiles/turtlebot3_msgs__rosidl_typesupport_introspection_cpp.dir/rosidl_typesupport_introspection_cpp/turtlebot3_msgs/srv/detail/sound__type_support.cpp.o[0m
[7.948s] [ 30%] [32mBuilding CXX object CMakeFiles/turtlebot3_msgs__rosidl_typesupport_cpp.dir/rosidl_typesupport_cpp/turtlebot3_msgs/msg/sound__type_support.cpp.o[0m
[8.153s] [ 32%] [32mBuilding CXX object CMakeFiles/turtlebot3_msgs__rosidl_typesupport_fastrtps_cpp.dir/rosidl_typesupport_fastrtps_cpp/turtlebot3_msgs/msg/detail/dds_fastrtps/sound__type_support.cpp.o[0m
[8.266s] [ 33%] [32mBuilding C object CMakeFiles/turtlebot3_msgs__rosidl_typesupport_introspection_c.dir/rosidl_typesupport_introspection_c/turtlebot3_msgs/msg/detail/sensor_state__type_support.c.o[0m
[8.275s] [ 35%] [32mBuilding CXX object CMakeFiles/turtlebot3_msgs__rosidl_typesupport_introspection_cpp.dir/rosidl_typesupport_introspection_cpp/turtlebot3_msgs/srv/detail/dqn__type_support.cpp.o[0m
[8.341s] [ 36%] [32mBuilding C object CMakeFiles/turtlebot3_msgs__rosidl_typesupport_introspection_c.dir/rosidl_typesupport_introspection_c/turtlebot3_msgs/msg/detail/sound__type_support.c.o[0m
[8.381s] [ 38%] [32mBuilding C object CMakeFiles/turtlebot3_msgs__rosidl_typesupport_introspection_c.dir/rosidl_typesupport_introspection_c/turtlebot3_msgs/msg/detail/version_info__type_support.c.o[0m
[8.420s] [ 39%] [32mBuilding C object CMakeFiles/turtlebot3_msgs__rosidl_typesupport_introspection_c.dir/rosidl_typesupport_introspection_c/turtlebot3_msgs/srv/detail/sound__type_support.c.o[0m
[8.452s] [ 40%] [32mBuilding CXX object CMakeFiles/turtlebot3_msgs__rosidl_typesupport_cpp.dir/rosidl_typesupport_cpp/turtlebot3_msgs/msg/version_info__type_support.cpp.o[0m
[8.499s] [ 42%] [32mBuilding CXX object CMakeFiles/turtlebot3_msgs__rosidl_typesupport_fastrtps_cpp.dir/rosidl_typesupport_fastrtps_cpp/turtlebot3_msgs/msg/detail/dds_fastrtps/version_info__type_support.cpp.o[0m
[8.500s] [ 43%] [32mBuilding C object CMakeFiles/turtlebot3_msgs__rosidl_typesupport_introspection_c.dir/rosidl_typesupport_introspection_c/turtlebot3_msgs/srv/detail/dqn__type_support.c.o[0m
[8.557s] [ 45%] [32mBuilding C object CMakeFiles/turtlebot3_msgs__rosidl_typesupport_introspection_c.dir/rosidl_typesupport_introspection_c/turtlebot3_msgs/action/detail/patrol__type_support.c.o[0m
[8.663s] [ 46%] [32m[1mLinking C shared library libturtlebot3_msgs__rosidl_typesupport_introspection_c.so[0m
[8.694s] [ 47%] [32mBuilding CXX object CMakeFiles/turtlebot3_msgs__rosidl_typesupport_introspection_cpp.dir/rosidl_typesupport_introspection_cpp/turtlebot3_msgs/action/detail/patrol__type_support.cpp.o[0m
[8.789s] [ 47%] Built target turtlebot3_msgs__rosidl_typesupport_introspection_c
[8.810s] [ 49%] [32mBuilding CXX object CMakeFiles/turtlebot3_msgs__rosidl_typesupport_fastrtps_cpp.dir/rosidl_typesupport_fastrtps_cpp/turtlebot3_msgs/srv/detail/dds_fastrtps/sound__type_support.cpp.o[0m
[8.987s] [ 50%] [32mBuilding CXX object CMakeFiles/turtlebot3_msgs__rosidl_typesupport_fastrtps_cpp.dir/rosidl_typesupport_fastrtps_cpp/turtlebot3_msgs/srv/detail/dds_fastrtps/dqn__type_support.cpp.o[0m
[9.076s] [ 52%] [32mBuilding CXX object CMakeFiles/turtlebot3_msgs__rosidl_typesupport_c.dir/rosidl_typesupport_c/turtlebot3_msgs/msg/sensor_state__type_support.cpp.o[0m
[9.131s] [ 53%] [32mBuilding CXX object CMakeFiles/turtlebot3_msgs__rosidl_typesupport_cpp.dir/rosidl_typesupport_cpp/turtlebot3_msgs/srv/sound__type_support.cpp.o[0m
[9.180s] [ 54%] [32mBuilding CXX object CMakeFiles/turtlebot3_msgs__rosidl_typesupport_c.dir/rosidl_typesupport_c/turtlebot3_msgs/msg/sound__type_support.cpp.o[0m
[9.297s] [ 56%] [32mBuilding CXX object CMakeFiles/turtlebot3_msgs__rosidl_typesupport_c.dir/rosidl_typesupport_c/turtlebot3_msgs/msg/version_info__type_support.cpp.o[0m
[9.331s] [ 57%] [32mBuilding CXX object CMakeFiles/turtlebot3_msgs__rosidl_typesupport_fastrtps_cpp.dir/rosidl_typesupport_fastrtps_cpp/turtlebot3_msgs/action/detail/dds_fastrtps/patrol__type_support.cpp.o[0m
[9.419s] [ 59%] [32mBuilding CXX object CMakeFiles/turtlebot3_msgs__rosidl_typesupport_c.dir/rosidl_typesupport_c/turtlebot3_msgs/srv/sound__type_support.cpp.o[0m
[9.507s] [ 60%] [32mBuilding CXX object CMakeFiles/turtlebot3_msgs__rosidl_typesupport_c.dir/rosidl_typesupport_c/turtlebot3_msgs/srv/dqn__type_support.cpp.o[0m
[9.603s] [ 61%] [32mBuilding CXX object CMakeFiles/turtlebot3_msgs__rosidl_typesupport_c.dir/rosidl_typesupport_c/turtlebot3_msgs/action/patrol__type_support.cpp.o[0m
[9.664s] [ 63%] [32mBuilding CXX object CMakeFiles/turtlebot3_msgs__rosidl_typesupport_cpp.dir/rosidl_typesupport_cpp/turtlebot3_msgs/srv/dqn__type_support.cpp.o[0m
[9.684s] [ 64%] [32m[1mLinking CXX shared library libturtlebot3_msgs__rosidl_typesupport_introspection_cpp.so[0m
[9.720s] [ 66%] [32m[1mLinking CXX shared library libturtlebot3_msgs__rosidl_typesupport_c.so[0m
[9.811s] [ 67%] [32mBuilding CXX object CMakeFiles/turtlebot3_msgs__rosidl_typesupport_cpp.dir/rosidl_typesupport_cpp/turtlebot3_msgs/action/patrol__type_support.cpp.o[0m
[9.850s] [ 67%] Built target turtlebot3_msgs__rosidl_typesupport_c
[9.904s] [ 69%] [32mBuilding CXX object CMakeFiles/turtlebot3_msgs__rosidl_typesupport_fastrtps_c.dir/rosidl_typesupport_fastrtps_c/turtlebot3_msgs/msg/detail/sensor_state__type_support_c.cpp.o[0m
[9.914s] [ 70%] [32mBuilding CXX object CMakeFiles/turtlebot3_msgs__rosidl_typesupport_fastrtps_c.dir/rosidl_typesupport_fastrtps_c/turtlebot3_msgs/msg/detail/sound__type_support_c.cpp.o[0m
[9.915s] [ 71%] [32mBuilding CXX object CMakeFiles/turtlebot3_msgs__rosidl_typesupport_fastrtps_c.dir/rosidl_typesupport_fastrtps_c/turtlebot3_msgs/msg/detail/version_info__type_support_c.cpp.o[0m
[9.921s] [ 71%] Built target turtlebot3_msgs__rosidl_typesupport_introspection_cpp
[9.947s] [ 73%] [32mBuilding CXX object CMakeFiles/turtlebot3_msgs__rosidl_typesupport_fastrtps_c.dir/rosidl_typesupport_fastrtps_c/turtlebot3_msgs/srv/detail/sound__type_support_c.cpp.o[0m
[10.088s] [ 74%] [32mBuilding CXX object CMakeFiles/turtlebot3_msgs__rosidl_typesupport_fastrtps_c.dir/rosidl_typesupport_fastrtps_c/turtlebot3_msgs/srv/detail/dqn__type_support_c.cpp.o[0m
[10.430s] [ 76%] [32mBuilding CXX object CMakeFiles/turtlebot3_msgs__rosidl_typesupport_fastrtps_c.dir/rosidl_typesupport_fastrtps_c/turtlebot3_msgs/action/detail/patrol__type_support_c.cpp.o[0m
[10.693s] [ 77%] [32m[1mLinking CXX shared library libturtlebot3_msgs__rosidl_typesupport_fastrtps_cpp.so[0m
[10.860s] [ 78%] [32m[1mLinking CXX shared library libturtlebot3_msgs__rosidl_typesupport_cpp.so[0m
[10.878s] [ 78%] Built target turtlebot3_msgs__rosidl_typesupport_fastrtps_cpp
[10.929s] [ 78%] Built target turtlebot3_msgs__rosidl_typesupport_cpp
[11.033s] [ 80%] [32m[1mLinking CXX shared library libturtlebot3_msgs__rosidl_typesupport_fastrtps_c.so[0m
[11.173s] [ 80%] Built target turtlebot3_msgs__rosidl_typesupport_fastrtps_c
[11.198s] [ 80%] Built target turtlebot3_msgs
[11.222s] [ 81%] [34m[1mGenerating Python code for ROS interfaces[0m
[13.899s] [ 81%] Built target turtlebot3_msgs__py
[13.934s] [ 84%] [32mBuilding C object CMakeFiles/turtlebot3_msgs__rosidl_generator_py.dir/rosidl_generator_py/turtlebot3_msgs/msg/_sensor_state_s.c.o[0m
[13.934s] [ 84%] [32mBuilding C object CMakeFiles/turtlebot3_msgs__rosidl_generator_py.dir/rosidl_generator_py/turtlebot3_msgs/srv/_sound_s.c.o[0m
[13.934s] [ 85%] [32mBuilding C object CMakeFiles/turtlebot3_msgs__rosidl_generator_py.dir/rosidl_generator_py/turtlebot3_msgs/msg/_version_info_s.c.o[0m
[13.936s] [ 87%] [32mBuilding C object CMakeFiles/turtlebot3_msgs__rosidl_generator_py.dir/rosidl_generator_py/turtlebot3_msgs/srv/_dqn_s.c.o[0m
[13.937s] [ 88%] [32mBuilding C object CMakeFiles/turtlebot3_msgs__rosidl_generator_py.dir/rosidl_generator_py/turtlebot3_msgs/msg/_sound_s.c.o[0m
[13.939s] [ 90%] [32mBuilding C object CMakeFiles/turtlebot3_msgs__rosidl_generator_py.dir/rosidl_generator_py/turtlebot3_msgs/action/_patrol_s.c.o[0m
[14.340s] [ 91%] [32m[1mLinking C shared library rosidl_generator_py/turtlebot3_msgs/libturtlebot3_msgs__rosidl_generator_py.so[0m
[14.459s] [ 91%] Built target turtlebot3_msgs__rosidl_generator_py
[14.536s] [ 92%] [32mBuilding C object CMakeFiles/turtlebot3_msgs__rosidl_typesupport_fastrtps_c__pyext.dir/rosidl_generator_py/turtlebot3_msgs/_turtlebot3_msgs_s.ep.rosidl_typesupport_fastrtps_c.c.o[0m
[14.543s] [ 94%] [32mBuilding C object CMakeFiles/turtlebot3_msgs__rosidl_typesupport_introspection_c__pyext.dir/rosidl_generator_py/turtlebot3_msgs/_turtlebot3_msgs_s.ep.rosidl_typesupport_introspection_c.c.o[0m
[14.544s] [ 95%] [32mBuilding C object CMakeFiles/turtlebot3_msgs__rosidl_typesupport_c__pyext.dir/rosidl_generator_py/turtlebot3_msgs/_turtlebot3_msgs_s.ep.rosidl_typesupport_c.c.o[0m
[14.857s] [ 97%] [32m[1mLinking C shared library rosidl_generator_py/turtlebot3_msgs/turtlebot3_msgs_s__rosidl_typesupport_c.cpython-310-x86_64-linux-gnu.so[0m
[14.967s] [ 98%] [32m[1mLinking C shared library rosidl_generator_py/turtlebot3_msgs/turtlebot3_msgs_s__rosidl_typesupport_fastrtps_c.cpython-310-x86_64-linux-gnu.so[0m
[14.988s] [ 98%] Built target turtlebot3_msgs__rosidl_typesupport_c__pyext
[15.058s] [ 98%] Built target turtlebot3_msgs__rosidl_typesupport_fastrtps_c__pyext
[15.068s] [100%] [32m[1mLinking C shared library rosidl_generator_py/turtlebot3_msgs/turtlebot3_msgs_s__rosidl_typesupport_introspection_c.cpython-310-x86_64-linux-gnu.so[0m
[15.149s] [100%] Built target turtlebot3_msgs__rosidl_typesupport_introspection_c__pyext
[15.185s] Invoked command in '/home/hassan/ros-tuts/partrolbot_ws/build/turtlebot3_msgs' returned '0': CMAKE_PREFIX_PATH=${CMAKE_PREFIX_PATH}:/home/hassan/ros-tuts/partrolbot_ws/install/turtlebot3_teleop:/home/hassan/ros-tuts/partrolbot_ws/install/turtlebot3_example:/home/hassan/ros-tuts/partrolbot_ws/install/tb3_sim:/opt/ros/humble /usr/bin/cmake --build /home/hassan/ros-tuts/partrolbot_ws/build/turtlebot3_msgs -- -j8 -l8
[15.543s] Invoking command in '/home/hassan/ros-tuts/partrolbot_ws/build/turtlebot3_msgs': CMAKE_PREFIX_PATH=${CMAKE_PREFIX_PATH}:/home/hassan/ros-tuts/partrolbot_ws/install/turtlebot3_teleop:/home/hassan/ros-tuts/partrolbot_ws/install/turtlebot3_example:/home/hassan/ros-tuts/partrolbot_ws/install/tb3_sim:/opt/ros/humble /usr/bin/cmake --install /home/hassan/ros-tuts/partrolbot_ws/build/turtlebot3_msgs
[15.552s] -- Install configuration: ""
[15.556s] -- Execute custom install script
[15.558s] -- Symlinking: /home/hassan/ros-tuts/partrolbot_ws/install/turtlebot3_msgs/share/ament_index/resource_index/rosidl_interfaces/turtlebot3_msgs
[15.582s] -- Symlinking: /home/hassan/ros-tuts/partrolbot_ws/install/turtlebot3_msgs/include/turtlebot3_msgs/turtlebot3_msgs/action/detail/patrol__functions.h
[15.598s] -- Symlinking: /home/hassan/ros-tuts/partrolbot_ws/install/turtlebot3_msgs/include/turtlebot3_msgs/turtlebot3_msgs/action/detail/patrol__struct.h
[15.613s] -- Symlinking: /home/hassan/ros-tuts/partrolbot_ws/install/turtlebot3_msgs/include/turtlebot3_msgs/turtlebot3_msgs/action/detail/patrol__type_support.h
[15.628s] -- Symlinking: /home/hassan/ros-tuts/partrolbot_ws/install/turtlebot3_msgs/include/turtlebot3_msgs/turtlebot3_msgs/action/patrol.h
[15.643s] -- Symlinking: /home/hassan/ros-tuts/partrolbot_ws/install/turtlebot3_msgs/include/turtlebot3_msgs/turtlebot3_msgs/msg/detail/sensor_state__functions.h
[15.660s] -- Symlinking: /home/hassan/ros-tuts/partrolbot_ws/install/turtlebot3_msgs/include/turtlebot3_msgs/turtlebot3_msgs/msg/detail/sensor_state__struct.h
[15.667s] -- Symlinking: /home/hassan/ros-tuts/partrolbot_ws/install/turtlebot3_msgs/include/turtlebot3_msgs/turtlebot3_msgs/msg/detail/sensor_state__type_support.h
[15.681s] -- Symlinking: /home/hassan/ros-tuts/partrolbot_ws/install/turtlebot3_msgs/include/turtlebot3_msgs/turtlebot3_msgs/msg/detail/sound__functions.h
[15.689s] -- Symlinking: /home/hassan/ros-tuts/partrolbot_ws/install/turtlebot3_msgs/include/turtlebot3_msgs/turtlebot3_msgs/msg/detail/sound__struct.h
[15.699s] -- Symlinking: /home/hassan/ros-tuts/partrolbot_ws/install/turtlebot3_msgs/include/turtlebot3_msgs/turtlebot3_msgs/msg/detail/sound__type_support.h
[15.713s] -- Symlinking: /home/hassan/ros-tuts/partrolbot_ws/install/turtlebot3_msgs/include/turtlebot3_msgs/turtlebot3_msgs/msg/detail/version_info__functions.h
[15.726s] -- Symlinking: /home/hassan/ros-tuts/partrolbot_ws/install/turtlebot3_msgs/include/turtlebot3_msgs/turtlebot3_msgs/msg/detail/version_info__struct.h
[15.736s] -- Symlinking: /home/hassan/ros-tuts/partrolbot_ws/install/turtlebot3_msgs/include/turtlebot3_msgs/turtlebot3_msgs/msg/detail/version_info__type_support.h
[15.752s] -- Symlinking: /home/hassan/ros-tuts/partrolbot_ws/install/turtlebot3_msgs/include/turtlebot3_msgs/turtlebot3_msgs/msg/rosidl_generator_c__visibility_control.h
[15.763s] -- Symlinking: /home/hassan/ros-tuts/partrolbot_ws/install/turtlebot3_msgs/include/turtlebot3_msgs/turtlebot3_msgs/msg/sensor_state.h
[15.776s] -- Symlinking: /home/hassan/ros-tuts/partrolbot_ws/install/turtlebot3_msgs/include/turtlebot3_msgs/turtlebot3_msgs/msg/sound.h
[15.791s] -- Symlinking: /home/hassan/ros-tuts/partrolbot_ws/install/turtlebot3_msgs/include/turtlebot3_msgs/turtlebot3_msgs/msg/version_info.h
[15.805s] -- Symlinking: /home/hassan/ros-tuts/partrolbot_ws/install/turtlebot3_msgs/include/turtlebot3_msgs/turtlebot3_msgs/srv/detail/dqn__functions.h
[15.819s] -- Symlinking: /home/hassan/ros-tuts/partrolbot_ws/install/turtlebot3_msgs/include/turtlebot3_msgs/turtlebot3_msgs/srv/detail/dqn__struct.h
[15.831s] -- Symlinking: /home/hassan/ros-tuts/partrolbot_ws/install/turtlebot3_msgs/include/turtlebot3_msgs/turtlebot3_msgs/srv/detail/dqn__type_support.h
[15.843s] -- Symlinking: /home/hassan/ros-tuts/partrolbot_ws/install/turtlebot3_msgs/include/turtlebot3_msgs/turtlebot3_msgs/srv/detail/sound__functions.h
[15.854s] -- Symlinking: /home/hassan/ros-tuts/partrolbot_ws/install/turtlebot3_msgs/include/turtlebot3_msgs/turtlebot3_msgs/srv/detail/sound__struct.h
[15.866s] -- Symlinking: /home/hassan/ros-tuts/partrolbot_ws/install/turtlebot3_msgs/include/turtlebot3_msgs/turtlebot3_msgs/srv/detail/sound__type_support.h
[15.878s] -- Symlinking: /home/hassan/ros-tuts/partrolbot_ws/install/turtlebot3_msgs/include/turtlebot3_msgs/turtlebot3_msgs/srv/dqn.h
[15.891s] -- Symlinking: /home/hassan/ros-tuts/partrolbot_ws/install/turtlebot3_msgs/include/turtlebot3_msgs/turtlebot3_msgs/srv/sound.h
[15.904s] -- Symlinking: /home/hassan/ros-tuts/partrolbot_ws/install/turtlebot3_msgs/share/turtlebot3_msgs/environment/library_path.sh
[15.928s] -- Symlinking: /home/hassan/ros-tuts/partrolbot_ws/install/turtlebot3_msgs/share/turtlebot3_msgs/environment/library_path.dsv
[15.944s] -- Symlinking: /home/hassan/ros-tuts/partrolbot_ws/install/turtlebot3_msgs/include/turtlebot3_msgs/turtlebot3_msgs/action/detail/patrol__rosidl_typesupport_fastrtps_c.h
[15.963s] -- Symlinking: /home/hassan/ros-tuts/partrolbot_ws/install/turtlebot3_msgs/include/turtlebot3_msgs/turtlebot3_msgs/msg/detail/sensor_state__rosidl_typesupport_fastrtps_c.h
[15.979s] -- Symlinking: /home/hassan/ros-tuts/partrolbot_ws/install/turtlebot3_msgs/include/turtlebot3_msgs/turtlebot3_msgs/msg/detail/sound__rosidl_typesupport_fastrtps_c.h
[15.997s] -- Symlinking: /home/hassan/ros-tuts/partrolbot_ws/install/turtlebot3_msgs/include/turtlebot3_msgs/turtlebot3_msgs/msg/detail/version_info__rosidl_typesupport_fastrtps_c.h
[16.017s] -- Symlinking: /home/hassan/ros-tuts/partrolbot_ws/install/turtlebot3_msgs/include/turtlebot3_msgs/turtlebot3_msgs/msg/rosidl_typesupport_fastrtps_c__visibility_control.h
[16.029s] -- Symlinking: /home/hassan/ros-tuts/partrolbot_ws/install/turtlebot3_msgs/include/turtlebot3_msgs/turtlebot3_msgs/srv/detail/dqn__rosidl_typesupport_fastrtps_c.h
[16.042s] -- Symlinking: /home/hassan/ros-tuts/partrolbot_ws/install/turtlebot3_msgs/include/turtlebot3_msgs/turtlebot3_msgs/srv/detail/sound__rosidl_typesupport_fastrtps_c.h
[16.055s] -- Symlinking: /home/hassan/ros-tuts/partrolbot_ws/install/turtlebot3_msgs/include/turtlebot3_msgs/turtlebot3_msgs/action/detail/patrol__builder.hpp
[16.066s] -- Symlinking: /home/hassan/ros-tuts/partrolbot_ws/install/turtlebot3_msgs/include/turtlebot3_msgs/turtlebot3_msgs/action/detail/patrol__struct.hpp
[16.078s] -- Symlinking: /home/hassan/ros-tuts/partrolbot_ws/install/turtlebot3_msgs/include/turtlebot3_msgs/turtlebot3_msgs/action/detail/patrol__traits.hpp
[16.089s] -- Symlinking: /home/hassan/ros-tuts/partrolbot_ws/install/turtlebot3_msgs/include/turtlebot3_msgs/turtlebot3_msgs/action/patrol.hpp
[16.100s] -- Symlinking: /home/hassan/ros-tuts/partrolbot_ws/install/turtlebot3_msgs/include/turtlebot3_msgs/turtlebot3_msgs/msg/detail/sensor_state__builder.hpp
[16.113s] -- Symlinking: /home/hassan/ros-tuts/partrolbot_ws/install/turtlebot3_msgs/include/turtlebot3_msgs/turtlebot3_msgs/msg/detail/sensor_state__struct.hpp
[16.127s] -- Symlinking: /home/hassan/ros-tuts/partrolbot_ws/install/turtlebot3_msgs/include/turtlebot3_msgs/turtlebot3_msgs/msg/detail/sensor_state__traits.hpp
[16.138s] -- Symlinking: /home/hassan/ros-tuts/partrolbot_ws/install/turtlebot3_msgs/include/turtlebot3_msgs/turtlebot3_msgs/msg/detail/sound__builder.hpp
[16.155s] -- Symlinking: /home/hassan/ros-tuts/partrolbot_ws/install/turtlebot3_msgs/include/turtlebot3_msgs/turtlebot3_msgs/msg/detail/sound__struct.hpp
[16.165s] -- Symlinking: /home/hassan/ros-tuts/partrolbot_ws/install/turtlebot3_msgs/include/turtlebot3_msgs/turtlebot3_msgs/msg/detail/sound__traits.hpp
[16.177s] -- Symlinking: /home/hassan/ros-tuts/partrolbot_ws/install/turtlebot3_msgs/include/turtlebot3_msgs/turtlebot3_msgs/msg/detail/version_info__builder.hpp
[16.188s] -- Symlinking: /home/hassan/ros-tuts/partrolbot_ws/install/turtlebot3_msgs/include/turtlebot3_msgs/turtlebot3_msgs/msg/detail/version_info__struct.hpp
[16.199s] -- Symlinking: /home/hassan/ros-tuts/partrolbot_ws/install/turtlebot3_msgs/include/turtlebot3_msgs/turtlebot3_msgs/msg/detail/version_info__traits.hpp
[16.230s] -- Symlinking: /home/hassan/ros-tuts/partrolbot_ws/install/turtlebot3_msgs/include/turtlebot3_msgs/turtlebot3_msgs/msg/sensor_state.hpp
[16.240s] -- Symlinking: /home/hassan/ros-tuts/partrolbot_ws/install/turtlebot3_msgs/include/turtlebot3_msgs/turtlebot3_msgs/msg/sound.hpp
[16.252s] -- Symlinking: /home/hassan/ros-tuts/partrolbot_ws/install/turtlebot3_msgs/include/turtlebot3_msgs/turtlebot3_msgs/msg/version_info.hpp
[16.263s] -- Symlinking: /home/hassan/ros-tuts/partrolbot_ws/install/turtlebot3_msgs/include/turtlebot3_msgs/turtlebot3_msgs/srv/detail/dqn__builder.hpp
[16.274s] -- Symlinking: /home/hassan/ros-tuts/partrolbot_ws/install/turtlebot3_msgs/include/turtlebot3_msgs/turtlebot3_msgs/srv/detail/dqn__struct.hpp
[16.285s] -- Symlinking: /home/hassan/ros-tuts/partrolbot_ws/install/turtlebot3_msgs/include/turtlebot3_msgs/turtlebot3_msgs/srv/detail/dqn__traits.hpp
[16.297s] -- Symlinking: /home/hassan/ros-tuts/partrolbot_ws/install/turtlebot3_msgs/include/turtlebot3_msgs/turtlebot3_msgs/srv/detail/sound__builder.hpp
[16.310s] -- Symlinking: /home/hassan/ros-tuts/partrolbot_ws/install/turtlebot3_msgs/include/turtlebot3_msgs/turtlebot3_msgs/srv/detail/sound__struct.hpp
[16.322s] -- Symlinking: /home/hassan/ros-tuts/partrolbot_ws/install/turtlebot3_msgs/include/turtlebot3_msgs/turtlebot3_msgs/srv/detail/sound__traits.hpp
[16.334s] -- Symlinking: /home/hassan/ros-tuts/partrolbot_ws/install/turtlebot3_msgs/include/turtlebot3_msgs/turtlebot3_msgs/srv/dqn.hpp
[16.346s] -- Symlinking: /home/hassan/ros-tuts/partrolbot_ws/install/turtlebot3_msgs/include/turtlebot3_msgs/turtlebot3_msgs/srv/sound.hpp
[16.360s] -- Symlinking: /home/hassan/ros-tuts/partrolbot_ws/install/turtlebot3_msgs/include/turtlebot3_msgs/turtlebot3_msgs/action/detail/patrol__rosidl_typesupport_fastrtps_cpp.hpp
[16.373s] -- Symlinking: /home/hassan/ros-tuts/partrolbot_ws/install/turtlebot3_msgs/include/turtlebot3_msgs/turtlebot3_msgs/msg/detail/sensor_state__rosidl_typesupport_fastrtps_cpp.hpp
[16.385s] -- Symlinking: /home/hassan/ros-tuts/partrolbot_ws/install/turtlebot3_msgs/include/turtlebot3_msgs/turtlebot3_msgs/msg/detail/sound__rosidl_typesupport_fastrtps_cpp.hpp
[16.396s] -- Symlinking: /home/hassan/ros-tuts/partrolbot_ws/install/turtlebot3_msgs/include/turtlebot3_msgs/turtlebot3_msgs/msg/detail/version_info__rosidl_typesupport_fastrtps_cpp.hpp
[16.408s] -- Symlinking: /home/hassan/ros-tuts/partrolbot_ws/install/turtlebot3_msgs/include/turtlebot3_msgs/turtlebot3_msgs/msg/rosidl_typesupport_fastrtps_cpp__visibility_control.h
[16.421s] -- Symlinking: /home/hassan/ros-tuts/partrolbot_ws/install/turtlebot3_msgs/include/turtlebot3_msgs/turtlebot3_msgs/srv/detail/dqn__rosidl_typesupport_fastrtps_cpp.hpp
[16.435s] -- Symlinking: /home/hassan/ros-tuts/partrolbot_ws/install/turtlebot3_msgs/include/turtlebot3_msgs/turtlebot3_msgs/srv/detail/sound__rosidl_typesupport_fastrtps_cpp.hpp
[16.447s] -- Symlinking: /home/hassan/ros-tuts/partrolbot_ws/install/turtlebot3_msgs/include/turtlebot3_msgs/turtlebot3_msgs/action/detail/patrol__rosidl_typesupport_introspection_c.h
[16.458s] -- Symlinking: /home/hassan/ros-tuts/partrolbot_ws/install/turtlebot3_msgs/include/turtlebot3_msgs/turtlebot3_msgs/msg/detail/sensor_state__rosidl_typesupport_introspection_c.h
[16.472s] -- Symlinking: /home/hassan/ros-tuts/partrolbot_ws/install/turtlebot3_msgs/include/turtlebot3_msgs/turtlebot3_msgs/msg/detail/sound__rosidl_typesupport_introspection_c.h
[16.483s] -- Symlinking: /home/hassan/ros-tuts/partrolbot_ws/install/turtlebot3_msgs/include/turtlebot3_msgs/turtlebot3_msgs/msg/detail/version_info__rosidl_typesupport_introspection_c.h
[16.494s] -- Symlinking: /home/hassan/ros-tuts/partrolbot_ws/install/turtlebot3_msgs/include/turtlebot3_msgs/turtlebot3_msgs/msg/rosidl_typesupport_introspection_c__visibility_control.h
[16.507s] -- Symlinking: /home/hassan/ros-tuts/partrolbot_ws/install/turtlebot3_msgs/include/turtlebot3_msgs/turtlebot3_msgs/srv/detail/dqn__rosidl_typesupport_introspection_c.h
[16.516s] -- Symlinking: /home/hassan/ros-tuts/partrolbot_ws/install/turtlebot3_msgs/include/turtlebot3_msgs/turtlebot3_msgs/srv/detail/sound__rosidl_typesupport_introspection_c.h
[16.530s] -- Symlinking: /home/hassan/ros-tuts/partrolbot_ws/install/turtlebot3_msgs/include/turtlebot3_msgs/turtlebot3_msgs/action/detail/patrol__rosidl_typesupport_introspection_cpp.hpp
[16.554s] -- Symlinking: /home/hassan/ros-tuts/partrolbot_ws/install/turtlebot3_msgs/include/turtlebot3_msgs/turtlebot3_msgs/msg/detail/sensor_state__rosidl_typesupport_introspection_cpp.hpp
[16.561s] -- Symlinking: /home/hassan/ros-tuts/partrolbot_ws/install/turtlebot3_msgs/include/turtlebot3_msgs/turtlebot3_msgs/msg/detail/sound__rosidl_typesupport_introspection_cpp.hpp
[16.572s] -- Symlinking: /home/hassan/ros-tuts/partrolbot_ws/install/turtlebot3_msgs/include/turtlebot3_msgs/turtlebot3_msgs/msg/detail/version_info__rosidl_typesupport_introspection_cpp.hpp
[16.587s] -- Symlinking: /home/hassan/ros-tuts/partrolbot_ws/install/turtlebot3_msgs/include/turtlebot3_msgs/turtlebot3_msgs/srv/detail/dqn__rosidl_typesupport_introspection_cpp.hpp
[16.598s] -- Symlinking: /home/hassan/ros-tuts/partrolbot_ws/install/turtlebot3_msgs/include/turtlebot3_msgs/turtlebot3_msgs/srv/detail/sound__rosidl_typesupport_introspection_cpp.hpp
[16.609s] -- Symlinking: /home/hassan/ros-tuts/partrolbot_ws/install/turtlebot3_msgs/share/turtlebot3_msgs/environment/pythonpath.sh
[16.619s] -- Symlinking: /home/hassan/ros-tuts/partrolbot_ws/install/turtlebot3_msgs/share/turtlebot3_msgs/environment/pythonpath.dsv
[16.628s] -- Symlinking: /home/hassan/ros-tuts/partrolbot_ws/install/turtlebot3_msgs/local/lib/python3.10/dist-packages/turtlebot3_msgs-2.2.3-py3.10.egg-info/PKG-INFO
[16.639s] -- Symlinking: /home/hassan/ros-tuts/partrolbot_ws/install/turtlebot3_msgs/local/lib/python3.10/dist-packages/turtlebot3_msgs-2.2.3-py3.10.egg-info/SOURCES.txt
[16.649s] -- Symlinking: /home/hassan/ros-tuts/partrolbot_ws/install/turtlebot3_msgs/local/lib/python3.10/dist-packages/turtlebot3_msgs-2.2.3-py3.10.egg-info/dependency_links.txt
[16.659s] -- Symlinking: /home/hassan/ros-tuts/partrolbot_ws/install/turtlebot3_msgs/local/lib/python3.10/dist-packages/turtlebot3_msgs-2.2.3-py3.10.egg-info/top_level.txt
[16.669s] -- Symlinking: /home/hassan/ros-tuts/partrolbot_ws/install/turtlebot3_msgs/local/lib/python3.10/dist-packages/turtlebot3_msgs/__init__.py
[16.680s] -- Symlinking: /home/hassan/ros-tuts/partrolbot_ws/install/turtlebot3_msgs/local/lib/python3.10/dist-packages/turtlebot3_msgs/_turtlebot3_msgs_s.ep.rosidl_typesupport_c.c
[16.689s] -- Symlinking: /home/hassan/ros-tuts/partrolbot_ws/install/turtlebot3_msgs/local/lib/python3.10/dist-packages/turtlebot3_msgs/_turtlebot3_msgs_s.ep.rosidl_typesupport_fastrtps_c.c
[16.699s] -- Symlinking: /home/hassan/ros-tuts/partrolbot_ws/install/turtlebot3_msgs/local/lib/python3.10/dist-packages/turtlebot3_msgs/_turtlebot3_msgs_s.ep.rosidl_typesupport_introspection_c.c
[16.707s] -- Symlinking: /home/hassan/ros-tuts/partrolbot_ws/install/turtlebot3_msgs/local/lib/python3.10/dist-packages/turtlebot3_msgs/action/__init__.py
[16.719s] -- Symlinking: /home/hassan/ros-tuts/partrolbot_ws/install/turtlebot3_msgs/local/lib/python3.10/dist-packages/turtlebot3_msgs/action/_patrol.py
[16.732s] -- Symlinking: /home/hassan/ros-tuts/partrolbot_ws/install/turtlebot3_msgs/local/lib/python3.10/dist-packages/turtlebot3_msgs/action/_patrol_s.c
[16.747s] -- Symlinking: /home/hassan/ros-tuts/partrolbot_ws/install/turtlebot3_msgs/local/lib/python3.10/dist-packages/turtlebot3_msgs/libturtlebot3_msgs__rosidl_generator_py.so
[16.756s] -- Symlinking: /home/hassan/ros-tuts/partrolbot_ws/install/turtlebot3_msgs/local/lib/python3.10/dist-packages/turtlebot3_msgs/msg/__init__.py
[16.769s] -- Symlinking: /home/hassan/ros-tuts/partrolbot_ws/install/turtlebot3_msgs/local/lib/python3.10/dist-packages/turtlebot3_msgs/msg/_sensor_state.py
[16.780s] -- Symlinking: /home/hassan/ros-tuts/partrolbot_ws/install/turtlebot3_msgs/local/lib/python3.10/dist-packages/turtlebot3_msgs/msg/_sensor_state_s.c
[16.790s] -- Symlinking: /home/hassan/ros-tuts/partrolbot_ws/install/turtlebot3_msgs/local/lib/python3.10/dist-packages/turtlebot3_msgs/msg/_sound.py
[16.799s] -- Symlinking: /home/hassan/ros-tuts/partrolbot_ws/install/turtlebot3_msgs/local/lib/python3.10/dist-packages/turtlebot3_msgs/msg/_sound_s.c
[16.808s] -- Symlinking: /home/hassan/ros-tuts/partrolbot_ws/install/turtlebot3_msgs/local/lib/python3.10/dist-packages/turtlebot3_msgs/msg/_version_info.py
[16.826s] -- Symlinking: /home/hassan/ros-tuts/partrolbot_ws/install/turtlebot3_msgs/local/lib/python3.10/dist-packages/turtlebot3_msgs/msg/_version_info_s.c
[16.835s] -- Symlinking: /home/hassan/ros-tuts/partrolbot_ws/install/turtlebot3_msgs/local/lib/python3.10/dist-packages/turtlebot3_msgs/srv/__init__.py
[16.844s] -- Symlinking: /home/hassan/ros-tuts/partrolbot_ws/install/turtlebot3_msgs/local/lib/python3.10/dist-packages/turtlebot3_msgs/srv/_dqn.py
[16.853s] -- Symlinking: /home/hassan/ros-tuts/partrolbot_ws/install/turtlebot3_msgs/local/lib/python3.10/dist-packages/turtlebot3_msgs/srv/_dqn_s.c
[16.871s] -- Symlinking: /home/hassan/ros-tuts/partrolbot_ws/install/turtlebot3_msgs/local/lib/python3.10/dist-packages/turtlebot3_msgs/srv/_sound.py
[16.886s] -- Symlinking: /home/hassan/ros-tuts/partrolbot_ws/install/turtlebot3_msgs/local/lib/python3.10/dist-packages/turtlebot3_msgs/srv/_sound_s.c
[16.897s] -- Symlinking: /home/hassan/ros-tuts/partrolbot_ws/install/turtlebot3_msgs/local/lib/python3.10/dist-packages/turtlebot3_msgs/turtlebot3_msgs_s__rosidl_typesupport_c.cpython-310-x86_64-linux-gnu.so
[16.908s] -- Symlinking: /home/hassan/ros-tuts/partrolbot_ws/install/turtlebot3_msgs/local/lib/python3.10/dist-packages/turtlebot3_msgs/turtlebot3_msgs_s__rosidl_typesupport_fastrtps_c.cpython-310-x86_64-linux-gnu.so
[16.918s] -- Symlinking: /home/hassan/ros-tuts/partrolbot_ws/install/turtlebot3_msgs/local/lib/python3.10/dist-packages/turtlebot3_msgs/turtlebot3_msgs_s__rosidl_typesupport_introspection_c.cpython-310-x86_64-linux-gnu.so
[16.927s] -- Up-to-date symlink: /home/hassan/ros-tuts/partrolbot_ws/install/turtlebot3_msgs/local/lib/python3.10/dist-packages/turtlebot3_msgs/turtlebot3_msgs_s__rosidl_typesupport_fastrtps_c.cpython-310-x86_64-linux-gnu.so
[16.928s] -- Up-to-date symlink: /home/hassan/ros-tuts/partrolbot_ws/install/turtlebot3_msgs/local/lib/python3.10/dist-packages/turtlebot3_msgs/turtlebot3_msgs_s__rosidl_typesupport_introspection_c.cpython-310-x86_64-linux-gnu.so
[16.928s] -- Up-to-date symlink: /home/hassan/ros-tuts/partrolbot_ws/install/turtlebot3_msgs/local/lib/python3.10/dist-packages/turtlebot3_msgs/turtlebot3_msgs_s__rosidl_typesupport_c.cpython-310-x86_64-linux-gnu.so
[16.929s] -- Symlinking: /home/hassan/ros-tuts/partrolbot_ws/install/turtlebot3_msgs/share/turtlebot3_msgs/msg/SensorState.idl
[16.939s] -- Symlinking: /home/hassan/ros-tuts/partrolbot_ws/install/turtlebot3_msgs/share/turtlebot3_msgs/msg/Sound.idl
[16.949s] -- Symlinking: /home/hassan/ros-tuts/partrolbot_ws/install/turtlebot3_msgs/share/turtlebot3_msgs/msg/VersionInfo.idl
[16.959s] -- Symlinking: /home/hassan/ros-tuts/partrolbot_ws/install/turtlebot3_msgs/share/turtlebot3_msgs/srv/Sound.idl
[16.977s] -- Symlinking: /home/hassan/ros-tuts/partrolbot_ws/install/turtlebot3_msgs/share/turtlebot3_msgs/srv/Dqn.idl
[16.989s] -- Symlinking: /home/hassan/ros-tuts/partrolbot_ws/install/turtlebot3_msgs/share/turtlebot3_msgs/action/Patrol.idl
[16.998s] -- Symlinking: /home/hassan/ros-tuts/partrolbot_ws/install/turtlebot3_msgs/share/turtlebot3_msgs/msg/SensorState.msg
[17.009s] -- Symlinking: /home/hassan/ros-tuts/partrolbot_ws/install/turtlebot3_msgs/share/turtlebot3_msgs/msg/Sound.msg
[17.021s] -- Symlinking: /home/hassan/ros-tuts/partrolbot_ws/install/turtlebot3_msgs/share/turtlebot3_msgs/msg/VersionInfo.msg
[17.037s] -- Symlinking: /home/hassan/ros-tuts/partrolbot_ws/install/turtlebot3_msgs/share/turtlebot3_msgs/srv/Sound.srv
[17.045s] -- Symlinking: /home/hassan/ros-tuts/partrolbot_ws/install/turtlebot3_msgs/share/turtlebot3_msgs/srv/Sound_Request.msg
[17.056s] -- Symlinking: /home/hassan/ros-tuts/partrolbot_ws/install/turtlebot3_msgs/share/turtlebot3_msgs/srv/Sound_Response.msg
[17.067s] -- Symlinking: /home/hassan/ros-tuts/partrolbot_ws/install/turtlebot3_msgs/share/turtlebot3_msgs/srv/Dqn.srv
[17.079s] -- Symlinking: /home/hassan/ros-tuts/partrolbot_ws/install/turtlebot3_msgs/share/turtlebot3_msgs/srv/Dqn_Request.msg
[17.089s] -- Symlinking: /home/hassan/ros-tuts/partrolbot_ws/install/turtlebot3_msgs/share/turtlebot3_msgs/srv/Dqn_Response.msg
[17.099s] -- Symlinking: /home/hassan/ros-tuts/partrolbot_ws/install/turtlebot3_msgs/share/turtlebot3_msgs/action/Patrol.action
[17.113s] -- Symlinking: /home/hassan/ros-tuts/partrolbot_ws/install/turtlebot3_msgs/share/ament_index/resource_index/package_run_dependencies/turtlebot3_msgs
[17.131s] -- Symlinking: /home/hassan/ros-tuts/partrolbot_ws/install/turtlebot3_msgs/share/ament_index/resource_index/parent_prefix_path/turtlebot3_msgs
[17.143s] -- Symlinking: /home/hassan/ros-tuts/partrolbot_ws/install/turtlebot3_msgs/share/turtlebot3_msgs/environment/ament_prefix_path.sh
[17.161s] -- Symlinking: /home/hassan/ros-tuts/partrolbot_ws/install/turtlebot3_msgs/share/turtlebot3_msgs/environment/ament_prefix_path.dsv
[17.176s] -- Symlinking: /home/hassan/ros-tuts/partrolbot_ws/install/turtlebot3_msgs/share/turtlebot3_msgs/environment/path.sh
[17.191s] -- Symlinking: /home/hassan/ros-tuts/partrolbot_ws/install/turtlebot3_msgs/share/turtlebot3_msgs/environment/path.dsv
[17.204s] -- Symlinking: /home/hassan/ros-tuts/partrolbot_ws/install/turtlebot3_msgs/share/turtlebot3_msgs/local_setup.bash
[17.222s] -- Symlinking: /home/hassan/ros-tuts/partrolbot_ws/install/turtlebot3_msgs/share/turtlebot3_msgs/local_setup.sh
[17.238s] -- Symlinking: /home/hassan/ros-tuts/partrolbot_ws/install/turtlebot3_msgs/share/turtlebot3_msgs/local_setup.zsh
[17.335s] -- Symlinking: /home/hassan/ros-tuts/partrolbot_ws/install/turtlebot3_msgs/share/turtlebot3_msgs/local_setup.dsv
[17.342s] -- Symlinking: /home/hassan/ros-tuts/partrolbot_ws/install/turtlebot3_msgs/share/turtlebot3_msgs/package.dsv
[17.349s] -- Symlinking: /home/hassan/ros-tuts/partrolbot_ws/install/turtlebot3_msgs/share/ament_index/resource_index/packages/turtlebot3_msgs
[17.356s] -- Symlinking: /home/hassan/ros-tuts/partrolbot_ws/install/turtlebot3_msgs/share/turtlebot3_msgs/cmake/rosidl_cmake-extras.cmake
[17.363s] -- Symlinking: /home/hassan/ros-tuts/partrolbot_ws/install/turtlebot3_msgs/share/turtlebot3_msgs/cmake/ament_cmake_export_dependencies-extras.cmake
[17.371s] -- Symlinking: /home/hassan/ros-tuts/partrolbot_ws/install/turtlebot3_msgs/share/turtlebot3_msgs/cmake/ament_cmake_export_include_directories-extras.cmake
[17.379s] -- Symlinking: /home/hassan/ros-tuts/partrolbot_ws/install/turtlebot3_msgs/share/turtlebot3_msgs/cmake/ament_cmake_export_libraries-extras.cmake
[17.391s] -- Symlinking: /home/hassan/ros-tuts/partrolbot_ws/install/turtlebot3_msgs/share/turtlebot3_msgs/cmake/ament_cmake_export_targets-extras.cmake
[17.430s] -- Symlinking: /home/hassan/ros-tuts/partrolbot_ws/install/turtlebot3_msgs/share/turtlebot3_msgs/cmake/rosidl_cmake_export_typesupport_targets-extras.cmake
[17.447s] -- Symlinking: /home/hassan/ros-tuts/partrolbot_ws/install/turtlebot3_msgs/share/turtlebot3_msgs/cmake/rosidl_cmake_export_typesupport_libraries-extras.cmake
[17.460s] -- Symlinking: /home/hassan/ros-tuts/partrolbot_ws/install/turtlebot3_msgs/share/turtlebot3_msgs/cmake/turtlebot3_msgsConfig.cmake
[17.477s] -- Symlinking: /home/hassan/ros-tuts/partrolbot_ws/install/turtlebot3_msgs/share/turtlebot3_msgs/cmake/turtlebot3_msgsConfig-version.cmake
[17.487s] -- Symlinking: /home/hassan/ros-tuts/partrolbot_ws/install/turtlebot3_msgs/share/turtlebot3_msgs/package.xml
[17.500s] -- Installing: /home/hassan/ros-tuts/partrolbot_ws/install/turtlebot3_msgs/lib/libturtlebot3_msgs__rosidl_generator_c.so
[17.500s] -- Set runtime path of "/home/hassan/ros-tuts/partrolbot_ws/install/turtlebot3_msgs/lib/libturtlebot3_msgs__rosidl_generator_c.so" to ""
[17.500s] -- Installing: /home/hassan/ros-tuts/partrolbot_ws/install/turtlebot3_msgs/lib/libturtlebot3_msgs__rosidl_typesupport_fastrtps_c.so
[17.501s] -- Set runtime path of "/home/hassan/ros-tuts/partrolbot_ws/install/turtlebot3_msgs/lib/libturtlebot3_msgs__rosidl_typesupport_fastrtps_c.so" to ""
[17.501s] -- Installing: /home/hassan/ros-tuts/partrolbot_ws/install/turtlebot3_msgs/lib/libturtlebot3_msgs__rosidl_typesupport_fastrtps_cpp.so
[17.501s] -- Set runtime path of "/home/hassan/ros-tuts/partrolbot_ws/install/turtlebot3_msgs/lib/libturtlebot3_msgs__rosidl_typesupport_fastrtps_cpp.so" to ""
[17.501s] -- Installing: /home/hassan/ros-tuts/partrolbot_ws/install/turtlebot3_msgs/lib/libturtlebot3_msgs__rosidl_typesupport_introspection_c.so
[17.506s] -- Set runtime path of "/home/hassan/ros-tuts/partrolbot_ws/install/turtlebot3_msgs/lib/libturtlebot3_msgs__rosidl_typesupport_introspection_c.so" to ""
[17.506s] -- Installing: /home/hassan/ros-tuts/partrolbot_ws/install/turtlebot3_msgs/lib/libturtlebot3_msgs__rosidl_typesupport_c.so
[17.506s] -- Set runtime path of "/home/hassan/ros-tuts/partrolbot_ws/install/turtlebot3_msgs/lib/libturtlebot3_msgs__rosidl_typesupport_c.so" to ""
[17.506s] -- Installing: /home/hassan/ros-tuts/partrolbot_ws/install/turtlebot3_msgs/lib/libturtlebot3_msgs__rosidl_typesupport_introspection_cpp.so
[17.507s] -- Set runtime path of "/home/hassan/ros-tuts/partrolbot_ws/install/turtlebot3_msgs/lib/libturtlebot3_msgs__rosidl_typesupport_introspection_cpp.so" to ""
[17.507s] -- Installing: /home/hassan/ros-tuts/partrolbot_ws/install/turtlebot3_msgs/lib/libturtlebot3_msgs__rosidl_typesupport_cpp.so
[17.507s] -- Set runtime path of "/home/hassan/ros-tuts/partrolbot_ws/install/turtlebot3_msgs/lib/libturtlebot3_msgs__rosidl_typesupport_cpp.so" to ""
[17.568s] Listing '/home/hassan/ros-tuts/partrolbot_ws/install/turtlebot3_msgs/local/lib/python3.10/dist-packages/turtlebot3_msgs'...
[17.568s] Compiling '/home/hassan/ros-tuts/partrolbot_ws/install/turtlebot3_msgs/local/lib/python3.10/dist-packages/turtlebot3_msgs/__init__.py'...
[17.568s] Listing '/home/hassan/ros-tuts/partrolbot_ws/install/turtlebot3_msgs/local/lib/python3.10/dist-packages/turtlebot3_msgs/action'...
[17.568s] Compiling '/home/hassan/ros-tuts/partrolbot_ws/install/turtlebot3_msgs/local/lib/python3.10/dist-packages/turtlebot3_msgs/action/__init__.py'...
[17.568s] Compiling '/home/hassan/ros-tuts/partrolbot_ws/install/turtlebot3_msgs/local/lib/python3.10/dist-packages/turtlebot3_msgs/action/_patrol.py'...
[17.568s] Listing '/home/hassan/ros-tuts/partrolbot_ws/install/turtlebot3_msgs/local/lib/python3.10/dist-packages/turtlebot3_msgs/msg'...
[17.568s] Compiling '/home/hassan/ros-tuts/partrolbot_ws/install/turtlebot3_msgs/local/lib/python3.10/dist-packages/turtlebot3_msgs/msg/__init__.py'...
[17.568s] Compiling '/home/hassan/ros-tuts/partrolbot_ws/install/turtlebot3_msgs/local/lib/python3.10/dist-packages/turtlebot3_msgs/msg/_sensor_state.py'...
[17.568s] Compiling '/home/hassan/ros-tuts/partrolbot_ws/install/turtlebot3_msgs/local/lib/python3.10/dist-packages/turtlebot3_msgs/msg/_sound.py'...
[17.569s] Compiling '/home/hassan/ros-tuts/partrolbot_ws/install/turtlebot3_msgs/local/lib/python3.10/dist-packages/turtlebot3_msgs/msg/_version_info.py'...
[17.569s] Listing '/home/hassan/ros-tuts/partrolbot_ws/install/turtlebot3_msgs/local/lib/python3.10/dist-packages/turtlebot3_msgs/srv'...
[17.569s] Compiling '/home/hassan/ros-tuts/partrolbot_ws/install/turtlebot3_msgs/local/lib/python3.10/dist-packages/turtlebot3_msgs/srv/__init__.py'...
[17.569s] Compiling '/home/hassan/ros-tuts/partrolbot_ws/install/turtlebot3_msgs/local/lib/python3.10/dist-packages/turtlebot3_msgs/srv/_dqn.py'...
[17.569s] Compiling '/home/hassan/ros-tuts/partrolbot_ws/install/turtlebot3_msgs/local/lib/python3.10/dist-packages/turtlebot3_msgs/srv/_sound.py'...
[17.575s] -- Installing: /home/hassan/ros-tuts/partrolbot_ws/install/turtlebot3_msgs/lib/libturtlebot3_msgs__rosidl_generator_py.so
[17.575s] -- Set runtime path of "/home/hassan/ros-tuts/partrolbot_ws/install/turtlebot3_msgs/lib/libturtlebot3_msgs__rosidl_generator_py.so" to ""
[17.576s] -- Installing: /home/hassan/ros-tuts/partrolbot_ws/install/turtlebot3_msgs/share/turtlebot3_msgs/cmake/export_turtlebot3_msgs__rosidl_generator_cExport.cmake
[17.576s] -- Installing: /home/hassan/ros-tuts/partrolbot_ws/install/turtlebot3_msgs/share/turtlebot3_msgs/cmake/export_turtlebot3_msgs__rosidl_generator_cExport-noconfig.cmake
[17.576s] -- Installing: /home/hassan/ros-tuts/partrolbot_ws/install/turtlebot3_msgs/share/turtlebot3_msgs/cmake/export_turtlebot3_msgs__rosidl_typesupport_fastrtps_cExport.cmake
[17.576s] -- Installing: /home/hassan/ros-tuts/partrolbot_ws/install/turtlebot3_msgs/share/turtlebot3_msgs/cmake/export_turtlebot3_msgs__rosidl_typesupport_fastrtps_cExport-noconfig.cmake
[17.576s] -- Installing: /home/hassan/ros-tuts/partrolbot_ws/install/turtlebot3_msgs/share/turtlebot3_msgs/cmake/export_turtlebot3_msgs__rosidl_generator_cppExport.cmake
[17.576s] -- Installing: /home/hassan/ros-tuts/partrolbot_ws/install/turtlebot3_msgs/share/turtlebot3_msgs/cmake/export_turtlebot3_msgs__rosidl_typesupport_fastrtps_cppExport.cmake
[17.576s] -- Installing: /home/hassan/ros-tuts/partrolbot_ws/install/turtlebot3_msgs/share/turtlebot3_msgs/cmake/export_turtlebot3_msgs__rosidl_typesupport_fastrtps_cppExport-noconfig.cmake
[17.576s] -- Installing: /home/hassan/ros-tuts/partrolbot_ws/install/turtlebot3_msgs/share/turtlebot3_msgs/cmake/turtlebot3_msgs__rosidl_typesupport_introspection_cExport.cmake
[17.577s] -- Installing: /home/hassan/ros-tuts/partrolbot_ws/install/turtlebot3_msgs/share/turtlebot3_msgs/cmake/turtlebot3_msgs__rosidl_typesupport_introspection_cExport-noconfig.cmake
[17.577s] -- Installing: /home/hassan/ros-tuts/partrolbot_ws/install/turtlebot3_msgs/share/turtlebot3_msgs/cmake/turtlebot3_msgs__rosidl_typesupport_cExport.cmake
[17.577s] -- Installing: /home/hassan/ros-tuts/partrolbot_ws/install/turtlebot3_msgs/share/turtlebot3_msgs/cmake/turtlebot3_msgs__rosidl_typesupport_cExport-noconfig.cmake
[17.577s] -- Installing: /home/hassan/ros-tuts/partrolbot_ws/install/turtlebot3_msgs/share/turtlebot3_msgs/cmake/turtlebot3_msgs__rosidl_typesupport_introspection_cppExport.cmake
[17.577s] -- Installing: /home/hassan/ros-tuts/partrolbot_ws/install/turtlebot3_msgs/share/turtlebot3_msgs/cmake/turtlebot3_msgs__rosidl_typesupport_introspection_cppExport-noconfig.cmake
[17.577s] -- Installing: /home/hassan/ros-tuts/partrolbot_ws/install/turtlebot3_msgs/share/turtlebot3_msgs/cmake/turtlebot3_msgs__rosidl_typesupport_cppExport.cmake
[17.579s] -- Installing: /home/hassan/ros-tuts/partrolbot_ws/install/turtlebot3_msgs/share/turtlebot3_msgs/cmake/turtlebot3_msgs__rosidl_typesupport_cppExport-noconfig.cmake
[17.579s] -- Installing: /home/hassan/ros-tuts/partrolbot_ws/install/turtlebot3_msgs/share/turtlebot3_msgs/cmake/export_turtlebot3_msgs__rosidl_generator_pyExport.cmake
[17.580s] -- Installing: /home/hassan/ros-tuts/partrolbot_ws/install/turtlebot3_msgs/share/turtlebot3_msgs/cmake/export_turtlebot3_msgs__rosidl_generator_pyExport-noconfig.cmake
[17.584s] Invoked command in '/home/hassan/ros-tuts/partrolbot_ws/build/turtlebot3_msgs' returned '0': CMAKE_PREFIX_PATH=${CMAKE_PREFIX_PATH}:/home/hassan/ros-tuts/partrolbot_ws/install/turtlebot3_teleop:/home/hassan/ros-tuts/partrolbot_ws/install/turtlebot3_example:/home/hassan/ros-tuts/partrolbot_ws/install/tb3_sim:/opt/ros/humble /usr/bin/cmake --install /home/hassan/ros-tuts/partrolbot_ws/build/turtlebot3_msgs
