[0.007s] Invoking command in '/home/hassaan/ros2_ws_p2/build/custom_interfaces': CMAKE_PREFIX_PATH=${CMAKE_PREFIX_PATH}:/home/hassaan/ros2_ws/install/talker_listener:/opt/ros/jazzy DEBUGINFOD_URLS=https://debuginfod.ubuntu.com /usr/bin/cmake /home/hassaan/ros2_ws_p2/src/custom_interfaces -DCMAKE_INSTALL_PREFIX=/home/hassaan/ros2_ws_p2/install/custom_interfaces
[0.085s] -- The C compiler identification is GNU 13.2.0
[0.190s] -- The CXX compiler identification is GNU 13.2.0
[0.206s] -- Detecting C compiler ABI info
[0.275s] -- Detecting C compiler ABI info - done
[0.282s] -- Check for working C compiler: /usr/bin/cc - skipped
[0.282s] -- Detecting C compile features
[0.283s] -- Detecting C compile features - done
[0.290s] -- Detecting CXX compiler ABI info
[0.365s] -- Detecting CXX compiler ABI info - done
[0.372s] -- Check for working CXX compiler: /usr/bin/c++ - skipped
[0.373s] -- Detecting CXX compile features
[0.373s] -- Detecting CXX compile features - done
[0.378s] -- Found ament_cmake: 2.5.2 (/opt/ros/jazzy/share/ament_cmake/cmake)
[0.493s] -- Found Python3: /usr/bin/python3 (found version "3.12.3") found components: Interpreter 
[0.582s] -- Found rosidl_default_generators: 1.6.0 (/opt/ros/jazzy/share/rosidl_default_generators/cmake)
[0.588s] -- Using all available rosidl_typesupport_c: rosidl_typesupport_fastrtps_c;rosidl_typesupport_introspection_c
[0.635s] -- Using all available rosidl_typesupport_cpp: rosidl_typesupport_fastrtps_cpp;rosidl_typesupport_introspection_cpp
[0.672s] -- Found rosidl_adapter: 4.6.4 (/opt/ros/jazzy/share/rosidl_adapter/cmake)
[0.887s] [31mCMake Error at /opt/ros/jazzy/share/rosidl_adapter/cmake/rosidl_adapt_interfaces.cmake:57 (message):
[0.887s]   execute_process(/usr/bin/python3 -m rosidl_adapter --package-name
[0.887s]   custom_interfaces --arguments-file
[0.887s]   /home/hassaan/ros2_ws_p2/build/custom_interfaces/rosidl_adapter__arguments__custom_interfaces.json
[0.887s]   --output-dir
[0.887s]   /home/hassaan/ros2_ws_p2/build/custom_interfaces/rosidl_adapter/custom_interfaces
[0.887s]   --output-file
[0.887s]   /home/hassaan/ros2_ws_p2/build/custom_interfaces/rosidl_adapter/custom_interfaces.idls)
[0.887s]   returned error code 1:
[0.888s] 
[0.888s]   Traceback (most recent call last):
[0.888s] 
[0.888s]     File "<frozen runpy>", line 198, in _run_module_as_main
[0.888s]     File "<frozen runpy>", line 88, in _run_code
[0.888s]     File "/opt/ros/jazzy/lib/python3.12/site-packages/rosidl_adapter/__main__.py", line 19, in <module>
[0.888s]       sys.exit(main())
[0.888s]                ^^^^^^
[0.888s]     File "/opt/ros/jazzy/lib/python3.12/site-packages/rosidl_adapter/main.py", line 53, in main
[0.888s]       abs_idl_file = convert_to_idl(
[0.888s]                      ^^^^^^^^^^^^^^^
[0.888s]     File "/opt/ros/jazzy/lib/python3.12/site-packages/rosidl_adapter/__init__.py", line 24, in convert_to_idl
[0.888s]       return convert_srv_to_idl(
[0.888s]              ^^^^^^^^^^^^^^^^^^^
[0.889s]     File "/opt/ros/jazzy/lib/python3.12/site-packages/rosidl_adapter/srv/__init__.py", line 28, in convert_srv_to_idl
[0.889s]       srv = parse_service_string(package_name, input_file.stem, content)
[0.889s]             ^^^^^^^^^^^^^^^^^^^^^^^^^^^^^^^^^^^^^^^^^^^^^^^^^^^^^^^^^^^^
[0.889s]     File "/opt/ros/jazzy/lib/python3.12/site-packages/rosidl_adapter/parser.py", line 851, in parse_service_string
[0.889s]       raise InvalidServiceSpecification(
[0.889s] 
[0.889s]   rosidl_adapter.parser.InvalidServiceSpecification: Could not find separator
[0.889s]   '---' between request and response
[0.889s] 
[0.889s] Call Stack (most recent call first):
[0.889s]   /opt/ros/jazzy/share/rosidl_cmake/cmake/rosidl_generate_interfaces.cmake:132 (rosidl_adapt_interfaces)
[0.889s]   CMakeLists.txt:16 (rosidl_generate_interfaces)
[0.889s] 
[0.889s] [0m
[0.889s] -- Configuring incomplete, errors occurred!
[0.892s] Invoked command in '/home/hassaan/ros2_ws_p2/build/custom_interfaces' returned '1': CMAKE_PREFIX_PATH=${CMAKE_PREFIX_PATH}:/home/hassaan/ros2_ws/install/talker_listener:/opt/ros/jazzy DEBUGINFOD_URLS=https://debuginfod.ubuntu.com /usr/bin/cmake /home/hassaan/ros2_ws_p2/src/custom_interfaces -DCMAKE_INSTALL_PREFIX=/home/hassaan/ros2_ws_p2/install/custom_interfaces
