[0.061s] Invoking command in '/home/hassan/ros-tuts/patrol_ws/build/turtlebot3_node': AMENT_PREFIX_PATH=/home/hassan/ros-tuts/patrol_ws/install/turtlebot3_msgs:/home/hassan/ros-tuts/patrol_ws/install/dynamixel_sdk:${AMENT_PREFIX_PATH} CMAKE_PREFIX_PATH=/home/hassan/ros-tuts/patrol_ws/install/turtlebot3_msgs:/home/hassan/ros-tuts/patrol_ws/install/dynamixel_sdk:/home/hassan/rosbot_ws/install/ros_bot:/opt/ros/humble LD_LIBRARY_PATH=/home/hassan/ros-tuts/patrol_ws/install/turtlebot3_msgs/lib:/home/hassan/ros-tuts/patrol_ws/install/dynamixel_sdk/lib:${LD_LIBRARY_PATH} PYTHONPATH=/home/hassan/ros-tuts/patrol_ws/install/turtlebot3_msgs/local/lib/python3.10/dist-packages:${PYTHONPATH} /usr/bin/cmake /home/hassan/ros-tuts/patrol_ws/src/turtlebot3/turtlebot3/turtlebot3_node -DCMAKE_INSTALL_PREFIX=/home/hassan/ros-tuts/patrol_ws/install/turtlebot3_node
[0.105s] -- Found ament_cmake: 1.3.10 (/opt/ros/humble/share/ament_cmake/cmake)
[0.417s] -- Override CMake install command with custom implementation using symlinks instead of copying resources
[0.438s] -- Found dynamixel_sdk: 3.7.60 (/home/hassan/ros-tuts/patrol_ws/install/dynamixel_sdk/share/dynamixel_sdk/cmake)
[0.441s] -- Found geometry_msgs: 4.2.4 (/opt/ros/humble/share/geometry_msgs/cmake)
[0.514s] -- Found rosidl_generator_c: 3.1.5 (/opt/ros/humble/share/rosidl_generator_c/cmake)
[0.523s] -- Found rosidl_adapter: 3.1.5 (/opt/ros/humble/share/rosidl_adapter/cmake)
[0.541s] -- Found rosidl_generator_cpp: 3.1.5 (/opt/ros/humble/share/rosidl_generator_cpp/cmake)
[0.571s] -- Using all available rosidl_typesupport_c: rosidl_typesupport_fastrtps_c;rosidl_typesupport_introspection_c
[0.595s] -- Using all available rosidl_typesupport_cpp: rosidl_typesupport_fastrtps_cpp;rosidl_typesupport_introspection_cpp
[0.665s] -- Found message_filters: 4.3.5 (/opt/ros/humble/share/message_filters/cmake)
[0.716s] -- Found rmw_implementation_cmake: 6.1.2 (/opt/ros/humble/share/rmw_implementation_cmake/cmake)
[0.719s] -- Found rmw_fastrtps_cpp: 6.2.7 (/opt/ros/humble/share/rmw_fastrtps_cpp/cmake)
[0.921s] -- Using RMW implementation 'rmw_fastrtps_cpp' as default
[1.051s] -- Found nav_msgs: 4.2.4 (/opt/ros/humble/share/nav_msgs/cmake)
[1.104s] -- Found sensor_msgs: 4.2.4 (/opt/ros/humble/share/sensor_msgs/cmake)
[1.160s] -- Found std_srvs: 4.2.4 (/opt/ros/humble/share/std_srvs/cmake)
[1.194s] -- Found tf2: 0.25.8 (/opt/ros/humble/share/tf2/cmake)
[1.206s] -- Found tf2_ros: 0.25.8 (/opt/ros/humble/share/tf2_ros/cmake)
[1.386s] -- Found turtlebot3_msgs: 2.2.3 (/home/hassan/ros-tuts/patrol_ws/install/turtlebot3_msgs/share/turtlebot3_msgs/cmake)
[1.572s] -- Configuring done
[1.631s] -- Generating done
[1.636s] -- Build files have been written to: /home/hassan/ros-tuts/patrol_ws/build/turtlebot3_node
[1.656s] Invoked command in '/home/hassan/ros-tuts/patrol_ws/build/turtlebot3_node' returned '0': AMENT_PREFIX_PATH=/home/hassan/ros-tuts/patrol_ws/install/turtlebot3_msgs:/home/hassan/ros-tuts/patrol_ws/install/dynamixel_sdk:${AMENT_PREFIX_PATH} CMAKE_PREFIX_PATH=/home/hassan/ros-tuts/patrol_ws/install/turtlebot3_msgs:/home/hassan/ros-tuts/patrol_ws/install/dynamixel_sdk:/home/hassan/rosbot_ws/install/ros_bot:/opt/ros/humble LD_LIBRARY_PATH=/home/hassan/ros-tuts/patrol_ws/install/turtlebot3_msgs/lib:/home/hassan/ros-tuts/patrol_ws/install/dynamixel_sdk/lib:${LD_LIBRARY_PATH} PYTHONPATH=/home/hassan/ros-tuts/patrol_ws/install/turtlebot3_msgs/local/lib/python3.10/dist-packages:${PYTHONPATH} /usr/bin/cmake /home/hassan/ros-tuts/patrol_ws/src/turtlebot3/turtlebot3/turtlebot3_node -DCMAKE_INSTALL_PREFIX=/home/hassan/ros-tuts/patrol_ws/install/turtlebot3_node
[1.660s] Invoking command in '/home/hassan/ros-tuts/patrol_ws/build/turtlebot3_node': AMENT_PREFIX_PATH=/home/hassan/ros-tuts/patrol_ws/install/turtlebot3_msgs:/home/hassan/ros-tuts/patrol_ws/install/dynamixel_sdk:${AMENT_PREFIX_PATH} CMAKE_PREFIX_PATH=/home/hassan/ros-tuts/patrol_ws/install/turtlebot3_msgs:/home/hassan/ros-tuts/patrol_ws/install/dynamixel_sdk:/home/hassan/rosbot_ws/install/ros_bot:/opt/ros/humble LD_LIBRARY_PATH=/home/hassan/ros-tuts/patrol_ws/install/turtlebot3_msgs/lib:/home/hassan/ros-tuts/patrol_ws/install/dynamixel_sdk/lib:${LD_LIBRARY_PATH} PYTHONPATH=/home/hassan/ros-tuts/patrol_ws/install/turtlebot3_msgs/local/lib/python3.10/dist-packages:${PYTHONPATH} /usr/bin/cmake --build /home/hassan/ros-tuts/patrol_ws/build/turtlebot3_node -- -j8 -l8
[1.762s] [35m[1mConsolidate compiler generated dependencies of target turtlebot3_node_lib[0m
[1.829s] [ 85%] Built target turtlebot3_node_lib
[1.848s] [35m[1mConsolidate compiler generated dependencies of target turtlebot3_ros[0m
[1.879s] [100%] Built target turtlebot3_ros
[1.899s] Invoked command in '/home/hassan/ros-tuts/patrol_ws/build/turtlebot3_node' returned '0': AMENT_PREFIX_PATH=/home/hassan/ros-tuts/patrol_ws/install/turtlebot3_msgs:/home/hassan/ros-tuts/patrol_ws/install/dynamixel_sdk:${AMENT_PREFIX_PATH} CMAKE_PREFIX_PATH=/home/hassan/ros-tuts/patrol_ws/install/turtlebot3_msgs:/home/hassan/ros-tuts/patrol_ws/install/dynamixel_sdk:/home/hassan/rosbot_ws/install/ros_bot:/opt/ros/humble LD_LIBRARY_PATH=/home/hassan/ros-tuts/patrol_ws/install/turtlebot3_msgs/lib:/home/hassan/ros-tuts/patrol_ws/install/dynamixel_sdk/lib:${LD_LIBRARY_PATH} PYTHONPATH=/home/hassan/ros-tuts/patrol_ws/install/turtlebot3_msgs/local/lib/python3.10/dist-packages:${PYTHONPATH} /usr/bin/cmake --build /home/hassan/ros-tuts/patrol_ws/build/turtlebot3_node -- -j8 -l8
[1.988s] Invoking command in '/home/hassan/ros-tuts/patrol_ws/build/turtlebot3_node': AMENT_PREFIX_PATH=/home/hassan/ros-tuts/patrol_ws/install/turtlebot3_msgs:/home/hassan/ros-tuts/patrol_ws/install/dynamixel_sdk:${AMENT_PREFIX_PATH} CMAKE_PREFIX_PATH=/home/hassan/ros-tuts/patrol_ws/install/turtlebot3_msgs:/home/hassan/ros-tuts/patrol_ws/install/dynamixel_sdk:/home/hassan/rosbot_ws/install/ros_bot:/opt/ros/humble LD_LIBRARY_PATH=/home/hassan/ros-tuts/patrol_ws/install/turtlebot3_msgs/lib:/home/hassan/ros-tuts/patrol_ws/install/dynamixel_sdk/lib:${LD_LIBRARY_PATH} PYTHONPATH=/home/hassan/ros-tuts/patrol_ws/install/turtlebot3_msgs/local/lib/python3.10/dist-packages:${PYTHONPATH} /usr/bin/cmake --install /home/hassan/ros-tuts/patrol_ws/build/turtlebot3_node
[2.002s] -- Install configuration: ""
[2.003s] -- Execute custom install script
[2.003s] -- Up-to-date symlink: /home/hassan/ros-tuts/patrol_ws/install/turtlebot3_node/share/turtlebot3_node/param/burger.yaml
[2.004s] -- Up-to-date symlink: /home/hassan/ros-tuts/patrol_ws/install/turtlebot3_node/share/turtlebot3_node/param/waffle.yaml
[2.004s] -- Up-to-date symlink: /home/hassan/ros-tuts/patrol_ws/install/turtlebot3_node/share/turtlebot3_node/param/waffle_pi.yaml
[2.004s] -- Up-to-date symlink: /home/hassan/ros-tuts/patrol_ws/install/turtlebot3_node/lib/turtlebot3_node/turtlebot3_ros
[2.004s] -- Up-to-date symlink: /home/hassan/ros-tuts/patrol_ws/install/turtlebot3_node/share/ament_index/resource_index/package_run_dependencies/turtlebot3_node
[2.005s] -- Up-to-date symlink: /home/hassan/ros-tuts/patrol_ws/install/turtlebot3_node/share/ament_index/resource_index/parent_prefix_path/turtlebot3_node
[2.005s] -- Up-to-date symlink: /home/hassan/ros-tuts/patrol_ws/install/turtlebot3_node/share/turtlebot3_node/environment/ament_prefix_path.sh
[2.005s] -- Up-to-date symlink: /home/hassan/ros-tuts/patrol_ws/install/turtlebot3_node/share/turtlebot3_node/environment/ament_prefix_path.dsv
[2.006s] -- Up-to-date symlink: /home/hassan/ros-tuts/patrol_ws/install/turtlebot3_node/share/turtlebot3_node/environment/path.sh
[2.006s] -- Up-to-date symlink: /home/hassan/ros-tuts/patrol_ws/install/turtlebot3_node/share/turtlebot3_node/environment/path.dsv
[2.006s] -- Up-to-date symlink: /home/hassan/ros-tuts/patrol_ws/install/turtlebot3_node/share/turtlebot3_node/local_setup.bash
[2.006s] -- Up-to-date symlink: /home/hassan/ros-tuts/patrol_ws/install/turtlebot3_node/share/turtlebot3_node/local_setup.sh
[2.007s] -- Up-to-date symlink: /home/hassan/ros-tuts/patrol_ws/install/turtlebot3_node/share/turtlebot3_node/local_setup.zsh
[2.007s] -- Up-to-date symlink: /home/hassan/ros-tuts/patrol_ws/install/turtlebot3_node/share/turtlebot3_node/local_setup.dsv
[2.007s] -- Symlinking: /home/hassan/ros-tuts/patrol_ws/install/turtlebot3_node/share/turtlebot3_node/package.dsv
[2.022s] -- Up-to-date symlink: /home/hassan/ros-tuts/patrol_ws/install/turtlebot3_node/share/ament_index/resource_index/packages/turtlebot3_node
[2.023s] -- Up-to-date symlink: /home/hassan/ros-tuts/patrol_ws/install/turtlebot3_node/share/turtlebot3_node/cmake/ament_cmake_export_include_directories-extras.cmake
[2.023s] -- Up-to-date symlink: /home/hassan/ros-tuts/patrol_ws/install/turtlebot3_node/share/turtlebot3_node/cmake/turtlebot3_nodeConfig.cmake
[2.023s] -- Up-to-date symlink: /home/hassan/ros-tuts/patrol_ws/install/turtlebot3_node/share/turtlebot3_node/cmake/turtlebot3_nodeConfig-version.cmake
[2.023s] -- Up-to-date symlink: /home/hassan/ros-tuts/patrol_ws/install/turtlebot3_node/share/turtlebot3_node/package.xml
[2.027s] Invoked command in '/home/hassan/ros-tuts/patrol_ws/build/turtlebot3_node' returned '0': AMENT_PREFIX_PATH=/home/hassan/ros-tuts/patrol_ws/install/turtlebot3_msgs:/home/hassan/ros-tuts/patrol_ws/install/dynamixel_sdk:${AMENT_PREFIX_PATH} CMAKE_PREFIX_PATH=/home/hassan/ros-tuts/patrol_ws/install/turtlebot3_msgs:/home/hassan/ros-tuts/patrol_ws/install/dynamixel_sdk:/home/hassan/rosbot_ws/install/ros_bot:/opt/ros/humble LD_LIBRARY_PATH=/home/hassan/ros-tuts/patrol_ws/install/turtlebot3_msgs/lib:/home/hassan/ros-tuts/patrol_ws/install/dynamixel_sdk/lib:${LD_LIBRARY_PATH} PYTHONPATH=/home/hassan/ros-tuts/patrol_ws/install/turtlebot3_msgs/local/lib/python3.10/dist-packages:${PYTHONPATH} /usr/bin/cmake --install /home/hassan/ros-tuts/patrol_ws/build/turtlebot3_node
