[0.089s] Invoking command in '/home/hassan/ros-tuts/partrolbot_ws/build/turtlebot3_navigation2': CMAKE_PREFIX_PATH=${CMAKE_PREFIX_PATH}:/opt/ros/humble /usr/bin/cmake --build /home/hassan/ros-tuts/partrolbot_ws/build/turtlebot3_navigation2 -- -j8 -l8
[0.271s] Invoked command in '/home/hassan/ros-tuts/partrolbot_ws/build/turtlebot3_navigation2' returned '0': CMAKE_PREFIX_PATH=${CMAKE_PREFIX_PATH}:/opt/ros/humble /usr/bin/cmake --build /home/hassan/ros-tuts/partrolbot_ws/build/turtlebot3_navigation2 -- -j8 -l8
[0.429s] Invoking command in '/home/hassan/ros-tuts/partrolbot_ws/build/turtlebot3_navigation2': CMAKE_PREFIX_PATH=${CMAKE_PREFIX_PATH}:/opt/ros/humble /usr/bin/cmake --install /home/hassan/ros-tuts/partrolbot_ws/build/turtlebot3_navigation2
[0.449s] -- Install configuration: ""
[0.460s] -- Execute custom install script
[0.476s] -- Up-to-date symlink: /home/hassan/ros-tuts/partrolbot_ws/install/turtlebot3_navigation2/share/turtlebot3_navigation2/launch/navigation2.launch.py
[0.476s] -- Up-to-date symlink: /home/hassan/ros-tuts/partrolbot_ws/install/turtlebot3_navigation2/share/turtlebot3_navigation2/map/map.pgm
[0.476s] -- Up-to-date symlink: /home/hassan/ros-tuts/partrolbot_ws/install/turtlebot3_navigation2/share/turtlebot3_navigation2/map/map.yaml
[0.481s] -- Up-to-date symlink: /home/hassan/ros-tuts/partrolbot_ws/install/turtlebot3_navigation2/share/turtlebot3_navigation2/param/burger.yaml
[0.485s] -- Up-to-date symlink: /home/hassan/ros-tuts/partrolbot_ws/install/turtlebot3_navigation2/share/turtlebot3_navigation2/param/waffle.yaml
[0.486s] -- Up-to-date symlink: /home/hassan/ros-tuts/partrolbot_ws/install/turtlebot3_navigation2/share/turtlebot3_navigation2/param/waffle_pi.yaml
[0.487s] -- Up-to-date symlink: /home/hassan/ros-tuts/partrolbot_ws/install/turtlebot3_navigation2/share/turtlebot3_navigation2/rviz/tb3_navigation2.rviz
[0.488s] -- Up-to-date symlink: /home/hassan/ros-tuts/partrolbot_ws/install/turtlebot3_navigation2/share/ament_index/resource_index/package_run_dependencies/turtlebot3_navigation2
[0.488s] -- Up-to-date symlink: /home/hassan/ros-tuts/partrolbot_ws/install/turtlebot3_navigation2/share/ament_index/resource_index/parent_prefix_path/turtlebot3_navigation2
[0.492s] -- Up-to-date symlink: /home/hassan/ros-tuts/partrolbot_ws/install/turtlebot3_navigation2/share/turtlebot3_navigation2/environment/ament_prefix_path.sh
[0.495s] -- Up-to-date symlink: /home/hassan/ros-tuts/partrolbot_ws/install/turtlebot3_navigation2/share/turtlebot3_navigation2/environment/ament_prefix_path.dsv
[0.496s] -- Up-to-date symlink: /home/hassan/ros-tuts/partrolbot_ws/install/turtlebot3_navigation2/share/turtlebot3_navigation2/environment/path.sh
[0.496s] -- Up-to-date symlink: /home/hassan/ros-tuts/partrolbot_ws/install/turtlebot3_navigation2/share/turtlebot3_navigation2/environment/path.dsv
[0.496s] -- Up-to-date symlink: /home/hassan/ros-tuts/partrolbot_ws/install/turtlebot3_navigation2/share/turtlebot3_navigation2/local_setup.bash
[0.497s] -- Up-to-date symlink: /home/hassan/ros-tuts/partrolbot_ws/install/turtlebot3_navigation2/share/turtlebot3_navigation2/local_setup.sh
[0.500s] -- Up-to-date symlink: /home/hassan/ros-tuts/partrolbot_ws/install/turtlebot3_navigation2/share/turtlebot3_navigation2/local_setup.zsh
[0.500s] -- Up-to-date symlink: /home/hassan/ros-tuts/partrolbot_ws/install/turtlebot3_navigation2/share/turtlebot3_navigation2/local_setup.dsv
[0.500s] -- Symlinking: /home/hassan/ros-tuts/partrolbot_ws/install/turtlebot3_navigation2/share/turtlebot3_navigation2/package.dsv
[0.559s] -- Up-to-date symlink: /home/hassan/ros-tuts/partrolbot_ws/install/turtlebot3_navigation2/share/ament_index/resource_index/packages/turtlebot3_navigation2
[0.565s] -- Up-to-date symlink: /home/hassan/ros-tuts/partrolbot_ws/install/turtlebot3_navigation2/share/turtlebot3_navigation2/cmake/turtlebot3_navigation2Config.cmake
[0.569s] -- Up-to-date symlink: /home/hassan/ros-tuts/partrolbot_ws/install/turtlebot3_navigation2/share/turtlebot3_navigation2/cmake/turtlebot3_navigation2Config-version.cmake
[0.569s] -- Up-to-date symlink: /home/hassan/ros-tuts/partrolbot_ws/install/turtlebot3_navigation2/share/turtlebot3_navigation2/package.xml
[0.678s] Invoked command in '/home/hassan/ros-tuts/partrolbot_ws/build/turtlebot3_navigation2' returned '0': CMAKE_PREFIX_PATH=${CMAKE_PREFIX_PATH}:/opt/ros/humble /usr/bin/cmake --install /home/hassan/ros-tuts/partrolbot_ws/build/turtlebot3_navigation2
